mode: set
github.com/eislab-cps/synctree/pkg/crdt/delta.go:65.46,76.2 3 1
github.com/eislab-cps/synctree/pkg/crdt/delta.go:80.57,84.37 2 1
github.com/eislab-cps/synctree/pkg/crdt/delta.go:84.37,86.3 1 1
github.com/eislab-cps/synctree/pkg/crdt/delta.go:90.102,94.32 2 1
github.com/eislab-cps/synctree/pkg/crdt/delta.go:94.32,95.50 1 1
github.com/eislab-cps/synctree/pkg/crdt/delta.go:95.50,97.4 1 1
github.com/eislab-cps/synctree/pkg/crdt/delta.go:101.2,108.3 2 1
github.com/eislab-cps/synctree/pkg/crdt/delta.go:112.53,114.38 1 1
github.com/eislab-cps/synctree/pkg/crdt/delta.go:114.38,115.47 1 1
github.com/eislab-cps/synctree/pkg/crdt/delta.go:115.47,117.4 1 1
github.com/eislab-cps/synctree/pkg/crdt/delta.go:120.2,120.12 1 1
github.com/eislab-cps/synctree/pkg/crdt/delta.go:124.62,125.17 1 1
github.com/eislab-cps/synctree/pkg/crdt/delta.go:126.20,128.32 1 1
github.com/eislab-cps/synctree/pkg/crdt/delta.go:129.20,131.32 1 1
github.com/eislab-cps/synctree/pkg/crdt/delta.go:132.20,134.32 1 1
github.com/eislab-cps/synctree/pkg/crdt/delta.go:135.17,137.29 1 1
github.com/eislab-cps/synctree/pkg/crdt/delta.go:138.20,140.32 1 1
github.com/eislab-cps/synctree/pkg/crdt/delta.go:141.20,143.32 1 1
github.com/eislab-cps/synctree/pkg/crdt/delta.go:144.21,146.33 1 1
github.com/eislab-cps/synctree/pkg/crdt/delta.go:147.10,148.59 1 1
github.com/eislab-cps/synctree/pkg/crdt/delta.go:153.63,155.51 1 1
github.com/eislab-cps/synctree/pkg/crdt/delta.go:155.51,157.3 1 0
github.com/eislab-cps/synctree/pkg/crdt/delta.go:160.2,170.46 2 1
github.com/eislab-cps/synctree/pkg/crdt/delta.go:170.46,171.49 1 1
github.com/eislab-cps/synctree/pkg/crdt/delta.go:171.49,173.4 1 1
github.com/eislab-cps/synctree/pkg/crdt/delta.go:174.3,174.53 1 1
github.com/eislab-cps/synctree/pkg/crdt/delta.go:174.53,176.4 1 1
github.com/eislab-cps/synctree/pkg/crdt/delta.go:177.3,177.57 1 1
github.com/eislab-cps/synctree/pkg/crdt/delta.go:177.57,179.4 1 1
github.com/eislab-cps/synctree/pkg/crdt/delta.go:182.2,183.12 2 1
github.com/eislab-cps/synctree/pkg/crdt/delta.go:186.63,188.13 2 1
github.com/eislab-cps/synctree/pkg/crdt/delta.go:188.13,190.3 1 0
github.com/eislab-cps/synctree/pkg/crdt/delta.go:193.2,193.46 1 1
github.com/eislab-cps/synctree/pkg/crdt/delta.go:193.46,195.51 1 1
github.com/eislab-cps/synctree/pkg/crdt/delta.go:195.51,197.4 1 1
github.com/eislab-cps/synctree/pkg/crdt/delta.go:200.2,200.12 1 1
github.com/eislab-cps/synctree/pkg/crdt/delta.go:203.63,205.13 2 1
github.com/eislab-cps/synctree/pkg/crdt/delta.go:205.13,207.3 1 0
github.com/eislab-cps/synctree/pkg/crdt/delta.go:209.2,211.12 3 1
github.com/eislab-cps/synctree/pkg/crdt/delta.go:214.60,215.24 1 1
github.com/eislab-cps/synctree/pkg/crdt/delta.go:215.24,217.3 1 1
github.com/eislab-cps/synctree/pkg/crdt/delta.go:219.2,220.13 2 1
github.com/eislab-cps/synctree/pkg/crdt/delta.go:220.13,222.3 1 1
github.com/eislab-cps/synctree/pkg/crdt/delta.go:225.2,235.12 4 1
github.com/eislab-cps/synctree/pkg/crdt/delta.go:238.63,239.24 1 1
github.com/eislab-cps/synctree/pkg/crdt/delta.go:239.24,241.3 1 1
github.com/eislab-cps/synctree/pkg/crdt/delta.go:243.2,244.13 2 1
github.com/eislab-cps/synctree/pkg/crdt/delta.go:244.13,246.3 1 0
github.com/eislab-cps/synctree/pkg/crdt/delta.go:249.2,250.38 2 1
github.com/eislab-cps/synctree/pkg/crdt/delta.go:250.38,251.38 1 1
github.com/eislab-cps/synctree/pkg/crdt/delta.go:251.38,253.4 1 1
github.com/eislab-cps/synctree/pkg/crdt/delta.go:256.2,259.12 3 1
github.com/eislab-cps/synctree/pkg/crdt/delta.go:262.63,264.13 2 1
github.com/eislab-cps/synctree/pkg/crdt/delta.go:264.13,266.3 1 1
github.com/eislab-cps/synctree/pkg/crdt/delta.go:269.2,278.84 2 1
github.com/eislab-cps/synctree/pkg/crdt/delta.go:278.84,283.3 4 1
github.com/eislab-cps/synctree/pkg/crdt/delta.go:285.2,285.12 1 1
github.com/eislab-cps/synctree/pkg/crdt/delta.go:288.64,290.13 2 1
github.com/eislab-cps/synctree/pkg/crdt/delta.go:290.13,292.3 1 0
github.com/eislab-cps/synctree/pkg/crdt/delta.go:294.2,295.12 2 1
github.com/eislab-cps/synctree/pkg/crdt/delta.go:299.61,303.31 2 1
github.com/eislab-cps/synctree/pkg/crdt/delta.go:303.31,305.3 1 1
github.com/eislab-cps/synctree/pkg/crdt/delta.go:307.2,307.14 1 1
github.com/eislab-cps/synctree/pkg/crdt/delta.go:311.63,313.35 1 1
github.com/eislab-cps/synctree/pkg/crdt/delta.go:313.35,315.3 1 1
github.com/eislab-cps/synctree/pkg/crdt/delta.go:318.2,319.19 2 1
github.com/eislab-cps/synctree/pkg/crdt/delta.go:319.19,321.3 1 1
github.com/eislab-cps/synctree/pkg/crdt/delta.go:322.2,322.19 1 1
github.com/eislab-cps/synctree/pkg/crdt/delta.go:322.19,324.3 1 1
github.com/eislab-cps/synctree/pkg/crdt/delta.go:326.2,326.22 1 1
github.com/eislab-cps/synctree/pkg/crdt/delta.go:326.22,329.11 3 1
github.com/eislab-cps/synctree/pkg/crdt/delta.go:329.11,331.4 1 1
github.com/eislab-cps/synctree/pkg/crdt/delta.go:332.3,332.11 1 1
github.com/eislab-cps/synctree/pkg/crdt/delta.go:332.11,334.4 1 1
github.com/eislab-cps/synctree/pkg/crdt/delta.go:335.3,335.14 1 1
github.com/eislab-cps/synctree/pkg/crdt/delta.go:335.14,337.4 1 1
github.com/eislab-cps/synctree/pkg/crdt/delta.go:339.2,339.13 1 1
github.com/eislab-cps/synctree/pkg/crdt/delta.go:342.71,344.2 1 1
github.com/eislab-cps/synctree/pkg/crdt/delta.go:347.42,349.2 1 0
github.com/eislab-cps/synctree/pkg/crdt/delta.go:351.45,353.2 1 0
github.com/eislab-cps/synctree/pkg/crdt/json_pointer.go:9.66,10.17 1 1
github.com/eislab-cps/synctree/pkg/crdt/json_pointer.go:10.17,11.29 1 1
github.com/eislab-cps/synctree/pkg/crdt/json_pointer.go:11.29,13.4 1 1
github.com/eislab-cps/synctree/pkg/crdt/json_pointer.go:13.9,13.36 1 0
github.com/eislab-cps/synctree/pkg/crdt/json_pointer.go:13.36,16.15 3 0
github.com/eislab-cps/synctree/pkg/crdt/json_pointer.go:16.15,18.5 1 0
github.com/eislab-cps/synctree/pkg/crdt/json_pointer.go:19.4,19.21 1 0
github.com/eislab-cps/synctree/pkg/crdt/json_pointer.go:23.2,23.35 1 1
github.com/eislab-cps/synctree/pkg/crdt/json_pointer.go:23.35,25.3 1 0
github.com/eislab-cps/synctree/pkg/crdt/json_pointer.go:27.2,28.21 2 1
github.com/eislab-cps/synctree/pkg/crdt/json_pointer.go:28.21,30.3 1 0
github.com/eislab-cps/synctree/pkg/crdt/json_pointer.go:32.2,35.45 2 1
github.com/eislab-cps/synctree/pkg/crdt/json_pointer.go:35.45,38.14 3 1
github.com/eislab-cps/synctree/pkg/crdt/json_pointer.go:38.14,40.4 1 0
github.com/eislab-cps/synctree/pkg/crdt/json_pointer.go:41.3,41.15 1 1
github.com/eislab-cps/synctree/pkg/crdt/json_pointer.go:44.2,44.29 1 1
github.com/eislab-cps/synctree/pkg/crdt/json_pointer.go:44.29,45.19 1 1
github.com/eislab-cps/synctree/pkg/crdt/json_pointer.go:45.19,47.18 2 0
github.com/eislab-cps/synctree/pkg/crdt/json_pointer.go:47.18,49.5 1 0
github.com/eislab-cps/synctree/pkg/crdt/json_pointer.go:51.4,52.40 2 0
github.com/eislab-cps/synctree/pkg/crdt/json_pointer.go:52.40,54.5 1 0
github.com/eislab-cps/synctree/pkg/crdt/json_pointer.go:56.4,58.15 3 0
github.com/eislab-cps/synctree/pkg/crdt/json_pointer.go:58.15,60.5 1 0
github.com/eislab-cps/synctree/pkg/crdt/json_pointer.go:61.4,61.16 1 0
github.com/eislab-cps/synctree/pkg/crdt/json_pointer.go:63.9,65.36 2 1
github.com/eislab-cps/synctree/pkg/crdt/json_pointer.go:65.36,66.27 1 1
github.com/eislab-cps/synctree/pkg/crdt/json_pointer.go:66.27,68.17 2 1
github.com/eislab-cps/synctree/pkg/crdt/json_pointer.go:68.17,70.7 1 0
github.com/eislab-cps/synctree/pkg/crdt/json_pointer.go:71.6,73.11 3 1
github.com/eislab-cps/synctree/pkg/crdt/json_pointer.go:76.4,76.14 1 1
github.com/eislab-cps/synctree/pkg/crdt/json_pointer.go:76.14,78.5 1 1
github.com/eislab-cps/synctree/pkg/crdt/json_pointer.go:82.2,82.18 1 1
github.com/eislab-cps/synctree/pkg/crdt/json_pointer.go:85.69,87.16 2 1
github.com/eislab-cps/synctree/pkg/crdt/json_pointer.go:87.16,89.3 1 1
github.com/eislab-cps/synctree/pkg/crdt/json_pointer.go:90.2,90.21 1 1
github.com/eislab-cps/synctree/pkg/crdt/json_pointer.go:90.21,92.3 1 0
github.com/eislab-cps/synctree/pkg/crdt/json_pointer.go:93.2,93.30 1 1
github.com/eislab-cps/synctree/pkg/crdt/json_pointer.go:93.30,95.3 1 0
github.com/eislab-cps/synctree/pkg/crdt/json_pointer.go:96.2,96.31 1 1
github.com/eislab-cps/synctree/pkg/crdt/json_pointer.go:99.70,101.16 2 1
github.com/eislab-cps/synctree/pkg/crdt/json_pointer.go:101.16,103.3 1 1
github.com/eislab-cps/synctree/pkg/crdt/json_pointer.go:104.2,104.40 1 1
github.com/eislab-cps/synctree/pkg/crdt/json_pointer.go:104.40,106.3 1 1
github.com/eislab-cps/synctree/pkg/crdt/json_pointer.go:107.2,107.67 1 0
github.com/eislab-cps/synctree/pkg/crdt/op_setliteral.go:11.92,13.56 2 1
github.com/eislab-cps/synctree/pkg/crdt/op_setliteral.go:13.56,21.3 2 0
github.com/eislab-cps/synctree/pkg/crdt/op_setliteral.go:24.2,24.19 1 1
github.com/eislab-cps/synctree/pkg/crdt/op_setliteral.go:24.19,32.3 1 1
github.com/eislab-cps/synctree/pkg/crdt/op_setliteral.go:34.2,34.17 1 1
github.com/eislab-cps/synctree/pkg/crdt/op_setliteral.go:37.100,40.28 2 1
github.com/eislab-cps/synctree/pkg/crdt/op_setliteral.go:40.28,41.21 1 1
github.com/eislab-cps/synctree/pkg/crdt/op_setliteral.go:41.21,43.4 1 1
github.com/eislab-cps/synctree/pkg/crdt/op_setliteral.go:45.2,55.12 3 1
github.com/eislab-cps/synctree/pkg/crdt/op_setliteral.go:58.65,66.85 6 1
github.com/eislab-cps/synctree/pkg/crdt/op_setliteral.go:66.85,81.23 6 1
github.com/eislab-cps/synctree/pkg/crdt/op_setliteral.go:81.23,83.4 1 1
github.com/eislab-cps/synctree/pkg/crdt/op_setliteral.go:83.10,85.4 0 1
github.com/eislab-cps/synctree/pkg/crdt/op_setliteral.go:86.8,96.3 2 0
github.com/eislab-cps/synctree/pkg/crdt/op_setliteral.go:98.2,98.12 1 1
github.com/eislab-cps/synctree/pkg/crdt/op_setliteral.go:101.104,110.56 2 1
github.com/eislab-cps/synctree/pkg/crdt/op_setliteral.go:110.56,118.3 2 0
github.com/eislab-cps/synctree/pkg/crdt/op_setliteral.go:121.2,121.19 1 1
github.com/eislab-cps/synctree/pkg/crdt/op_setliteral.go:121.19,129.3 1 1
github.com/eislab-cps/synctree/pkg/crdt/op_setliteral.go:131.2,131.12 1 1
github.com/eislab-cps/synctree/pkg/crdt/securetree_adapter.go:61.9,63.16 2 1
github.com/eislab-cps/synctree/pkg/crdt/securetree_adapter.go:63.16,65.3 1 0
github.com/eislab-cps/synctree/pkg/crdt/securetree_adapter.go:67.2,69.19 2 1
github.com/eislab-cps/synctree/pkg/crdt/securetree_adapter.go:69.19,70.57 1 1
github.com/eislab-cps/synctree/pkg/crdt/securetree_adapter.go:70.57,77.4 2 0
github.com/eislab-cps/synctree/pkg/crdt/securetree_adapter.go:80.2,81.16 2 1
github.com/eislab-cps/synctree/pkg/crdt/securetree_adapter.go:81.16,83.3 1 0
github.com/eislab-cps/synctree/pkg/crdt/securetree_adapter.go:85.2,86.16 2 1
github.com/eislab-cps/synctree/pkg/crdt/securetree_adapter.go:86.16,88.3 1 0
github.com/eislab-cps/synctree/pkg/crdt/securetree_adapter.go:90.2,90.17 1 1
github.com/eislab-cps/synctree/pkg/crdt/securetree_adapter.go:90.17,92.3 1 1
github.com/eislab-cps/synctree/pkg/crdt/securetree_adapter.go:94.2,94.12 1 1
github.com/eislab-cps/synctree/pkg/crdt/securetree_adapter.go:97.50,99.2 1 1
github.com/eislab-cps/synctree/pkg/crdt/securetree_adapter.go:101.94,102.66 1 1
github.com/eislab-cps/synctree/pkg/crdt/securetree_adapter.go:102.66,105.17 2 1
github.com/eislab-cps/synctree/pkg/crdt/securetree_adapter.go:105.17,107.4 1 0
github.com/eislab-cps/synctree/pkg/crdt/securetree_adapter.go:108.3,108.25 1 1
github.com/eislab-cps/synctree/pkg/crdt/securetree_adapter.go:111.2,112.31 2 1
github.com/eislab-cps/synctree/pkg/crdt/securetree_adapter.go:112.31,114.3 1 1
github.com/eislab-cps/synctree/pkg/crdt/securetree_adapter.go:115.2,122.17 2 1
github.com/eislab-cps/synctree/pkg/crdt/securetree_adapter.go:125.67,127.2 1 1
github.com/eislab-cps/synctree/pkg/crdt/securetree_adapter.go:129.90,132.66 2 1
github.com/eislab-cps/synctree/pkg/crdt/securetree_adapter.go:132.66,134.17 2 1
github.com/eislab-cps/synctree/pkg/crdt/securetree_adapter.go:134.17,136.4 1 0
github.com/eislab-cps/synctree/pkg/crdt/securetree_adapter.go:137.3,138.25 2 1
github.com/eislab-cps/synctree/pkg/crdt/securetree_adapter.go:141.2,148.16 2 1
github.com/eislab-cps/synctree/pkg/crdt/securetree_adapter.go:148.16,150.3 1 0
github.com/eislab-cps/synctree/pkg/crdt/securetree_adapter.go:152.2,152.60 1 1
github.com/eislab-cps/synctree/pkg/crdt/securetree_adapter.go:155.120,158.66 2 1
github.com/eislab-cps/synctree/pkg/crdt/securetree_adapter.go:158.66,161.17 2 1
github.com/eislab-cps/synctree/pkg/crdt/securetree_adapter.go:161.17,163.4 1 0
github.com/eislab-cps/synctree/pkg/crdt/securetree_adapter.go:164.3,165.25 2 1
github.com/eislab-cps/synctree/pkg/crdt/securetree_adapter.go:168.2,175.16 2 1
github.com/eislab-cps/synctree/pkg/crdt/securetree_adapter.go:175.16,177.3 1 0
github.com/eislab-cps/synctree/pkg/crdt/securetree_adapter.go:179.2,179.28 1 1
github.com/eislab-cps/synctree/pkg/crdt/securetree_adapter.go:182.85,184.16 2 0
github.com/eislab-cps/synctree/pkg/crdt/securetree_adapter.go:184.16,186.3 1 0
github.com/eislab-cps/synctree/pkg/crdt/securetree_adapter.go:187.2,187.64 1 0
github.com/eislab-cps/synctree/pkg/crdt/securetree_adapter.go:190.91,191.66 1 0
github.com/eislab-cps/synctree/pkg/crdt/securetree_adapter.go:191.66,192.66 1 0
github.com/eislab-cps/synctree/pkg/crdt/securetree_adapter.go:192.66,194.4 1 0
github.com/eislab-cps/synctree/pkg/crdt/securetree_adapter.go:195.3,195.25 1 0
github.com/eislab-cps/synctree/pkg/crdt/securetree_adapter.go:198.2,206.17 2 0
github.com/eislab-cps/synctree/pkg/crdt/securetree_adapter.go:213.55,215.16 2 1
github.com/eislab-cps/synctree/pkg/crdt/securetree_adapter.go:215.16,217.3 1 0
github.com/eislab-cps/synctree/pkg/crdt/securetree_adapter.go:219.2,227.8 6 1
github.com/eislab-cps/synctree/pkg/crdt/securetree_adapter.go:230.57,232.2 1 0
github.com/eislab-cps/synctree/pkg/crdt/securetree_adapter.go:234.154,237.66 2 0
github.com/eislab-cps/synctree/pkg/crdt/securetree_adapter.go:237.66,242.3 3 0
github.com/eislab-cps/synctree/pkg/crdt/securetree_adapter.go:244.2,252.16 2 0
github.com/eislab-cps/synctree/pkg/crdt/securetree_adapter.go:252.16,254.3 1 0
github.com/eislab-cps/synctree/pkg/crdt/securetree_adapter.go:256.2,256.60 1 0
github.com/eislab-cps/synctree/pkg/crdt/securetree_adapter.go:259.124,262.66 2 0
github.com/eislab-cps/synctree/pkg/crdt/securetree_adapter.go:262.66,267.3 3 0
github.com/eislab-cps/synctree/pkg/crdt/securetree_adapter.go:275.2,283.16 2 0
github.com/eislab-cps/synctree/pkg/crdt/securetree_adapter.go:283.16,285.3 1 0
github.com/eislab-cps/synctree/pkg/crdt/securetree_adapter.go:291.2,291.60 1 0
github.com/eislab-cps/synctree/pkg/crdt/securetree_adapter.go:294.76,296.9 2 0
github.com/eislab-cps/synctree/pkg/crdt/securetree_adapter.go:296.9,298.3 1 0
github.com/eislab-cps/synctree/pkg/crdt/securetree_adapter.go:299.2,299.53 1 0
github.com/eislab-cps/synctree/pkg/crdt/securetree_adapter.go:302.101,304.16 2 0
github.com/eislab-cps/synctree/pkg/crdt/securetree_adapter.go:304.16,306.3 1 0
github.com/eislab-cps/synctree/pkg/crdt/securetree_adapter.go:307.2,307.52 1 0
github.com/eislab-cps/synctree/pkg/crdt/securetree_adapter.go:310.82,312.2 1 1
github.com/eislab-cps/synctree/pkg/crdt/securetree_adapter.go:314.80,316.16 2 1
github.com/eislab-cps/synctree/pkg/crdt/securetree_adapter.go:316.16,318.3 1 0
github.com/eislab-cps/synctree/pkg/crdt/securetree_adapter.go:319.2,319.52 1 1
github.com/eislab-cps/synctree/pkg/crdt/securetree_adapter.go:322.83,324.2 1 1
github.com/eislab-cps/synctree/pkg/crdt/securetree_adapter.go:326.108,327.66 1 0
github.com/eislab-cps/synctree/pkg/crdt/securetree_adapter.go:327.66,330.10 2 0
github.com/eislab-cps/synctree/pkg/crdt/securetree_adapter.go:330.10,332.4 1 0
github.com/eislab-cps/synctree/pkg/crdt/securetree_adapter.go:333.3,333.71 1 0
github.com/eislab-cps/synctree/pkg/crdt/securetree_adapter.go:333.71,335.4 1 0
github.com/eislab-cps/synctree/pkg/crdt/securetree_adapter.go:336.3,336.19 1 0
github.com/eislab-cps/synctree/pkg/crdt/securetree_adapter.go:340.2,348.17 2 0
github.com/eislab-cps/synctree/pkg/crdt/securetree_adapter.go:351.97,352.66 1 0
github.com/eislab-cps/synctree/pkg/crdt/securetree_adapter.go:352.66,354.10 2 0
github.com/eislab-cps/synctree/pkg/crdt/securetree_adapter.go:354.10,356.4 1 0
github.com/eislab-cps/synctree/pkg/crdt/securetree_adapter.go:357.3,357.67 1 0
github.com/eislab-cps/synctree/pkg/crdt/securetree_adapter.go:357.67,359.4 1 0
github.com/eislab-cps/synctree/pkg/crdt/securetree_adapter.go:360.3,360.19 1 0
github.com/eislab-cps/synctree/pkg/crdt/securetree_adapter.go:363.2,371.17 2 0
github.com/eislab-cps/synctree/pkg/crdt/securetree_adapter.go:374.111,375.66 1 0
github.com/eislab-cps/synctree/pkg/crdt/securetree_adapter.go:375.66,377.10 2 0
github.com/eislab-cps/synctree/pkg/crdt/securetree_adapter.go:377.10,379.4 1 0
github.com/eislab-cps/synctree/pkg/crdt/securetree_adapter.go:380.3,380.74 1 0
github.com/eislab-cps/synctree/pkg/crdt/securetree_adapter.go:380.74,382.4 1 0
github.com/eislab-cps/synctree/pkg/crdt/securetree_adapter.go:383.3,383.19 1 0
github.com/eislab-cps/synctree/pkg/crdt/securetree_adapter.go:386.2,394.17 2 0
github.com/eislab-cps/synctree/pkg/crdt/securetree_adapter.go:397.112,398.66 1 0
github.com/eislab-cps/synctree/pkg/crdt/securetree_adapter.go:398.66,400.10 2 0
github.com/eislab-cps/synctree/pkg/crdt/securetree_adapter.go:400.10,402.4 1 0
github.com/eislab-cps/synctree/pkg/crdt/securetree_adapter.go:403.3,403.75 1 0
github.com/eislab-cps/synctree/pkg/crdt/securetree_adapter.go:403.75,405.4 1 0
github.com/eislab-cps/synctree/pkg/crdt/securetree_adapter.go:406.3,406.19 1 0
github.com/eislab-cps/synctree/pkg/crdt/securetree_adapter.go:409.2,417.17 2 0
github.com/eislab-cps/synctree/pkg/crdt/securetree_adapter.go:420.136,421.66 1 0
github.com/eislab-cps/synctree/pkg/crdt/securetree_adapter.go:421.66,423.10 2 0
github.com/eislab-cps/synctree/pkg/crdt/securetree_adapter.go:423.10,425.4 1 0
github.com/eislab-cps/synctree/pkg/crdt/securetree_adapter.go:426.3,426.87 1 0
github.com/eislab-cps/synctree/pkg/crdt/securetree_adapter.go:426.87,428.4 1 0
github.com/eislab-cps/synctree/pkg/crdt/securetree_adapter.go:429.3,429.19 1 0
github.com/eislab-cps/synctree/pkg/crdt/securetree_adapter.go:432.2,440.17 2 0
github.com/eislab-cps/synctree/pkg/crdt/securetree_adapter.go:443.137,444.66 1 0
github.com/eislab-cps/synctree/pkg/crdt/securetree_adapter.go:444.66,446.10 2 0
github.com/eislab-cps/synctree/pkg/crdt/securetree_adapter.go:446.10,448.4 1 0
github.com/eislab-cps/synctree/pkg/crdt/securetree_adapter.go:449.3,449.88 1 0
github.com/eislab-cps/synctree/pkg/crdt/securetree_adapter.go:449.88,451.4 1 0
github.com/eislab-cps/synctree/pkg/crdt/securetree_adapter.go:452.3,452.19 1 0
github.com/eislab-cps/synctree/pkg/crdt/securetree_adapter.go:455.2,463.17 2 0
github.com/eislab-cps/synctree/pkg/crdt/securetree_adapter.go:466.75,469.2 2 0
github.com/eislab-cps/synctree/pkg/crdt/securetree_adapter.go:471.96,473.16 2 1
github.com/eislab-cps/synctree/pkg/crdt/securetree_adapter.go:473.16,475.3 1 0
github.com/eislab-cps/synctree/pkg/crdt/securetree_adapter.go:476.2,476.55 1 1
github.com/eislab-cps/synctree/pkg/crdt/securetree_adapter.go:479.135,481.16 2 0
github.com/eislab-cps/synctree/pkg/crdt/securetree_adapter.go:481.16,483.3 1 0
github.com/eislab-cps/synctree/pkg/crdt/securetree_adapter.go:484.2,484.75 1 0
github.com/eislab-cps/synctree/pkg/crdt/securetree_adapter.go:487.125,489.16 2 0
github.com/eislab-cps/synctree/pkg/crdt/securetree_adapter.go:489.16,491.3 1 0
github.com/eislab-cps/synctree/pkg/crdt/securetree_adapter.go:492.2,492.72 1 0
github.com/eislab-cps/synctree/pkg/crdt/securetree_adapter.go:495.62,497.2 1 0
github.com/eislab-cps/synctree/pkg/crdt/securetree_adapter.go:499.57,501.2 1 0
github.com/eislab-cps/synctree/pkg/crdt/securetree_adapter.go:503.56,505.2 1 0
github.com/eislab-cps/synctree/pkg/crdt/securetree_adapter.go:507.61,509.16 2 0
github.com/eislab-cps/synctree/pkg/crdt/securetree_adapter.go:509.16,511.3 1 0
github.com/eislab-cps/synctree/pkg/crdt/securetree_adapter.go:512.2,512.56 1 0
github.com/eislab-cps/synctree/pkg/crdt/securetree_adapter.go:515.40,517.2 1 0
github.com/eislab-cps/synctree/pkg/crdt/securetree_adapter.go:519.52,521.2 1 0
github.com/eislab-cps/synctree/pkg/crdt/security.go:32.58,53.16 8 1
github.com/eislab-cps/synctree/pkg/crdt/security.go:53.16,55.3 1 0
github.com/eislab-cps/synctree/pkg/crdt/security.go:57.2,71.20 12 1
github.com/eislab-cps/synctree/pkg/crdt/security.go:75.69,82.2 6 1
github.com/eislab-cps/synctree/pkg/crdt/security.go:85.78,91.19 5 1
github.com/eislab-cps/synctree/pkg/crdt/security.go:91.19,93.3 1 0
github.com/eislab-cps/synctree/pkg/crdt/security.go:94.2,96.25 2 1
github.com/eislab-cps/synctree/pkg/crdt/security.go:96.25,99.17 3 0
github.com/eislab-cps/synctree/pkg/crdt/security.go:99.17,101.4 1 0
github.com/eislab-cps/synctree/pkg/crdt/security.go:102.3,106.23 5 0
github.com/eislab-cps/synctree/pkg/crdt/security.go:109.2,109.19 1 1
github.com/eislab-cps/synctree/pkg/crdt/security.go:109.19,111.3 1 0
github.com/eislab-cps/synctree/pkg/crdt/security.go:113.2,114.12 2 1
github.com/eislab-cps/synctree/pkg/crdt/security.go:117.37,119.16 2 0
github.com/eislab-cps/synctree/pkg/crdt/security.go:119.16,121.3 1 0
github.com/eislab-cps/synctree/pkg/crdt/security.go:122.2,122.23 1 0
github.com/eislab-cps/synctree/pkg/crdt/security.go:125.58,128.16 3 1
github.com/eislab-cps/synctree/pkg/crdt/security.go:128.16,134.3 2 0
github.com/eislab-cps/synctree/pkg/crdt/security.go:136.2,137.16 2 1
github.com/eislab-cps/synctree/pkg/crdt/security.go:137.16,143.3 2 0
github.com/eislab-cps/synctree/pkg/crdt/security.go:145.2,148.12 3 1
github.com/eislab-cps/synctree/pkg/crdt/security.go:151.45,153.16 2 0
github.com/eislab-cps/synctree/pkg/crdt/security.go:153.16,159.3 2 0
github.com/eislab-cps/synctree/pkg/crdt/security.go:160.2,161.16 2 0
github.com/eislab-cps/synctree/pkg/crdt/security.go:161.16,167.3 2 0
github.com/eislab-cps/synctree/pkg/crdt/security.go:169.2,170.16 2 0
github.com/eislab-cps/synctree/pkg/crdt/security.go:170.16,176.3 2 0
github.com/eislab-cps/synctree/pkg/crdt/security.go:178.2,179.16 2 0
github.com/eislab-cps/synctree/pkg/crdt/security.go:179.16,185.3 2 0
github.com/eislab-cps/synctree/pkg/crdt/security.go:186.2,186.12 1 0
github.com/eislab-cps/synctree/pkg/crdt/security.go:186.12,193.3 2 0
github.com/eislab-cps/synctree/pkg/crdt/security.go:195.2,196.16 2 0
github.com/eislab-cps/synctree/pkg/crdt/security.go:196.16,202.3 2 0
github.com/eislab-cps/synctree/pkg/crdt/security.go:204.2,204.36 1 0
github.com/eislab-cps/synctree/pkg/crdt/security.go:204.36,211.3 2 0
github.com/eislab-cps/synctree/pkg/crdt/security.go:213.2,213.25 1 0
github.com/eislab-cps/synctree/pkg/crdt/serialisation.go:19.92,21.2 1 0
github.com/eislab-cps/synctree/pkg/crdt/serialisation.go:23.101,26.2 2 1
github.com/eislab-cps/synctree/pkg/crdt/serialisation.go:28.131,29.20 1 0
github.com/eislab-cps/synctree/pkg/crdt/serialisation.go:29.20,30.20 1 0
github.com/eislab-cps/synctree/pkg/crdt/serialisation.go:30.20,32.4 1 0
github.com/eislab-cps/synctree/pkg/crdt/serialisation.go:33.3,33.23 1 0
github.com/eislab-cps/synctree/pkg/crdt/serialisation.go:35.2,36.9 2 0
github.com/eislab-cps/synctree/pkg/crdt/serialisation.go:36.9,38.3 1 0
github.com/eislab-cps/synctree/pkg/crdt/serialisation.go:40.2,40.19 1 0
github.com/eislab-cps/synctree/pkg/crdt/serialisation.go:40.19,42.3 1 0
github.com/eislab-cps/synctree/pkg/crdt/serialisation.go:44.2,44.76 1 0
github.com/eislab-cps/synctree/pkg/crdt/serialisation.go:47.140,48.20 1 0
github.com/eislab-cps/synctree/pkg/crdt/serialisation.go:48.20,49.20 1 0
github.com/eislab-cps/synctree/pkg/crdt/serialisation.go:49.20,51.4 1 0
github.com/eislab-cps/synctree/pkg/crdt/serialisation.go:52.3,52.23 1 0
github.com/eislab-cps/synctree/pkg/crdt/serialisation.go:54.2,55.9 2 0
github.com/eislab-cps/synctree/pkg/crdt/serialisation.go:55.9,57.3 1 0
github.com/eislab-cps/synctree/pkg/crdt/serialisation.go:59.2,59.19 1 0
github.com/eislab-cps/synctree/pkg/crdt/serialisation.go:59.19,61.3 1 0
github.com/eislab-cps/synctree/pkg/crdt/serialisation.go:63.2,64.80 2 0
github.com/eislab-cps/synctree/pkg/crdt/serialisation.go:67.121,68.20 1 0
github.com/eislab-cps/synctree/pkg/crdt/serialisation.go:68.20,69.20 1 0
github.com/eislab-cps/synctree/pkg/crdt/serialisation.go:69.20,71.4 1 0
github.com/eislab-cps/synctree/pkg/crdt/serialisation.go:72.3,72.23 1 0
github.com/eislab-cps/synctree/pkg/crdt/serialisation.go:74.2,75.9 2 0
github.com/eislab-cps/synctree/pkg/crdt/serialisation.go:75.9,77.3 1 0
github.com/eislab-cps/synctree/pkg/crdt/serialisation.go:79.2,79.21 1 0
github.com/eislab-cps/synctree/pkg/crdt/serialisation.go:79.21,81.3 1 0
github.com/eislab-cps/synctree/pkg/crdt/serialisation.go:83.2,83.75 1 0
github.com/eislab-cps/synctree/pkg/crdt/serialisation.go:86.130,87.20 1 0
github.com/eislab-cps/synctree/pkg/crdt/serialisation.go:87.20,88.20 1 0
github.com/eislab-cps/synctree/pkg/crdt/serialisation.go:88.20,90.4 1 0
github.com/eislab-cps/synctree/pkg/crdt/serialisation.go:91.3,91.23 1 0
github.com/eislab-cps/synctree/pkg/crdt/serialisation.go:93.2,94.9 2 0
github.com/eislab-cps/synctree/pkg/crdt/serialisation.go:94.9,96.3 1 0
github.com/eislab-cps/synctree/pkg/crdt/serialisation.go:98.2,98.21 1 0
github.com/eislab-cps/synctree/pkg/crdt/serialisation.go:98.21,100.3 1 0
github.com/eislab-cps/synctree/pkg/crdt/serialisation.go:102.2,103.79 2 0
github.com/eislab-cps/synctree/pkg/crdt/serialisation.go:106.205,109.20 3 1
github.com/eislab-cps/synctree/pkg/crdt/serialisation.go:109.20,111.3 1 0
github.com/eislab-cps/synctree/pkg/crdt/serialisation.go:111.8,113.3 1 1
github.com/eislab-cps/synctree/pkg/crdt/serialisation.go:115.2,116.55 2 1
github.com/eislab-cps/synctree/pkg/crdt/serialisation.go:116.55,118.3 1 0
github.com/eislab-cps/synctree/pkg/crdt/serialisation.go:120.2,123.20 3 1
github.com/eislab-cps/synctree/pkg/crdt/serialisation.go:126.211,129.25 2 1
github.com/eislab-cps/synctree/pkg/crdt/serialisation.go:130.30,134.13 3 1
github.com/eislab-cps/synctree/pkg/crdt/serialisation.go:134.13,136.18 2 1
github.com/eislab-cps/synctree/pkg/crdt/serialisation.go:136.18,138.5 1 0
github.com/eislab-cps/synctree/pkg/crdt/serialisation.go:141.3,141.20 1 1
github.com/eislab-cps/synctree/pkg/crdt/serialisation.go:141.20,142.25 1 1
github.com/eislab-cps/synctree/pkg/crdt/serialisation.go:142.25,144.19 2 0
github.com/eislab-cps/synctree/pkg/crdt/serialisation.go:144.19,146.6 1 0
github.com/eislab-cps/synctree/pkg/crdt/serialisation.go:147.10,149.19 2 1
github.com/eislab-cps/synctree/pkg/crdt/serialisation.go:149.19,151.6 1 0
github.com/eislab-cps/synctree/pkg/crdt/serialisation.go:153.4,153.14 1 1
github.com/eislab-cps/synctree/pkg/crdt/serialisation.go:153.14,155.19 2 1
github.com/eislab-cps/synctree/pkg/crdt/serialisation.go:155.19,157.6 1 0
github.com/eislab-cps/synctree/pkg/crdt/serialisation.go:158.5,159.19 2 1
github.com/eislab-cps/synctree/pkg/crdt/serialisation.go:159.19,161.6 1 0
github.com/eislab-cps/synctree/pkg/crdt/serialisation.go:165.3,165.31 1 1
github.com/eislab-cps/synctree/pkg/crdt/serialisation.go:165.31,167.18 2 1
github.com/eislab-cps/synctree/pkg/crdt/serialisation.go:167.18,169.5 1 0
github.com/eislab-cps/synctree/pkg/crdt/serialisation.go:172.3,172.24 1 1
github.com/eislab-cps/synctree/pkg/crdt/serialisation.go:174.21,178.13 3 0
github.com/eislab-cps/synctree/pkg/crdt/serialisation.go:178.13,180.18 2 0
github.com/eislab-cps/synctree/pkg/crdt/serialisation.go:180.18,182.5 1 0
github.com/eislab-cps/synctree/pkg/crdt/serialisation.go:185.3,185.20 1 0
github.com/eislab-cps/synctree/pkg/crdt/serialisation.go:185.20,186.25 1 0
github.com/eislab-cps/synctree/pkg/crdt/serialisation.go:186.25,188.19 2 0
github.com/eislab-cps/synctree/pkg/crdt/serialisation.go:188.19,190.6 1 0
github.com/eislab-cps/synctree/pkg/crdt/serialisation.go:191.10,193.19 2 0
github.com/eislab-cps/synctree/pkg/crdt/serialisation.go:193.19,195.6 1 0
github.com/eislab-cps/synctree/pkg/crdt/serialisation.go:197.4,197.14 1 0
github.com/eislab-cps/synctree/pkg/crdt/serialisation.go:197.14,199.19 2 0
github.com/eislab-cps/synctree/pkg/crdt/serialisation.go:199.19,201.6 1 0
github.com/eislab-cps/synctree/pkg/crdt/serialisation.go:202.5,203.19 2 0
github.com/eislab-cps/synctree/pkg/crdt/serialisation.go:203.19,205.6 1 0
github.com/eislab-cps/synctree/pkg/crdt/serialisation.go:209.3,209.28 1 0
github.com/eislab-cps/synctree/pkg/crdt/serialisation.go:209.28,211.18 2 0
github.com/eislab-cps/synctree/pkg/crdt/serialisation.go:211.18,213.5 1 0
github.com/eislab-cps/synctree/pkg/crdt/serialisation.go:216.3,216.26 1 0
github.com/eislab-cps/synctree/pkg/crdt/serialisation.go:218.10,223.17 4 1
github.com/eislab-cps/synctree/pkg/crdt/serialisation.go:223.17,225.4 1 0
github.com/eislab-cps/synctree/pkg/crdt/serialisation.go:226.3,226.13 1 1
github.com/eislab-cps/synctree/pkg/crdt/serialisation.go:226.13,228.18 2 1
github.com/eislab-cps/synctree/pkg/crdt/serialisation.go:228.18,230.5 1 0
github.com/eislab-cps/synctree/pkg/crdt/serialisation.go:232.3,232.20 1 1
github.com/eislab-cps/synctree/pkg/crdt/serialisation.go:232.20,233.25 1 1
github.com/eislab-cps/synctree/pkg/crdt/serialisation.go:233.25,235.19 2 0
github.com/eislab-cps/synctree/pkg/crdt/serialisation.go:235.19,237.6 1 0
github.com/eislab-cps/synctree/pkg/crdt/serialisation.go:238.10,240.19 2 1
github.com/eislab-cps/synctree/pkg/crdt/serialisation.go:240.19,242.6 1 0
github.com/eislab-cps/synctree/pkg/crdt/serialisation.go:244.4,244.14 1 1
github.com/eislab-cps/synctree/pkg/crdt/serialisation.go:244.14,246.19 2 1
github.com/eislab-cps/synctree/pkg/crdt/serialisation.go:246.19,248.6 1 0
github.com/eislab-cps/synctree/pkg/crdt/serialisation.go:249.5,250.19 2 1
github.com/eislab-cps/synctree/pkg/crdt/serialisation.go:250.19,252.6 1 0
github.com/eislab-cps/synctree/pkg/crdt/serialisation.go:255.3,255.24 1 1
github.com/eislab-cps/synctree/pkg/crdt/serialisation.go:259.43,263.32 3 0
github.com/eislab-cps/synctree/pkg/crdt/serialisation.go:263.32,265.35 2 0
github.com/eislab-cps/synctree/pkg/crdt/serialisation.go:265.35,272.4 1 0
github.com/eislab-cps/synctree/pkg/crdt/serialisation.go:274.3,289.4 1 0
github.com/eislab-cps/synctree/pkg/crdt/serialisation.go:292.2,296.25 4 0
github.com/eislab-cps/synctree/pkg/crdt/serialisation.go:296.25,298.17 2 0
github.com/eislab-cps/synctree/pkg/crdt/serialisation.go:298.17,300.4 1 0
github.com/eislab-cps/synctree/pkg/crdt/serialisation.go:301.3,301.49 1 0
github.com/eislab-cps/synctree/pkg/crdt/serialisation.go:304.2,304.49 1 0
github.com/eislab-cps/synctree/pkg/crdt/serialisation.go:307.44,309.51 2 0
github.com/eislab-cps/synctree/pkg/crdt/serialisation.go:309.51,311.3 1 0
github.com/eislab-cps/synctree/pkg/crdt/serialisation.go:313.2,314.9 2 0
github.com/eislab-cps/synctree/pkg/crdt/serialisation.go:314.9,316.3 1 0
github.com/eislab-cps/synctree/pkg/crdt/serialisation.go:318.2,320.35 2 0
github.com/eislab-cps/synctree/pkg/crdt/serialisation.go:320.35,340.68 4 0
github.com/eislab-cps/synctree/pkg/crdt/serialisation.go:340.68,341.31 1 0
github.com/eislab-cps/synctree/pkg/crdt/serialisation.go:341.31,342.40 1 0
github.com/eislab-cps/synctree/pkg/crdt/serialisation.go:342.40,344.6 1 0
github.com/eislab-cps/synctree/pkg/crdt/serialisation.go:348.3,348.26 1 0
github.com/eislab-cps/synctree/pkg/crdt/serialisation.go:351.2,351.35 1 0
github.com/eislab-cps/synctree/pkg/crdt/serialisation.go:351.35,354.29 3 0
github.com/eislab-cps/synctree/pkg/crdt/serialisation.go:354.29,362.59 3 0
github.com/eislab-cps/synctree/pkg/crdt/serialisation.go:362.59,364.5 1 0
github.com/eislab-cps/synctree/pkg/crdt/serialisation.go:365.4,365.41 1 0
github.com/eislab-cps/synctree/pkg/crdt/serialisation.go:369.2,369.45 1 0
github.com/eislab-cps/synctree/pkg/crdt/serialisation.go:369.45,371.3 1 0
github.com/eislab-cps/synctree/pkg/crdt/serialisation.go:371.8,373.3 1 0
github.com/eislab-cps/synctree/pkg/crdt/serialisation.go:375.2,375.44 1 0
github.com/eislab-cps/synctree/pkg/crdt/serialisation.go:375.44,377.3 1 0
github.com/eislab-cps/synctree/pkg/crdt/serialisation.go:379.2,379.61 1 0
github.com/eislab-cps/synctree/pkg/crdt/serialisation.go:379.61,381.17 2 0
github.com/eislab-cps/synctree/pkg/crdt/serialisation.go:381.17,383.4 1 0
github.com/eislab-cps/synctree/pkg/crdt/serialisation.go:385.3,386.63 2 0
github.com/eislab-cps/synctree/pkg/crdt/serialisation.go:386.63,388.4 1 0
github.com/eislab-cps/synctree/pkg/crdt/serialisation.go:389.3,389.33 1 0
github.com/eislab-cps/synctree/pkg/crdt/serialisation.go:392.2,392.12 1 0
github.com/eislab-cps/synctree/pkg/crdt/serialisation.go:395.49,397.16 2 0
github.com/eislab-cps/synctree/pkg/crdt/serialisation.go:397.16,399.3 1 0
github.com/eislab-cps/synctree/pkg/crdt/serialisation.go:401.2,401.47 1 0
github.com/eislab-cps/synctree/pkg/crdt/serialisation.go:404.50,407.28 2 0
github.com/eislab-cps/synctree/pkg/crdt/serialisation.go:407.28,409.3 1 0
github.com/eislab-cps/synctree/pkg/crdt/serialisation.go:411.2,411.28 1 0
github.com/eislab-cps/synctree/pkg/crdt/serialisation.go:411.28,414.3 2 0
github.com/eislab-cps/synctree/pkg/crdt/serialisation.go:416.2,417.33 2 0
github.com/eislab-cps/synctree/pkg/crdt/serialisation.go:417.33,419.19 2 0
github.com/eislab-cps/synctree/pkg/crdt/serialisation.go:419.19,421.9 2 0
github.com/eislab-cps/synctree/pkg/crdt/serialisation.go:425.2,425.13 1 0
github.com/eislab-cps/synctree/pkg/crdt/serialisation.go:425.13,429.34 3 0
github.com/eislab-cps/synctree/pkg/crdt/serialisation.go:429.34,431.18 2 0
github.com/eislab-cps/synctree/pkg/crdt/serialisation.go:431.18,433.5 1 0
github.com/eislab-cps/synctree/pkg/crdt/serialisation.go:434.4,434.42 1 0
github.com/eislab-cps/synctree/pkg/crdt/serialisation.go:436.3,436.25 1 0
github.com/eislab-cps/synctree/pkg/crdt/serialisation.go:437.8,440.34 2 0
github.com/eislab-cps/synctree/pkg/crdt/serialisation.go:440.34,442.18 2 0
github.com/eislab-cps/synctree/pkg/crdt/serialisation.go:442.18,444.5 1 0
github.com/eislab-cps/synctree/pkg/crdt/serialisation.go:445.4,445.30 1 0
github.com/eislab-cps/synctree/pkg/crdt/serialisation.go:447.3,447.21 1 0
github.com/eislab-cps/synctree/pkg/crdt/serialisation.go:451.63,454.16 3 0
github.com/eislab-cps/synctree/pkg/crdt/serialisation.go:454.16,456.3 1 0
github.com/eislab-cps/synctree/pkg/crdt/serialisation.go:458.2,458.45 1 0
github.com/eislab-cps/synctree/pkg/crdt/serialisation.go:461.109,462.22 1 0
github.com/eislab-cps/synctree/pkg/crdt/serialisation.go:462.22,464.3 1 0
github.com/eislab-cps/synctree/pkg/crdt/serialisation.go:465.2,467.20 2 0
github.com/eislab-cps/synctree/pkg/crdt/serialisation.go:467.20,469.3 1 0
github.com/eislab-cps/synctree/pkg/crdt/serialisation.go:471.2,475.34 3 0
github.com/eislab-cps/synctree/pkg/crdt/serialisation.go:475.34,477.3 1 0
github.com/eislab-cps/synctree/pkg/crdt/serialisation.go:479.2,479.39 1 0
github.com/eislab-cps/synctree/pkg/crdt/serialisation.go:479.39,480.22 1 0
github.com/eislab-cps/synctree/pkg/crdt/serialisation.go:480.22,481.12 1 0
github.com/eislab-cps/synctree/pkg/crdt/serialisation.go:484.3,485.27 2 0
github.com/eislab-cps/synctree/pkg/crdt/serialisation.go:485.27,486.58 1 0
github.com/eislab-cps/synctree/pkg/crdt/serialisation.go:486.58,488.10 2 0
github.com/eislab-cps/synctree/pkg/crdt/serialisation.go:492.3,492.14 1 0
github.com/eislab-cps/synctree/pkg/crdt/serialisation.go:492.14,495.28 2 0
github.com/eislab-cps/synctree/pkg/crdt/serialisation.go:495.28,498.12 3 0
github.com/eislab-cps/synctree/pkg/crdt/serialisation.go:498.12,500.6 1 0
github.com/eislab-cps/synctree/pkg/crdt/serialisation.go:501.5,501.25 1 0
github.com/eislab-cps/synctree/pkg/crdt/serialisation.go:501.25,503.20 2 0
github.com/eislab-cps/synctree/pkg/crdt/serialisation.go:503.20,505.7 1 0
github.com/eislab-cps/synctree/pkg/crdt/serialisation.go:506.6,507.32 2 0
github.com/eislab-cps/synctree/pkg/crdt/serialisation.go:510.9,513.11 2 0
github.com/eislab-cps/synctree/pkg/crdt/serialisation.go:513.11,515.5 1 0
github.com/eislab-cps/synctree/pkg/crdt/serialisation.go:516.4,517.24 2 0
github.com/eislab-cps/synctree/pkg/crdt/serialisation.go:517.24,519.19 2 0
github.com/eislab-cps/synctree/pkg/crdt/serialisation.go:519.19,521.6 1 0
github.com/eislab-cps/synctree/pkg/crdt/serialisation.go:522.5,522.34 1 0
github.com/eislab-cps/synctree/pkg/crdt/serialisation.go:527.2,527.17 1 0
github.com/eislab-cps/synctree/pkg/crdt/serialisation.go:530.105,531.17 1 0
github.com/eislab-cps/synctree/pkg/crdt/serialisation.go:531.17,533.3 1 0
github.com/eislab-cps/synctree/pkg/crdt/serialisation.go:534.2,537.9 3 0
github.com/eislab-cps/synctree/pkg/crdt/serialisation.go:537.9,539.3 1 0
github.com/eislab-cps/synctree/pkg/crdt/serialisation.go:542.2,542.20 1 0
github.com/eislab-cps/synctree/pkg/crdt/serialisation.go:542.20,545.3 2 0
github.com/eislab-cps/synctree/pkg/crdt/serialisation.go:546.2,546.20 1 0
github.com/eislab-cps/synctree/pkg/crdt/serialisation.go:546.20,548.3 1 0
github.com/eislab-cps/synctree/pkg/crdt/serialisation.go:551.2,551.18 1 0
github.com/eislab-cps/synctree/pkg/crdt/serialisation.go:551.18,554.35 3 0
github.com/eislab-cps/synctree/pkg/crdt/serialisation.go:554.35,556.28 2 0
github.com/eislab-cps/synctree/pkg/crdt/serialisation.go:556.28,558.19 2 0
github.com/eislab-cps/synctree/pkg/crdt/serialisation.go:558.19,560.6 1 0
github.com/eislab-cps/synctree/pkg/crdt/serialisation.go:561.5,561.43 1 0
github.com/eislab-cps/synctree/pkg/crdt/serialisation.go:562.10,564.5 1 0
github.com/eislab-cps/synctree/pkg/crdt/serialisation.go:566.3,566.25 1 0
github.com/eislab-cps/synctree/pkg/crdt/serialisation.go:570.2,570.16 1 0
github.com/eislab-cps/synctree/pkg/crdt/serialisation.go:570.16,572.35 2 0
github.com/eislab-cps/synctree/pkg/crdt/serialisation.go:572.35,574.28 2 0
github.com/eislab-cps/synctree/pkg/crdt/serialisation.go:574.28,576.19 2 0
github.com/eislab-cps/synctree/pkg/crdt/serialisation.go:576.19,578.6 1 0
github.com/eislab-cps/synctree/pkg/crdt/serialisation.go:579.5,579.34 1 0
github.com/eislab-cps/synctree/pkg/crdt/serialisation.go:580.10,582.5 1 0
github.com/eislab-cps/synctree/pkg/crdt/serialisation.go:584.3,584.21 1 0
github.com/eislab-cps/synctree/pkg/crdt/serialisation.go:587.2,587.74 1 0
github.com/eislab-cps/synctree/pkg/crdt/serialisation.go:590.47,592.16 2 0
github.com/eislab-cps/synctree/pkg/crdt/serialisation.go:592.16,594.3 1 0
github.com/eislab-cps/synctree/pkg/crdt/serialisation.go:595.2,596.51 2 0
github.com/eislab-cps/synctree/pkg/crdt/serialisation.go:596.51,598.3 1 0
github.com/eislab-cps/synctree/pkg/crdt/serialisation.go:599.2,599.25 1 0
github.com/eislab-cps/synctree/pkg/crdt/serialisation.go:602.48,603.38 1 0
github.com/eislab-cps/synctree/pkg/crdt/serialisation.go:603.38,606.3 2 0
github.com/eislab-cps/synctree/pkg/crdt/serialisation.go:608.2,608.32 1 0
github.com/eislab-cps/synctree/pkg/crdt/serialisation.go:608.32,610.54 2 0
github.com/eislab-cps/synctree/pkg/crdt/serialisation.go:610.54,613.4 2 0
github.com/eislab-cps/synctree/pkg/crdt/serialisation.go:616.2,616.13 1 0
github.com/eislab-cps/synctree/pkg/crdt/serialisation.go:619.52,620.112 1 0
github.com/eislab-cps/synctree/pkg/crdt/serialisation.go:620.112,628.3 2 0
github.com/eislab-cps/synctree/pkg/crdt/serialisation.go:630.2,630.18 1 0
github.com/eislab-cps/synctree/pkg/crdt/serialisation.go:630.18,631.59 1 0
github.com/eislab-cps/synctree/pkg/crdt/serialisation.go:631.59,651.4 2 0
github.com/eislab-cps/synctree/pkg/crdt/serialisation.go:654.2,654.36 1 0
github.com/eislab-cps/synctree/pkg/crdt/serialisation.go:654.36,657.3 2 0
github.com/eislab-cps/synctree/pkg/crdt/serialisation.go:659.2,659.16 1 0
github.com/eislab-cps/synctree/pkg/crdt/serialisation.go:659.16,668.26 7 0
github.com/eislab-cps/synctree/pkg/crdt/serialisation.go:668.26,669.78 1 0
github.com/eislab-cps/synctree/pkg/crdt/serialisation.go:669.78,672.5 2 0
github.com/eislab-cps/synctree/pkg/crdt/serialisation.go:674.8,678.30 3 0
github.com/eislab-cps/synctree/pkg/crdt/serialisation.go:678.30,680.4 1 0
github.com/eislab-cps/synctree/pkg/crdt/serialisation.go:681.3,681.30 1 0
github.com/eislab-cps/synctree/pkg/crdt/serialisation.go:681.30,683.4 1 0
github.com/eislab-cps/synctree/pkg/crdt/serialisation.go:684.3,684.47 1 0
github.com/eislab-cps/synctree/pkg/crdt/serialisation.go:684.47,687.4 2 0
github.com/eislab-cps/synctree/pkg/crdt/serialisation.go:690.2,690.13 1 0
github.com/eislab-cps/synctree/pkg/crdt/serialisation.go:693.54,695.16 2 0
github.com/eislab-cps/synctree/pkg/crdt/serialisation.go:695.16,697.3 1 0
github.com/eislab-cps/synctree/pkg/crdt/serialisation.go:700.2,701.16 2 0
github.com/eislab-cps/synctree/pkg/crdt/serialisation.go:701.16,703.3 1 0
github.com/eislab-cps/synctree/pkg/crdt/serialisation.go:705.2,706.41 2 0
github.com/eislab-cps/synctree/pkg/crdt/subscription.go:31.62,42.2 3 0
github.com/eislab-cps/synctree/pkg/crdt/subscription.go:44.68,46.9 2 1
github.com/eislab-cps/synctree/pkg/crdt/subscription.go:46.9,48.3 1 0
github.com/eislab-cps/synctree/pkg/crdt/subscription.go:50.2,52.40 3 1
github.com/eislab-cps/synctree/pkg/crdt/subscription.go:52.40,55.14 3 1
github.com/eislab-cps/synctree/pkg/crdt/subscription.go:55.14,57.4 1 0
github.com/eislab-cps/synctree/pkg/crdt/subscription.go:59.3,60.37 2 1
github.com/eislab-cps/synctree/pkg/crdt/subscription.go:60.37,61.29 1 1
github.com/eislab-cps/synctree/pkg/crdt/subscription.go:61.29,62.23 1 1
github.com/eislab-cps/synctree/pkg/crdt/subscription.go:62.23,65.37 2 0
github.com/eislab-cps/synctree/pkg/crdt/subscription.go:65.37,66.29 1 0
github.com/eislab-cps/synctree/pkg/crdt/subscription.go:66.29,68.13 2 0
github.com/eislab-cps/synctree/pkg/crdt/subscription.go:71.6,71.20 1 0
github.com/eislab-cps/synctree/pkg/crdt/subscription.go:71.20,73.7 1 0
github.com/eislab-cps/synctree/pkg/crdt/subscription.go:74.11,76.29 1 1
github.com/eislab-cps/synctree/pkg/crdt/subscription.go:76.29,78.7 1 1
github.com/eislab-cps/synctree/pkg/crdt/subscription.go:80.5,81.10 2 1
github.com/eislab-cps/synctree/pkg/crdt/subscription.go:85.3,85.13 1 1
github.com/eislab-cps/synctree/pkg/crdt/subscription.go:85.13,87.4 1 0
github.com/eislab-cps/synctree/pkg/crdt/subscription.go:89.3,89.19 1 1
github.com/eislab-cps/synctree/pkg/crdt/subscription.go:92.2,93.18 2 1
github.com/eislab-cps/synctree/pkg/crdt/subscription.go:96.83,98.16 2 1
github.com/eislab-cps/synctree/pkg/crdt/subscription.go:98.16,104.3 2 0
github.com/eislab-cps/synctree/pkg/crdt/subscription.go:106.2,112.36 2 1
github.com/eislab-cps/synctree/pkg/crdt/subscription.go:112.36,113.68 1 0
github.com/eislab-cps/synctree/pkg/crdt/subscription.go:113.68,114.11 1 0
github.com/eislab-cps/synctree/pkg/crdt/subscription.go:115.23,120.36 1 0
github.com/eislab-cps/synctree/pkg/crdt/subscription.go:121.12,126.50 1 0
github.com/eislab-cps/synctree/pkg/crdt/treechecker.go:5.76,6.20 1 1
github.com/eislab-cps/synctree/pkg/crdt/treechecker.go:6.20,8.3 1 0
github.com/eislab-cps/synctree/pkg/crdt/treechecker.go:9.2,11.33 3 1
github.com/eislab-cps/synctree/pkg/crdt/treechecker.go:11.33,12.17 1 1
github.com/eislab-cps/synctree/pkg/crdt/treechecker.go:12.17,14.4 1 0
github.com/eislab-cps/synctree/pkg/crdt/treechecker.go:15.3,17.10 3 1
github.com/eislab-cps/synctree/pkg/crdt/treechecker.go:17.10,19.4 1 0
github.com/eislab-cps/synctree/pkg/crdt/treechecker.go:20.3,20.35 1 1
github.com/eislab-cps/synctree/pkg/crdt/treechecker.go:20.35,21.41 1 1
github.com/eislab-cps/synctree/pkg/crdt/treechecker.go:21.41,23.5 1 1
github.com/eislab-cps/synctree/pkg/crdt/treechecker.go:25.3,25.15 1 0
github.com/eislab-cps/synctree/pkg/crdt/treechecker.go:27.2,27.18 1 1
github.com/eislab-cps/synctree/pkg/crdt/treecrdt.go:59.65,61.2 1 1
github.com/eislab-cps/synctree/pkg/crdt/treecrdt.go:64.55,65.28 1 1
github.com/eislab-cps/synctree/pkg/crdt/treecrdt.go:65.28,67.3 1 1
github.com/eislab-cps/synctree/pkg/crdt/treecrdt.go:70.30,87.2 8 1
github.com/eislab-cps/synctree/pkg/crdt/treecrdt.go:89.132,98.2 6 0
github.com/eislab-cps/synctree/pkg/crdt/treecrdt.go:100.102,107.2 4 1
github.com/eislab-cps/synctree/pkg/crdt/treecrdt.go:109.86,118.2 3 1
github.com/eislab-cps/synctree/pkg/crdt/treecrdt.go:120.123,121.31 1 1
github.com/eislab-cps/synctree/pkg/crdt/treecrdt.go:121.31,140.3 6 1
github.com/eislab-cps/synctree/pkg/crdt/treecrdt.go:141.2,141.20 1 1
github.com/eislab-cps/synctree/pkg/crdt/treecrdt.go:144.62,146.9 2 0
github.com/eislab-cps/synctree/pkg/crdt/treecrdt.go:146.9,148.3 1 0
github.com/eislab-cps/synctree/pkg/crdt/treecrdt.go:149.2,149.19 1 0
github.com/eislab-cps/synctree/pkg/crdt/treecrdt.go:152.53,156.2 3 1
github.com/eislab-cps/synctree/pkg/crdt/treecrdt.go:158.37,160.2 1 0
github.com/eislab-cps/synctree/pkg/crdt/treecrdt.go:163.77,166.71 3 1
github.com/eislab-cps/synctree/pkg/crdt/treecrdt.go:166.71,168.3 1 0
github.com/eislab-cps/synctree/pkg/crdt/treecrdt.go:170.2,172.21 2 1
github.com/eislab-cps/synctree/pkg/crdt/treecrdt.go:175.71,176.14 1 0
github.com/eislab-cps/synctree/pkg/crdt/treecrdt.go:176.14,178.3 1 0
github.com/eislab-cps/synctree/pkg/crdt/treecrdt.go:181.2,181.31 1 0
github.com/eislab-cps/synctree/pkg/crdt/treecrdt.go:181.31,182.24 1 0
github.com/eislab-cps/synctree/pkg/crdt/treecrdt.go:182.24,185.15 3 0
github.com/eislab-cps/synctree/pkg/crdt/treecrdt.go:185.15,187.5 1 0
github.com/eislab-cps/synctree/pkg/crdt/treecrdt.go:188.4,188.31 1 0
github.com/eislab-cps/synctree/pkg/crdt/treecrdt.go:191.2,191.24 1 0
github.com/eislab-cps/synctree/pkg/crdt/treecrdt.go:194.118,197.14 2 1
github.com/eislab-cps/synctree/pkg/crdt/treecrdt.go:197.14,199.3 1 0
github.com/eislab-cps/synctree/pkg/crdt/treecrdt.go:202.2,202.31 1 1
github.com/eislab-cps/synctree/pkg/crdt/treecrdt.go:202.31,203.24 1 1
github.com/eislab-cps/synctree/pkg/crdt/treecrdt.go:203.24,206.15 3 0
github.com/eislab-cps/synctree/pkg/crdt/treecrdt.go:206.15,208.5 1 0
github.com/eislab-cps/synctree/pkg/crdt/treecrdt.go:209.4,210.38 2 0
github.com/eislab-cps/synctree/pkg/crdt/treecrdt.go:210.38,211.23 1 0
github.com/eislab-cps/synctree/pkg/crdt/treecrdt.go:211.23,213.6 1 0
github.com/eislab-cps/synctree/pkg/crdt/treecrdt.go:215.4,218.18 3 0
github.com/eislab-cps/synctree/pkg/crdt/treecrdt.go:218.18,226.5 2 0
github.com/eislab-cps/synctree/pkg/crdt/treecrdt.go:228.4,229.32 2 0
github.com/eislab-cps/synctree/pkg/crdt/treecrdt.go:234.2,238.16 4 1
github.com/eislab-cps/synctree/pkg/crdt/treecrdt.go:238.16,240.3 1 0
github.com/eislab-cps/synctree/pkg/crdt/treecrdt.go:243.2,243.73 1 1
github.com/eislab-cps/synctree/pkg/crdt/treecrdt.go:243.73,245.3 1 0
github.com/eislab-cps/synctree/pkg/crdt/treecrdt.go:247.2,249.30 2 1
github.com/eislab-cps/synctree/pkg/crdt/treecrdt.go:252.77,253.14 1 0
github.com/eislab-cps/synctree/pkg/crdt/treecrdt.go:253.14,255.3 1 0
github.com/eislab-cps/synctree/pkg/crdt/treecrdt.go:257.2,257.31 1 0
github.com/eislab-cps/synctree/pkg/crdt/treecrdt.go:257.31,258.24 1 0
github.com/eislab-cps/synctree/pkg/crdt/treecrdt.go:258.24,261.4 1 0
github.com/eislab-cps/synctree/pkg/crdt/treecrdt.go:264.2,264.60 1 0
github.com/eislab-cps/synctree/pkg/crdt/treecrdt.go:267.121,269.9 2 1
github.com/eislab-cps/synctree/pkg/crdt/treecrdt.go:269.9,271.3 1 0
github.com/eislab-cps/synctree/pkg/crdt/treecrdt.go:273.2,274.9 2 1
github.com/eislab-cps/synctree/pkg/crdt/treecrdt.go:274.9,276.3 1 0
github.com/eislab-cps/synctree/pkg/crdt/treecrdt.go:279.2,285.83 4 1
github.com/eislab-cps/synctree/pkg/crdt/treecrdt.go:285.83,307.3 8 1
github.com/eislab-cps/synctree/pkg/crdt/treecrdt.go:307.8,309.3 1 0
github.com/eislab-cps/synctree/pkg/crdt/treecrdt.go:311.2,311.12 1 1
github.com/eislab-cps/synctree/pkg/crdt/treecrdt.go:314.94,315.40 1 1
github.com/eislab-cps/synctree/pkg/crdt/treecrdt.go:315.40,317.3 1 0
github.com/eislab-cps/synctree/pkg/crdt/treecrdt.go:319.2,320.9 2 1
github.com/eislab-cps/synctree/pkg/crdt/treecrdt.go:320.9,322.3 1 0
github.com/eislab-cps/synctree/pkg/crdt/treecrdt.go:324.2,327.68 3 1
github.com/eislab-cps/synctree/pkg/crdt/treecrdt.go:330.97,332.2 1 0
github.com/eislab-cps/synctree/pkg/crdt/treecrdt.go:334.119,335.40 1 0
github.com/eislab-cps/synctree/pkg/crdt/treecrdt.go:335.40,337.3 1 0
github.com/eislab-cps/synctree/pkg/crdt/treecrdt.go:339.2,340.9 2 0
github.com/eislab-cps/synctree/pkg/crdt/treecrdt.go:340.9,342.3 1 0
github.com/eislab-cps/synctree/pkg/crdt/treecrdt.go:344.2,345.29 2 0
github.com/eislab-cps/synctree/pkg/crdt/treecrdt.go:345.29,349.3 2 0
github.com/eislab-cps/synctree/pkg/crdt/treecrdt.go:349.8,352.3 1 0
github.com/eislab-cps/synctree/pkg/crdt/treecrdt.go:354.2,355.91 2 0
github.com/eislab-cps/synctree/pkg/crdt/treecrdt.go:358.98,359.40 1 0
github.com/eislab-cps/synctree/pkg/crdt/treecrdt.go:359.40,361.3 1 0
github.com/eislab-cps/synctree/pkg/crdt/treecrdt.go:363.2,364.9 2 0
github.com/eislab-cps/synctree/pkg/crdt/treecrdt.go:364.9,366.3 1 0
github.com/eislab-cps/synctree/pkg/crdt/treecrdt.go:368.2,369.25 2 0
github.com/eislab-cps/synctree/pkg/crdt/treecrdt.go:369.25,373.3 2 0
github.com/eislab-cps/synctree/pkg/crdt/treecrdt.go:373.8,376.3 1 0
github.com/eislab-cps/synctree/pkg/crdt/treecrdt.go:378.2,379.102 2 0
github.com/eislab-cps/synctree/pkg/crdt/treecrdt.go:382.122,383.40 1 0
github.com/eislab-cps/synctree/pkg/crdt/treecrdt.go:383.40,385.3 1 0
github.com/eislab-cps/synctree/pkg/crdt/treecrdt.go:387.2,388.9 2 0
github.com/eislab-cps/synctree/pkg/crdt/treecrdt.go:388.9,390.3 1 0
github.com/eislab-cps/synctree/pkg/crdt/treecrdt.go:391.2,394.86 3 0
github.com/eislab-cps/synctree/pkg/crdt/treecrdt.go:397.123,398.40 1 0
github.com/eislab-cps/synctree/pkg/crdt/treecrdt.go:398.40,400.3 1 0
github.com/eislab-cps/synctree/pkg/crdt/treecrdt.go:402.2,403.9 2 0
github.com/eislab-cps/synctree/pkg/crdt/treecrdt.go:403.9,405.3 1 0
github.com/eislab-cps/synctree/pkg/crdt/treecrdt.go:406.2,409.87 3 0
github.com/eislab-cps/synctree/pkg/crdt/treecrdt.go:412.156,414.9 2 0
github.com/eislab-cps/synctree/pkg/crdt/treecrdt.go:414.9,416.3 1 0
github.com/eislab-cps/synctree/pkg/crdt/treecrdt.go:418.2,429.39 8 0
github.com/eislab-cps/synctree/pkg/crdt/treecrdt.go:429.39,433.3 2 0
github.com/eislab-cps/synctree/pkg/crdt/treecrdt.go:433.8,434.28 1 0
github.com/eislab-cps/synctree/pkg/crdt/treecrdt.go:434.28,435.23 1 0
github.com/eislab-cps/synctree/pkg/crdt/treecrdt.go:435.23,437.13 2 0
github.com/eislab-cps/synctree/pkg/crdt/treecrdt.go:437.13,439.15 1 0
github.com/eislab-cps/synctree/pkg/crdt/treecrdt.go:439.15,441.7 1 0
github.com/eislab-cps/synctree/pkg/crdt/treecrdt.go:441.12,443.7 1 0
github.com/eislab-cps/synctree/pkg/crdt/treecrdt.go:444.6,444.31 1 0
github.com/eislab-cps/synctree/pkg/crdt/treecrdt.go:445.11,448.27 2 0
github.com/eislab-cps/synctree/pkg/crdt/treecrdt.go:448.27,450.7 1 0
github.com/eislab-cps/synctree/pkg/crdt/treecrdt.go:450.12,452.7 1 0
github.com/eislab-cps/synctree/pkg/crdt/treecrdt.go:454.5,454.10 1 0
github.com/eislab-cps/synctree/pkg/crdt/treecrdt.go:457.3,457.13 1 0
github.com/eislab-cps/synctree/pkg/crdt/treecrdt.go:457.13,460.4 2 0
github.com/eislab-cps/synctree/pkg/crdt/treecrdt.go:463.2,478.18 8 0
github.com/eislab-cps/synctree/pkg/crdt/treecrdt.go:478.18,480.3 1 0
github.com/eislab-cps/synctree/pkg/crdt/treecrdt.go:481.2,494.12 4 0
github.com/eislab-cps/synctree/pkg/crdt/treecrdt.go:497.87,499.9 2 0
github.com/eislab-cps/synctree/pkg/crdt/treecrdt.go:499.9,501.3 1 0
github.com/eislab-cps/synctree/pkg/crdt/treecrdt.go:503.2,503.26 1 0
github.com/eislab-cps/synctree/pkg/crdt/treecrdt.go:503.26,505.3 1 0
github.com/eislab-cps/synctree/pkg/crdt/treecrdt.go:508.2,512.39 4 0
github.com/eislab-cps/synctree/pkg/crdt/treecrdt.go:512.39,514.3 1 0
github.com/eislab-cps/synctree/pkg/crdt/treecrdt.go:516.2,518.13 3 0
github.com/eislab-cps/synctree/pkg/crdt/treecrdt.go:518.13,520.3 1 0
github.com/eislab-cps/synctree/pkg/crdt/treecrdt.go:522.2,522.21 1 0
github.com/eislab-cps/synctree/pkg/crdt/treecrdt.go:525.132,527.9 2 0
github.com/eislab-cps/synctree/pkg/crdt/treecrdt.go:527.9,529.3 1 0
github.com/eislab-cps/synctree/pkg/crdt/treecrdt.go:530.2,531.9 2 0
github.com/eislab-cps/synctree/pkg/crdt/treecrdt.go:531.9,533.3 1 0
github.com/eislab-cps/synctree/pkg/crdt/treecrdt.go:536.2,542.72 4 0
github.com/eislab-cps/synctree/pkg/crdt/treecrdt.go:542.72,545.39 2 0
github.com/eislab-cps/synctree/pkg/crdt/treecrdt.go:545.39,546.24 1 0
github.com/eislab-cps/synctree/pkg/crdt/treecrdt.go:546.24,548.5 1 0
github.com/eislab-cps/synctree/pkg/crdt/treecrdt.go:550.3,561.49 6 0
github.com/eislab-cps/synctree/pkg/crdt/treecrdt.go:562.8,570.3 2 0
github.com/eislab-cps/synctree/pkg/crdt/treecrdt.go:572.2,572.12 1 0
github.com/eislab-cps/synctree/pkg/crdt/treecrdt.go:575.83,577.9 2 0
github.com/eislab-cps/synctree/pkg/crdt/treecrdt.go:577.9,579.3 1 0
github.com/eislab-cps/synctree/pkg/crdt/treecrdt.go:580.2,583.71 3 0
github.com/eislab-cps/synctree/pkg/crdt/treecrdt.go:586.54,587.18 1 1
github.com/eislab-cps/synctree/pkg/crdt/treecrdt.go:587.18,589.3 1 0
github.com/eislab-cps/synctree/pkg/crdt/treecrdt.go:590.2,590.28 1 1
github.com/eislab-cps/synctree/pkg/crdt/treecrdt.go:593.62,596.28 2 0
github.com/eislab-cps/synctree/pkg/crdt/treecrdt.go:596.28,597.21 1 0
github.com/eislab-cps/synctree/pkg/crdt/treecrdt.go:597.21,599.4 1 0
github.com/eislab-cps/synctree/pkg/crdt/treecrdt.go:601.2,603.52 2 0
github.com/eislab-cps/synctree/pkg/crdt/treecrdt.go:606.86,613.81 5 0
github.com/eislab-cps/synctree/pkg/crdt/treecrdt.go:613.81,628.3 6 0
github.com/eislab-cps/synctree/pkg/crdt/treecrdt.go:628.8,639.3 2 0
github.com/eislab-cps/synctree/pkg/crdt/treecrdt.go:641.2,641.12 1 0
github.com/eislab-cps/synctree/pkg/crdt/treecrdt.go:656.27,660.31 2 0
github.com/eislab-cps/synctree/pkg/crdt/treecrdt.go:660.31,661.35 1 0
github.com/eislab-cps/synctree/pkg/crdt/treecrdt.go:661.35,663.4 1 0
github.com/eislab-cps/synctree/pkg/crdt/treecrdt.go:667.2,670.26 2 0
github.com/eislab-cps/synctree/pkg/crdt/treecrdt.go:670.26,671.22 1 0
github.com/eislab-cps/synctree/pkg/crdt/treecrdt.go:671.22,674.4 2 0
github.com/eislab-cps/synctree/pkg/crdt/treecrdt.go:678.2,678.31 1 0
github.com/eislab-cps/synctree/pkg/crdt/treecrdt.go:678.31,681.35 2 0
github.com/eislab-cps/synctree/pkg/crdt/treecrdt.go:681.35,683.34 2 0
github.com/eislab-cps/synctree/pkg/crdt/treecrdt.go:683.34,685.5 1 0
github.com/eislab-cps/synctree/pkg/crdt/treecrdt.go:685.10,691.5 1 0
github.com/eislab-cps/synctree/pkg/crdt/treecrdt.go:693.3,693.24 1 0
github.com/eislab-cps/synctree/pkg/crdt/treecrdt.go:697.2,697.32 1 0
github.com/eislab-cps/synctree/pkg/crdt/treecrdt.go:697.32,698.21 1 0
github.com/eislab-cps/synctree/pkg/crdt/treecrdt.go:698.21,701.4 2 0
github.com/eislab-cps/synctree/pkg/crdt/treecrdt.go:706.46,708.2 1 0
github.com/eislab-cps/synctree/pkg/crdt/treecrdt.go:710.67,713.16 2 0
github.com/eislab-cps/synctree/pkg/crdt/treecrdt.go:713.16,718.3 2 0
github.com/eislab-cps/synctree/pkg/crdt/treecrdt.go:721.2,722.16 2 0
github.com/eislab-cps/synctree/pkg/crdt/treecrdt.go:722.16,727.3 2 0
github.com/eislab-cps/synctree/pkg/crdt/treecrdt.go:730.2,731.16 2 0
github.com/eislab-cps/synctree/pkg/crdt/treecrdt.go:731.16,736.3 2 0
github.com/eislab-cps/synctree/pkg/crdt/treecrdt.go:739.2,740.16 2 0
github.com/eislab-cps/synctree/pkg/crdt/treecrdt.go:740.16,742.3 1 0
github.com/eislab-cps/synctree/pkg/crdt/treecrdt.go:745.2,746.16 2 0
github.com/eislab-cps/synctree/pkg/crdt/treecrdt.go:746.16,751.3 2 0
github.com/eislab-cps/synctree/pkg/crdt/treecrdt.go:754.2,755.16 2 0
github.com/eislab-cps/synctree/pkg/crdt/treecrdt.go:755.16,760.3 2 0
github.com/eislab-cps/synctree/pkg/crdt/treecrdt.go:763.2,764.16 2 0
github.com/eislab-cps/synctree/pkg/crdt/treecrdt.go:764.16,769.3 2 0
github.com/eislab-cps/synctree/pkg/crdt/treecrdt.go:771.2,771.12 1 0
github.com/eislab-cps/synctree/pkg/crdt/treecrdt.go:774.74,778.35 3 0
github.com/eislab-cps/synctree/pkg/crdt/treecrdt.go:778.35,780.14 2 0
github.com/eislab-cps/synctree/pkg/crdt/treecrdt.go:780.14,782.22 2 0
github.com/eislab-cps/synctree/pkg/crdt/treecrdt.go:782.22,784.5 1 0
github.com/eislab-cps/synctree/pkg/crdt/treecrdt.go:784.10,784.27 1 0
github.com/eislab-cps/synctree/pkg/crdt/treecrdt.go:784.27,786.5 1 0
github.com/eislab-cps/synctree/pkg/crdt/treecrdt.go:789.4,803.18 15 0
github.com/eislab-cps/synctree/pkg/crdt/treecrdt.go:806.3,809.23 3 0
github.com/eislab-cps/synctree/pkg/crdt/treecrdt.go:809.23,813.18 4 0
github.com/eislab-cps/synctree/pkg/crdt/treecrdt.go:813.18,818.13 2 0
github.com/eislab-cps/synctree/pkg/crdt/treecrdt.go:822.3,822.35 1 0
github.com/eislab-cps/synctree/pkg/crdt/treecrdt.go:822.35,823.46 1 0
github.com/eislab-cps/synctree/pkg/crdt/treecrdt.go:823.46,825.5 1 0
github.com/eislab-cps/synctree/pkg/crdt/treecrdt.go:826.4,826.44 1 0
github.com/eislab-cps/synctree/pkg/crdt/treecrdt.go:826.44,828.5 1 0
github.com/eislab-cps/synctree/pkg/crdt/treecrdt.go:830.4,833.37 3 0
github.com/eislab-cps/synctree/pkg/crdt/treecrdt.go:833.37,834.13 1 0
github.com/eislab-cps/synctree/pkg/crdt/treecrdt.go:838.4,838.72 1 0
github.com/eislab-cps/synctree/pkg/crdt/treecrdt.go:838.72,847.19 7 0
github.com/eislab-cps/synctree/pkg/crdt/treecrdt.go:847.19,854.6 1 0
github.com/eislab-cps/synctree/pkg/crdt/treecrdt.go:855.5,855.15 1 0
github.com/eislab-cps/synctree/pkg/crdt/treecrdt.go:855.15,857.20 2 0
github.com/eislab-cps/synctree/pkg/crdt/treecrdt.go:857.20,863.7 2 0
github.com/eislab-cps/synctree/pkg/crdt/treecrdt.go:864.6,865.20 2 0
github.com/eislab-cps/synctree/pkg/crdt/treecrdt.go:865.20,871.7 2 0
github.com/eislab-cps/synctree/pkg/crdt/treecrdt.go:874.5,878.46 3 0
github.com/eislab-cps/synctree/pkg/crdt/treecrdt.go:878.46,880.6 1 0
github.com/eislab-cps/synctree/pkg/crdt/treecrdt.go:881.5,881.36 1 0
github.com/eislab-cps/synctree/pkg/crdt/treecrdt.go:881.36,883.6 1 0
github.com/eislab-cps/synctree/pkg/crdt/treecrdt.go:885.5,886.13 2 0
github.com/eislab-cps/synctree/pkg/crdt/treecrdt.go:889.4,889.62 1 0
github.com/eislab-cps/synctree/pkg/crdt/treecrdt.go:889.62,891.50 1 0
github.com/eislab-cps/synctree/pkg/crdt/treecrdt.go:891.50,892.14 1 0
github.com/eislab-cps/synctree/pkg/crdt/treecrdt.go:896.5,899.60 4 0
github.com/eislab-cps/synctree/pkg/crdt/treecrdt.go:899.60,901.6 1 0
github.com/eislab-cps/synctree/pkg/crdt/treecrdt.go:903.5,904.43 2 0
github.com/eislab-cps/synctree/pkg/crdt/treecrdt.go:904.43,905.25 1 0
github.com/eislab-cps/synctree/pkg/crdt/treecrdt.go:905.25,907.16 2 0
github.com/eislab-cps/synctree/pkg/crdt/treecrdt.go:907.16,910.8 2 0
github.com/eislab-cps/synctree/pkg/crdt/treecrdt.go:910.13,912.8 1 0
github.com/eislab-cps/synctree/pkg/crdt/treecrdt.go:913.7,914.12 2 0
github.com/eislab-cps/synctree/pkg/crdt/treecrdt.go:917.5,917.18 1 0
github.com/eislab-cps/synctree/pkg/crdt/treecrdt.go:917.18,919.20 2 0
github.com/eislab-cps/synctree/pkg/crdt/treecrdt.go:919.20,926.17 2 0
github.com/eislab-cps/synctree/pkg/crdt/treecrdt.go:926.17,928.8 1 0
github.com/eislab-cps/synctree/pkg/crdt/treecrdt.go:931.5,931.13 1 0
github.com/eislab-cps/synctree/pkg/crdt/treecrdt.go:934.4,934.24 1 0
github.com/eislab-cps/synctree/pkg/crdt/treecrdt.go:934.24,942.45 5 0
github.com/eislab-cps/synctree/pkg/crdt/treecrdt.go:942.45,943.35 1 0
github.com/eislab-cps/synctree/pkg/crdt/treecrdt.go:943.35,945.12 2 0
github.com/eislab-cps/synctree/pkg/crdt/treecrdt.go:949.5,949.24 1 0
github.com/eislab-cps/synctree/pkg/crdt/treecrdt.go:949.24,952.17 3 0
github.com/eislab-cps/synctree/pkg/crdt/treecrdt.go:952.17,954.7 1 0
github.com/eislab-cps/synctree/pkg/crdt/treecrdt.go:957.5,957.23 1 0
github.com/eislab-cps/synctree/pkg/crdt/treecrdt.go:957.23,965.20 3 0
github.com/eislab-cps/synctree/pkg/crdt/treecrdt.go:965.20,972.17 2 0
github.com/eislab-cps/synctree/pkg/crdt/treecrdt.go:972.17,974.8 1 0
github.com/eislab-cps/synctree/pkg/crdt/treecrdt.go:976.11,985.20 3 0
github.com/eislab-cps/synctree/pkg/crdt/treecrdt.go:985.20,992.17 2 0
github.com/eislab-cps/synctree/pkg/crdt/treecrdt.go:992.17,994.8 1 0
github.com/eislab-cps/synctree/pkg/crdt/treecrdt.go:998.10,999.39 1 0
github.com/eislab-cps/synctree/pkg/crdt/treecrdt.go:999.39,1002.20 3 0
github.com/eislab-cps/synctree/pkg/crdt/treecrdt.go:1002.20,1009.17 2 0
github.com/eislab-cps/synctree/pkg/crdt/treecrdt.go:1009.17,1011.8 1 0
github.com/eislab-cps/synctree/pkg/crdt/treecrdt.go:1012.7,1012.15 1 0
github.com/eislab-cps/synctree/pkg/crdt/treecrdt.go:1014.11,1021.14 2 0
github.com/eislab-cps/synctree/pkg/crdt/treecrdt.go:1023.5,1023.62 1 0
github.com/eislab-cps/synctree/pkg/crdt/treecrdt.go:1027.3,1028.28 2 0
github.com/eislab-cps/synctree/pkg/crdt/treecrdt.go:1031.2,1032.12 2 0
github.com/eislab-cps/synctree/pkg/crdt/treecrdt.go:1035.70,1038.20 3 0
github.com/eislab-cps/synctree/pkg/crdt/treecrdt.go:1038.20,1040.3 1 0
github.com/eislab-cps/synctree/pkg/crdt/treecrdt.go:1040.8,1040.25 1 0
github.com/eislab-cps/synctree/pkg/crdt/treecrdt.go:1040.25,1042.3 1 0
github.com/eislab-cps/synctree/pkg/crdt/treecrdt.go:1043.2,1056.22 14 0
github.com/eislab-cps/synctree/pkg/crdt/treecrdt.go:1059.68,1060.31 1 0
github.com/eislab-cps/synctree/pkg/crdt/treecrdt.go:1060.31,1061.17 1 0
github.com/eislab-cps/synctree/pkg/crdt/treecrdt.go:1061.17,1063.4 1 0
github.com/eislab-cps/synctree/pkg/crdt/treecrdt.go:1065.2,1065.14 1 0
github.com/eislab-cps/synctree/pkg/crdt/treecrdt.go:1068.67,1070.15 2 0
github.com/eislab-cps/synctree/pkg/crdt/treecrdt.go:1070.15,1072.3 1 0
github.com/eislab-cps/synctree/pkg/crdt/treecrdt.go:1072.8,1072.20 1 0
github.com/eislab-cps/synctree/pkg/crdt/treecrdt.go:1072.20,1074.3 1 0
github.com/eislab-cps/synctree/pkg/crdt/treecrdt.go:1075.2,1080.15 6 0
github.com/eislab-cps/synctree/pkg/crdt/treecrdt.go:1083.32,1086.31 3 1
github.com/eislab-cps/synctree/pkg/crdt/treecrdt.go:1086.31,1088.3 1 1
github.com/eislab-cps/synctree/pkg/crdt/treecrdt.go:1091.64,1092.16 1 1
github.com/eislab-cps/synctree/pkg/crdt/treecrdt.go:1092.16,1094.3 1 0
github.com/eislab-cps/synctree/pkg/crdt/treecrdt.go:1097.2,1099.34 3 1
github.com/eislab-cps/synctree/pkg/crdt/treecrdt.go:1099.34,1100.17 1 1
github.com/eislab-cps/synctree/pkg/crdt/treecrdt.go:1100.17,1102.4 1 0
github.com/eislab-cps/synctree/pkg/crdt/treecrdt.go:1103.3,1105.35 3 1
github.com/eislab-cps/synctree/pkg/crdt/treecrdt.go:1105.35,1106.41 1 0
github.com/eislab-cps/synctree/pkg/crdt/treecrdt.go:1106.41,1108.5 1 0
github.com/eislab-cps/synctree/pkg/crdt/treecrdt.go:1110.3,1110.15 1 1
github.com/eislab-cps/synctree/pkg/crdt/treecrdt.go:1112.2,1112.13 1 1
github.com/eislab-cps/synctree/pkg/crdt/treecrdt.go:1112.13,1114.3 1 0
github.com/eislab-cps/synctree/pkg/crdt/treecrdt.go:1117.2,1117.33 1 1
github.com/eislab-cps/synctree/pkg/crdt/treecrdt.go:1117.33,1118.37 1 1
github.com/eislab-cps/synctree/pkg/crdt/treecrdt.go:1118.37,1119.21 1 1
github.com/eislab-cps/synctree/pkg/crdt/treecrdt.go:1119.21,1121.5 1 0
github.com/eislab-cps/synctree/pkg/crdt/treecrdt.go:1125.2,1125.12 1 1
github.com/eislab-cps/synctree/pkg/crdt/treecrdt.go:1128.41,1129.19 1 0
github.com/eislab-cps/synctree/pkg/crdt/treecrdt.go:1129.19,1131.3 1 0
github.com/eislab-cps/synctree/pkg/crdt/treecrdt.go:1133.2,1138.31 4 0
github.com/eislab-cps/synctree/pkg/crdt/treecrdt.go:1138.31,1139.18 1 0
github.com/eislab-cps/synctree/pkg/crdt/treecrdt.go:1139.18,1141.4 1 0
github.com/eislab-cps/synctree/pkg/crdt/treecrdt.go:1143.2,1143.20 1 0
github.com/eislab-cps/synctree/pkg/crdt/treecrdt.go:1143.20,1146.3 2 0
github.com/eislab-cps/synctree/pkg/crdt/treecrdt.go:1149.2,1149.49 1 0
github.com/eislab-cps/synctree/pkg/crdt/treecrdt.go:1149.49,1150.18 1 0
github.com/eislab-cps/synctree/pkg/crdt/treecrdt.go:1150.18,1152.4 1 0
github.com/eislab-cps/synctree/pkg/crdt/treecrdt.go:1154.3,1155.17 2 0
github.com/eislab-cps/synctree/pkg/crdt/treecrdt.go:1155.17,1157.4 1 0
github.com/eislab-cps/synctree/pkg/crdt/treecrdt.go:1158.3,1158.19 1 0
github.com/eislab-cps/synctree/pkg/crdt/treecrdt.go:1158.19,1160.4 1 0
github.com/eislab-cps/synctree/pkg/crdt/treecrdt.go:1161.3,1161.21 1 0
github.com/eislab-cps/synctree/pkg/crdt/treecrdt.go:1161.21,1163.4 1 0
github.com/eislab-cps/synctree/pkg/crdt/treecrdt.go:1164.3,1164.17 1 0
github.com/eislab-cps/synctree/pkg/crdt/treecrdt.go:1164.17,1172.4 2 0
github.com/eislab-cps/synctree/pkg/crdt/treecrdt.go:1173.3,1173.13 1 0
github.com/eislab-cps/synctree/pkg/crdt/treecrdt.go:1176.2,1177.72 2 0
github.com/eislab-cps/synctree/pkg/crdt/treecrdt.go:1177.72,1178.25 1 0
github.com/eislab-cps/synctree/pkg/crdt/treecrdt.go:1178.25,1181.4 2 0
github.com/eislab-cps/synctree/pkg/crdt/treecrdt.go:1182.3,1182.23 1 0
github.com/eislab-cps/synctree/pkg/crdt/treecrdt.go:1182.23,1184.4 1 0
github.com/eislab-cps/synctree/pkg/crdt/treecrdt.go:1185.3,1188.14 3 0
github.com/eislab-cps/synctree/pkg/crdt/treecrdt.go:1188.14,1191.4 2 0
github.com/eislab-cps/synctree/pkg/crdt/treecrdt.go:1194.3,1194.48 1 0
github.com/eislab-cps/synctree/pkg/crdt/treecrdt.go:1194.48,1196.4 1 0
github.com/eislab-cps/synctree/pkg/crdt/treecrdt.go:1199.3,1199.44 1 0
github.com/eislab-cps/synctree/pkg/crdt/treecrdt.go:1199.44,1202.4 2 0
github.com/eislab-cps/synctree/pkg/crdt/treecrdt.go:1204.3,1205.35 2 0
github.com/eislab-cps/synctree/pkg/crdt/treecrdt.go:1205.35,1209.11 3 0
github.com/eislab-cps/synctree/pkg/crdt/treecrdt.go:1209.11,1212.5 2 0
github.com/eislab-cps/synctree/pkg/crdt/treecrdt.go:1215.4,1215.24 1 0
github.com/eislab-cps/synctree/pkg/crdt/treecrdt.go:1215.24,1218.5 2 0
github.com/eislab-cps/synctree/pkg/crdt/treecrdt.go:1220.4,1220.81 1 0
github.com/eislab-cps/synctree/pkg/crdt/treecrdt.go:1220.81,1227.5 2 0
github.com/eislab-cps/synctree/pkg/crdt/treecrdt.go:1228.4,1230.50 2 0
github.com/eislab-cps/synctree/pkg/crdt/treecrdt.go:1230.50,1232.5 1 0
github.com/eislab-cps/synctree/pkg/crdt/treecrdt.go:1234.3,1235.13 2 0
github.com/eislab-cps/synctree/pkg/crdt/treecrdt.go:1239.2,1239.67 1 0
github.com/eislab-cps/synctree/pkg/crdt/treecrdt.go:1239.67,1241.3 1 0
github.com/eislab-cps/synctree/pkg/crdt/treecrdt.go:1244.2,1244.26 1 0
github.com/eislab-cps/synctree/pkg/crdt/treecrdt.go:1244.26,1245.19 1 0
github.com/eislab-cps/synctree/pkg/crdt/treecrdt.go:1245.19,1248.4 2 0
github.com/eislab-cps/synctree/pkg/crdt/treecrdt.go:1251.2,1251.12 1 0
github.com/eislab-cps/synctree/pkg/crdt/treecrdt.go:1254.39,1255.25 1 0
github.com/eislab-cps/synctree/pkg/crdt/treecrdt.go:1255.25,1257.3 1 0
github.com/eislab-cps/synctree/pkg/crdt/treecrdt.go:1260.2,1260.41 1 0
github.com/eislab-cps/synctree/pkg/crdt/treecrdt.go:1260.41,1262.3 1 0
github.com/eislab-cps/synctree/pkg/crdt/treecrdt.go:1265.2,1265.32 1 0
github.com/eislab-cps/synctree/pkg/crdt/treecrdt.go:1265.32,1266.27 1 0
github.com/eislab-cps/synctree/pkg/crdt/treecrdt.go:1266.27,1268.4 1 0
github.com/eislab-cps/synctree/pkg/crdt/treecrdt.go:1269.3,1270.17 2 0
github.com/eislab-cps/synctree/pkg/crdt/treecrdt.go:1270.17,1272.4 1 0
github.com/eislab-cps/synctree/pkg/crdt/treecrdt.go:1275.3,1275.66 1 0
github.com/eislab-cps/synctree/pkg/crdt/treecrdt.go:1275.66,1277.4 1 0
github.com/eislab-cps/synctree/pkg/crdt/treecrdt.go:1280.2,1281.16 2 0
github.com/eislab-cps/synctree/pkg/crdt/treecrdt.go:1281.16,1286.3 2 0
github.com/eislab-cps/synctree/pkg/crdt/treecrdt.go:1288.2,1288.12 1 0
github.com/eislab-cps/synctree/pkg/crdt/treecrdt.go:1300.54,1301.16 1 0
github.com/eislab-cps/synctree/pkg/crdt/treecrdt.go:1302.20,1304.15 2 0
github.com/eislab-cps/synctree/pkg/crdt/treecrdt.go:1304.15,1310.4 2 0
github.com/eislab-cps/synctree/pkg/crdt/treecrdt.go:1311.3,1312.17 2 0
github.com/eislab-cps/synctree/pkg/crdt/treecrdt.go:1312.17,1319.4 2 0
github.com/eislab-cps/synctree/pkg/crdt/treecrdt.go:1322.2,1322.12 1 0
github.com/eislab-cps/synctree/pkg/crdt/utils.go:11.55,12.11 1 0
github.com/eislab-cps/synctree/pkg/crdt/utils.go:12.11,14.3 1 0
github.com/eislab-cps/synctree/pkg/crdt/utils.go:15.2,15.10 1 0
github.com/eislab-cps/synctree/pkg/crdt/utils.go:18.49,19.23 1 1
github.com/eislab-cps/synctree/pkg/crdt/utils.go:20.11,21.20 1 0
github.com/eislab-cps/synctree/pkg/crdt/utils.go:22.13,23.20 1 0
github.com/eislab-cps/synctree/pkg/crdt/utils.go:24.10,25.11 1 1
github.com/eislab-cps/synctree/pkg/crdt/utils.go:29.63,30.18 1 1
github.com/eislab-cps/synctree/pkg/crdt/utils.go:31.12,32.21 1 0
github.com/eislab-cps/synctree/pkg/crdt/utils.go:33.11,34.20 1 1
github.com/eislab-cps/synctree/pkg/crdt/utils.go:35.13,36.22 1 0
github.com/eislab-cps/synctree/pkg/crdt/utils.go:37.15,38.24 1 1
github.com/eislab-cps/synctree/pkg/crdt/utils.go:39.10,41.24 2 0
github.com/eislab-cps/synctree/pkg/crdt/utils.go:45.63,46.20 1 0
github.com/eislab-cps/synctree/pkg/crdt/utils.go:46.20,48.3 1 0
github.com/eislab-cps/synctree/pkg/crdt/utils.go:50.2,51.27 2 0
github.com/eislab-cps/synctree/pkg/crdt/utils.go:51.27,52.12 1 0
github.com/eislab-cps/synctree/pkg/crdt/utils.go:52.12,54.4 1 0
github.com/eislab-cps/synctree/pkg/crdt/utils.go:55.3,55.32 1 0
github.com/eislab-cps/synctree/pkg/crdt/utils.go:57.2,58.12 2 0
github.com/eislab-cps/synctree/pkg/crdt/utils.go:61.41,62.46 1 1
github.com/eislab-cps/synctree/pkg/crdt/utils.go:62.46,67.47 3 1
github.com/eislab-cps/synctree/pkg/crdt/utils.go:67.47,68.21 1 0
github.com/eislab-cps/synctree/pkg/crdt/utils.go:68.21,70.5 1 0
github.com/eislab-cps/synctree/pkg/crdt/utils.go:71.4,71.21 1 0
github.com/eislab-cps/synctree/pkg/crdt/utils.go:71.21,73.5 1 0
github.com/eislab-cps/synctree/pkg/crdt/utils.go:77.3,77.25 1 1
github.com/eislab-cps/synctree/pkg/crdt/utils.go:77.25,79.4 1 0
github.com/eislab-cps/synctree/pkg/crdt/utils.go:82.3,82.35 1 1
