mode: set
github.com/eislab-cps/synctree/pkg/crdt/delta.go:63.46,69.2 1 1
github.com/eislab-cps/synctree/pkg/crdt/delta.go:72.57,76.37 2 1
github.com/eislab-cps/synctree/pkg/crdt/delta.go:76.37,78.3 1 1
github.com/eislab-cps/synctree/pkg/crdt/delta.go:82.102,86.32 2 1
github.com/eislab-cps/synctree/pkg/crdt/delta.go:86.32,87.50 1 1
github.com/eislab-cps/synctree/pkg/crdt/delta.go:87.50,89.4 1 1
github.com/eislab-cps/synctree/pkg/crdt/delta.go:93.2,101.3 2 1
github.com/eislab-cps/synctree/pkg/crdt/delta.go:105.53,107.38 1 0
github.com/eislab-cps/synctree/pkg/crdt/delta.go:107.38,108.47 1 0
github.com/eislab-cps/synctree/pkg/crdt/delta.go:108.47,110.4 1 0
github.com/eislab-cps/synctree/pkg/crdt/delta.go:113.2,113.12 1 0
github.com/eislab-cps/synctree/pkg/crdt/delta.go:117.62,118.17 1 0
github.com/eislab-cps/synctree/pkg/crdt/delta.go:119.20,121.32 1 0
github.com/eislab-cps/synctree/pkg/crdt/delta.go:122.20,124.32 1 0
github.com/eislab-cps/synctree/pkg/crdt/delta.go:125.20,127.32 1 0
github.com/eislab-cps/synctree/pkg/crdt/delta.go:128.17,130.29 1 0
github.com/eislab-cps/synctree/pkg/crdt/delta.go:131.20,133.32 1 0
github.com/eislab-cps/synctree/pkg/crdt/delta.go:134.20,136.32 1 0
github.com/eislab-cps/synctree/pkg/crdt/delta.go:137.21,139.33 1 0
github.com/eislab-cps/synctree/pkg/crdt/delta.go:140.10,141.59 1 0
github.com/eislab-cps/synctree/pkg/crdt/delta.go:146.63,148.51 1 0
github.com/eislab-cps/synctree/pkg/crdt/delta.go:148.51,150.3 1 0
github.com/eislab-cps/synctree/pkg/crdt/delta.go:153.2,163.46 2 0
github.com/eislab-cps/synctree/pkg/crdt/delta.go:163.46,164.49 1 0
github.com/eislab-cps/synctree/pkg/crdt/delta.go:164.49,166.4 1 0
github.com/eislab-cps/synctree/pkg/crdt/delta.go:167.3,167.53 1 0
github.com/eislab-cps/synctree/pkg/crdt/delta.go:167.53,169.4 1 0
github.com/eislab-cps/synctree/pkg/crdt/delta.go:170.3,170.57 1 0
github.com/eislab-cps/synctree/pkg/crdt/delta.go:170.57,172.4 1 0
github.com/eislab-cps/synctree/pkg/crdt/delta.go:175.2,176.12 2 0
github.com/eislab-cps/synctree/pkg/crdt/delta.go:179.63,181.13 2 0
github.com/eislab-cps/synctree/pkg/crdt/delta.go:181.13,183.3 1 0
github.com/eislab-cps/synctree/pkg/crdt/delta.go:186.2,186.46 1 0
github.com/eislab-cps/synctree/pkg/crdt/delta.go:186.46,188.51 1 0
github.com/eislab-cps/synctree/pkg/crdt/delta.go:188.51,190.4 1 0
github.com/eislab-cps/synctree/pkg/crdt/delta.go:193.2,193.12 1 0
github.com/eislab-cps/synctree/pkg/crdt/delta.go:196.63,198.13 2 0
github.com/eislab-cps/synctree/pkg/crdt/delta.go:198.13,200.3 1 0
github.com/eislab-cps/synctree/pkg/crdt/delta.go:202.2,204.12 3 0
github.com/eislab-cps/synctree/pkg/crdt/delta.go:207.60,208.24 1 0
github.com/eislab-cps/synctree/pkg/crdt/delta.go:208.24,210.3 1 0
github.com/eislab-cps/synctree/pkg/crdt/delta.go:212.2,213.13 2 0
github.com/eislab-cps/synctree/pkg/crdt/delta.go:213.13,215.3 1 0
github.com/eislab-cps/synctree/pkg/crdt/delta.go:218.2,228.12 4 0
github.com/eislab-cps/synctree/pkg/crdt/delta.go:231.63,232.24 1 0
github.com/eislab-cps/synctree/pkg/crdt/delta.go:232.24,234.3 1 0
github.com/eislab-cps/synctree/pkg/crdt/delta.go:236.2,237.13 2 0
github.com/eislab-cps/synctree/pkg/crdt/delta.go:237.13,239.3 1 0
github.com/eislab-cps/synctree/pkg/crdt/delta.go:242.2,243.38 2 0
github.com/eislab-cps/synctree/pkg/crdt/delta.go:243.38,244.38 1 0
github.com/eislab-cps/synctree/pkg/crdt/delta.go:244.38,246.4 1 0
github.com/eislab-cps/synctree/pkg/crdt/delta.go:249.2,252.12 3 0
github.com/eislab-cps/synctree/pkg/crdt/delta.go:255.63,257.13 2 0
github.com/eislab-cps/synctree/pkg/crdt/delta.go:257.13,259.3 1 0
github.com/eislab-cps/synctree/pkg/crdt/delta.go:262.2,262.50 1 0
github.com/eislab-cps/synctree/pkg/crdt/delta.go:262.50,266.3 3 0
github.com/eislab-cps/synctree/pkg/crdt/delta.go:268.2,268.12 1 0
github.com/eislab-cps/synctree/pkg/crdt/delta.go:271.64,273.13 2 0
github.com/eislab-cps/synctree/pkg/crdt/delta.go:273.13,275.3 1 0
github.com/eislab-cps/synctree/pkg/crdt/delta.go:277.2,278.12 2 0
github.com/eislab-cps/synctree/pkg/crdt/delta.go:282.61,286.31 2 1
github.com/eislab-cps/synctree/pkg/crdt/delta.go:286.31,288.3 1 1
github.com/eislab-cps/synctree/pkg/crdt/delta.go:290.2,290.14 1 1
github.com/eislab-cps/synctree/pkg/crdt/delta.go:294.63,296.35 1 1
github.com/eislab-cps/synctree/pkg/crdt/delta.go:296.35,298.3 1 1
github.com/eislab-cps/synctree/pkg/crdt/delta.go:301.2,302.19 2 1
github.com/eislab-cps/synctree/pkg/crdt/delta.go:302.19,304.3 1 1
github.com/eislab-cps/synctree/pkg/crdt/delta.go:305.2,305.19 1 1
github.com/eislab-cps/synctree/pkg/crdt/delta.go:305.19,307.3 1 1
github.com/eislab-cps/synctree/pkg/crdt/delta.go:309.2,309.22 1 1
github.com/eislab-cps/synctree/pkg/crdt/delta.go:309.22,312.11 3 1
github.com/eislab-cps/synctree/pkg/crdt/delta.go:312.11,314.4 1 1
github.com/eislab-cps/synctree/pkg/crdt/delta.go:315.3,315.11 1 1
github.com/eislab-cps/synctree/pkg/crdt/delta.go:315.11,317.4 1 0
github.com/eislab-cps/synctree/pkg/crdt/delta.go:318.3,318.14 1 1
github.com/eislab-cps/synctree/pkg/crdt/delta.go:318.14,320.4 1 1
github.com/eislab-cps/synctree/pkg/crdt/delta.go:322.2,322.13 1 0
github.com/eislab-cps/synctree/pkg/crdt/delta.go:325.71,327.2 1 1
github.com/eislab-cps/synctree/pkg/crdt/delta.go:330.42,332.2 1 1
github.com/eislab-cps/synctree/pkg/crdt/delta.go:334.45,336.2 1 1
github.com/eislab-cps/synctree/pkg/crdt/json_pointer.go:9.66,10.17 1 1
github.com/eislab-cps/synctree/pkg/crdt/json_pointer.go:10.17,11.29 1 1
github.com/eislab-cps/synctree/pkg/crdt/json_pointer.go:11.29,13.4 1 1
github.com/eislab-cps/synctree/pkg/crdt/json_pointer.go:13.9,13.36 1 0
github.com/eislab-cps/synctree/pkg/crdt/json_pointer.go:13.36,16.15 3 0
github.com/eislab-cps/synctree/pkg/crdt/json_pointer.go:16.15,18.5 1 0
github.com/eislab-cps/synctree/pkg/crdt/json_pointer.go:19.4,19.21 1 0
github.com/eislab-cps/synctree/pkg/crdt/json_pointer.go:23.2,23.35 1 1
github.com/eislab-cps/synctree/pkg/crdt/json_pointer.go:23.35,25.3 1 0
github.com/eislab-cps/synctree/pkg/crdt/json_pointer.go:27.2,28.21 2 1
github.com/eislab-cps/synctree/pkg/crdt/json_pointer.go:28.21,30.3 1 0
github.com/eislab-cps/synctree/pkg/crdt/json_pointer.go:32.2,35.45 2 1
github.com/eislab-cps/synctree/pkg/crdt/json_pointer.go:35.45,38.14 3 1
github.com/eislab-cps/synctree/pkg/crdt/json_pointer.go:38.14,40.4 1 0
github.com/eislab-cps/synctree/pkg/crdt/json_pointer.go:41.3,41.15 1 1
github.com/eislab-cps/synctree/pkg/crdt/json_pointer.go:44.2,44.29 1 1
github.com/eislab-cps/synctree/pkg/crdt/json_pointer.go:44.29,45.19 1 1
github.com/eislab-cps/synctree/pkg/crdt/json_pointer.go:45.19,47.18 2 0
github.com/eislab-cps/synctree/pkg/crdt/json_pointer.go:47.18,49.5 1 0
github.com/eislab-cps/synctree/pkg/crdt/json_pointer.go:51.4,52.40 2 0
github.com/eislab-cps/synctree/pkg/crdt/json_pointer.go:52.40,54.5 1 0
github.com/eislab-cps/synctree/pkg/crdt/json_pointer.go:56.4,58.15 3 0
github.com/eislab-cps/synctree/pkg/crdt/json_pointer.go:58.15,60.5 1 0
github.com/eislab-cps/synctree/pkg/crdt/json_pointer.go:61.4,61.16 1 0
github.com/eislab-cps/synctree/pkg/crdt/json_pointer.go:63.9,65.36 2 1
github.com/eislab-cps/synctree/pkg/crdt/json_pointer.go:65.36,66.27 1 1
github.com/eislab-cps/synctree/pkg/crdt/json_pointer.go:66.27,68.17 2 1
github.com/eislab-cps/synctree/pkg/crdt/json_pointer.go:68.17,70.7 1 0
github.com/eislab-cps/synctree/pkg/crdt/json_pointer.go:71.6,73.11 3 1
github.com/eislab-cps/synctree/pkg/crdt/json_pointer.go:76.4,76.14 1 1
github.com/eislab-cps/synctree/pkg/crdt/json_pointer.go:76.14,78.5 1 0
github.com/eislab-cps/synctree/pkg/crdt/json_pointer.go:82.2,82.18 1 1
github.com/eislab-cps/synctree/pkg/crdt/json_pointer.go:85.69,87.16 2 0
github.com/eislab-cps/synctree/pkg/crdt/json_pointer.go:87.16,89.3 1 0
github.com/eislab-cps/synctree/pkg/crdt/json_pointer.go:90.2,90.21 1 0
github.com/eislab-cps/synctree/pkg/crdt/json_pointer.go:90.21,92.3 1 0
github.com/eislab-cps/synctree/pkg/crdt/json_pointer.go:93.2,93.30 1 0
github.com/eislab-cps/synctree/pkg/crdt/json_pointer.go:93.30,95.3 1 0
github.com/eislab-cps/synctree/pkg/crdt/json_pointer.go:96.2,96.31 1 0
github.com/eislab-cps/synctree/pkg/crdt/json_pointer.go:99.70,101.16 2 0
github.com/eislab-cps/synctree/pkg/crdt/json_pointer.go:101.16,103.3 1 0
github.com/eislab-cps/synctree/pkg/crdt/json_pointer.go:104.2,104.40 1 0
github.com/eislab-cps/synctree/pkg/crdt/json_pointer.go:104.40,106.3 1 0
github.com/eislab-cps/synctree/pkg/crdt/json_pointer.go:107.2,107.67 1 0
github.com/eislab-cps/synctree/pkg/crdt/op_setliteral.go:11.92,13.56 2 0
github.com/eislab-cps/synctree/pkg/crdt/op_setliteral.go:13.56,21.3 2 0
github.com/eislab-cps/synctree/pkg/crdt/op_setliteral.go:23.2,23.17 1 0
github.com/eislab-cps/synctree/pkg/crdt/op_setliteral.go:26.100,29.28 2 0
github.com/eislab-cps/synctree/pkg/crdt/op_setliteral.go:29.28,30.21 1 0
github.com/eislab-cps/synctree/pkg/crdt/op_setliteral.go:30.21,32.4 1 0
github.com/eislab-cps/synctree/pkg/crdt/op_setliteral.go:34.2,44.12 3 0
github.com/eislab-cps/synctree/pkg/crdt/op_setliteral.go:47.65,55.85 6 1
github.com/eislab-cps/synctree/pkg/crdt/op_setliteral.go:55.85,70.23 6 1
github.com/eislab-cps/synctree/pkg/crdt/op_setliteral.go:70.23,72.4 1 0
github.com/eislab-cps/synctree/pkg/crdt/op_setliteral.go:72.10,74.4 0 1
github.com/eislab-cps/synctree/pkg/crdt/op_setliteral.go:75.8,85.3 2 0
github.com/eislab-cps/synctree/pkg/crdt/op_setliteral.go:87.2,87.12 1 1
github.com/eislab-cps/synctree/pkg/crdt/op_setliteral.go:90.104,99.56 2 1
github.com/eislab-cps/synctree/pkg/crdt/op_setliteral.go:99.56,107.3 2 0
github.com/eislab-cps/synctree/pkg/crdt/op_setliteral.go:109.2,109.12 1 1
github.com/eislab-cps/synctree/pkg/crdt/securetree_adapter.go:61.9,63.16 2 1
github.com/eislab-cps/synctree/pkg/crdt/securetree_adapter.go:63.16,65.3 1 0
github.com/eislab-cps/synctree/pkg/crdt/securetree_adapter.go:67.2,69.19 2 1
github.com/eislab-cps/synctree/pkg/crdt/securetree_adapter.go:69.19,70.57 1 1
github.com/eislab-cps/synctree/pkg/crdt/securetree_adapter.go:70.57,77.4 2 0
github.com/eislab-cps/synctree/pkg/crdt/securetree_adapter.go:80.2,81.16 2 1
github.com/eislab-cps/synctree/pkg/crdt/securetree_adapter.go:81.16,83.3 1 0
github.com/eislab-cps/synctree/pkg/crdt/securetree_adapter.go:85.2,86.16 2 1
github.com/eislab-cps/synctree/pkg/crdt/securetree_adapter.go:86.16,88.3 1 0
github.com/eislab-cps/synctree/pkg/crdt/securetree_adapter.go:90.2,90.17 1 1
github.com/eislab-cps/synctree/pkg/crdt/securetree_adapter.go:90.17,92.3 1 1
github.com/eislab-cps/synctree/pkg/crdt/securetree_adapter.go:94.2,94.12 1 1
github.com/eislab-cps/synctree/pkg/crdt/securetree_adapter.go:97.50,99.2 1 0
github.com/eislab-cps/synctree/pkg/crdt/securetree_adapter.go:101.94,102.66 1 0
github.com/eislab-cps/synctree/pkg/crdt/securetree_adapter.go:102.66,105.17 2 0
github.com/eislab-cps/synctree/pkg/crdt/securetree_adapter.go:105.17,107.4 1 0
github.com/eislab-cps/synctree/pkg/crdt/securetree_adapter.go:108.3,108.25 1 0
github.com/eislab-cps/synctree/pkg/crdt/securetree_adapter.go:111.2,112.31 2 0
github.com/eislab-cps/synctree/pkg/crdt/securetree_adapter.go:112.31,114.3 1 0
github.com/eislab-cps/synctree/pkg/crdt/securetree_adapter.go:115.2,122.17 2 0
github.com/eislab-cps/synctree/pkg/crdt/securetree_adapter.go:125.67,127.2 1 1
github.com/eislab-cps/synctree/pkg/crdt/securetree_adapter.go:129.90,132.66 2 1
github.com/eislab-cps/synctree/pkg/crdt/securetree_adapter.go:132.66,134.17 2 1
github.com/eislab-cps/synctree/pkg/crdt/securetree_adapter.go:134.17,136.4 1 0
github.com/eislab-cps/synctree/pkg/crdt/securetree_adapter.go:137.3,138.25 2 1
github.com/eislab-cps/synctree/pkg/crdt/securetree_adapter.go:141.2,148.16 2 1
github.com/eislab-cps/synctree/pkg/crdt/securetree_adapter.go:148.16,150.3 1 0
github.com/eislab-cps/synctree/pkg/crdt/securetree_adapter.go:152.2,152.60 1 1
github.com/eislab-cps/synctree/pkg/crdt/securetree_adapter.go:155.120,158.66 2 1
github.com/eislab-cps/synctree/pkg/crdt/securetree_adapter.go:158.66,161.17 2 1
github.com/eislab-cps/synctree/pkg/crdt/securetree_adapter.go:161.17,163.4 1 0
github.com/eislab-cps/synctree/pkg/crdt/securetree_adapter.go:164.3,165.25 2 1
github.com/eislab-cps/synctree/pkg/crdt/securetree_adapter.go:168.2,175.16 2 1
github.com/eislab-cps/synctree/pkg/crdt/securetree_adapter.go:175.16,177.3 1 0
github.com/eislab-cps/synctree/pkg/crdt/securetree_adapter.go:179.2,179.28 1 1
github.com/eislab-cps/synctree/pkg/crdt/securetree_adapter.go:182.85,184.16 2 0
github.com/eislab-cps/synctree/pkg/crdt/securetree_adapter.go:184.16,186.3 1 0
github.com/eislab-cps/synctree/pkg/crdt/securetree_adapter.go:187.2,187.64 1 0
github.com/eislab-cps/synctree/pkg/crdt/securetree_adapter.go:190.91,191.66 1 0
github.com/eislab-cps/synctree/pkg/crdt/securetree_adapter.go:191.66,192.66 1 0
github.com/eislab-cps/synctree/pkg/crdt/securetree_adapter.go:192.66,194.4 1 0
github.com/eislab-cps/synctree/pkg/crdt/securetree_adapter.go:195.3,195.25 1 0
github.com/eislab-cps/synctree/pkg/crdt/securetree_adapter.go:198.2,206.17 2 0
github.com/eislab-cps/synctree/pkg/crdt/securetree_adapter.go:213.55,215.16 2 1
github.com/eislab-cps/synctree/pkg/crdt/securetree_adapter.go:215.16,217.3 1 0
github.com/eislab-cps/synctree/pkg/crdt/securetree_adapter.go:219.2,227.8 6 1
github.com/eislab-cps/synctree/pkg/crdt/securetree_adapter.go:230.57,232.2 1 0
github.com/eislab-cps/synctree/pkg/crdt/securetree_adapter.go:234.154,237.66 2 0
github.com/eislab-cps/synctree/pkg/crdt/securetree_adapter.go:237.66,242.3 3 0
github.com/eislab-cps/synctree/pkg/crdt/securetree_adapter.go:244.2,252.16 2 0
github.com/eislab-cps/synctree/pkg/crdt/securetree_adapter.go:252.16,254.3 1 0
github.com/eislab-cps/synctree/pkg/crdt/securetree_adapter.go:256.2,256.60 1 0
github.com/eislab-cps/synctree/pkg/crdt/securetree_adapter.go:259.124,262.66 2 0
github.com/eislab-cps/synctree/pkg/crdt/securetree_adapter.go:262.66,267.3 3 0
github.com/eislab-cps/synctree/pkg/crdt/securetree_adapter.go:275.2,283.16 2 0
github.com/eislab-cps/synctree/pkg/crdt/securetree_adapter.go:283.16,285.3 1 0
github.com/eislab-cps/synctree/pkg/crdt/securetree_adapter.go:291.2,291.60 1 0
github.com/eislab-cps/synctree/pkg/crdt/securetree_adapter.go:294.76,296.9 2 0
github.com/eislab-cps/synctree/pkg/crdt/securetree_adapter.go:296.9,298.3 1 0
github.com/eislab-cps/synctree/pkg/crdt/securetree_adapter.go:299.2,299.53 1 0
github.com/eislab-cps/synctree/pkg/crdt/securetree_adapter.go:302.101,304.16 2 0
github.com/eislab-cps/synctree/pkg/crdt/securetree_adapter.go:304.16,306.3 1 0
github.com/eislab-cps/synctree/pkg/crdt/securetree_adapter.go:307.2,307.52 1 0
github.com/eislab-cps/synctree/pkg/crdt/securetree_adapter.go:310.82,312.2 1 0
github.com/eislab-cps/synctree/pkg/crdt/securetree_adapter.go:314.80,316.16 2 1
github.com/eislab-cps/synctree/pkg/crdt/securetree_adapter.go:316.16,318.3 1 0
github.com/eislab-cps/synctree/pkg/crdt/securetree_adapter.go:319.2,319.52 1 1
github.com/eislab-cps/synctree/pkg/crdt/securetree_adapter.go:322.83,324.2 1 0
github.com/eislab-cps/synctree/pkg/crdt/securetree_adapter.go:326.108,327.66 1 0
github.com/eislab-cps/synctree/pkg/crdt/securetree_adapter.go:327.66,330.10 2 0
github.com/eislab-cps/synctree/pkg/crdt/securetree_adapter.go:330.10,332.4 1 0
github.com/eislab-cps/synctree/pkg/crdt/securetree_adapter.go:333.3,333.71 1 0
github.com/eislab-cps/synctree/pkg/crdt/securetree_adapter.go:333.71,335.4 1 0
github.com/eislab-cps/synctree/pkg/crdt/securetree_adapter.go:336.3,336.19 1 0
github.com/eislab-cps/synctree/pkg/crdt/securetree_adapter.go:340.2,348.17 2 0
github.com/eislab-cps/synctree/pkg/crdt/securetree_adapter.go:351.97,352.66 1 0
github.com/eislab-cps/synctree/pkg/crdt/securetree_adapter.go:352.66,354.10 2 0
github.com/eislab-cps/synctree/pkg/crdt/securetree_adapter.go:354.10,356.4 1 0
github.com/eislab-cps/synctree/pkg/crdt/securetree_adapter.go:357.3,357.67 1 0
github.com/eislab-cps/synctree/pkg/crdt/securetree_adapter.go:357.67,359.4 1 0
github.com/eislab-cps/synctree/pkg/crdt/securetree_adapter.go:360.3,360.19 1 0
github.com/eislab-cps/synctree/pkg/crdt/securetree_adapter.go:363.2,371.17 2 0
github.com/eislab-cps/synctree/pkg/crdt/securetree_adapter.go:374.111,375.66 1 0
github.com/eislab-cps/synctree/pkg/crdt/securetree_adapter.go:375.66,377.10 2 0
github.com/eislab-cps/synctree/pkg/crdt/securetree_adapter.go:377.10,379.4 1 0
github.com/eislab-cps/synctree/pkg/crdt/securetree_adapter.go:380.3,380.74 1 0
github.com/eislab-cps/synctree/pkg/crdt/securetree_adapter.go:380.74,382.4 1 0
github.com/eislab-cps/synctree/pkg/crdt/securetree_adapter.go:383.3,383.19 1 0
github.com/eislab-cps/synctree/pkg/crdt/securetree_adapter.go:386.2,394.17 2 0
github.com/eislab-cps/synctree/pkg/crdt/securetree_adapter.go:397.112,398.66 1 0
github.com/eislab-cps/synctree/pkg/crdt/securetree_adapter.go:398.66,400.10 2 0
github.com/eislab-cps/synctree/pkg/crdt/securetree_adapter.go:400.10,402.4 1 0
github.com/eislab-cps/synctree/pkg/crdt/securetree_adapter.go:403.3,403.75 1 0
github.com/eislab-cps/synctree/pkg/crdt/securetree_adapter.go:403.75,405.4 1 0
github.com/eislab-cps/synctree/pkg/crdt/securetree_adapter.go:406.3,406.19 1 0
github.com/eislab-cps/synctree/pkg/crdt/securetree_adapter.go:409.2,417.17 2 0
github.com/eislab-cps/synctree/pkg/crdt/securetree_adapter.go:420.136,421.66 1 0
github.com/eislab-cps/synctree/pkg/crdt/securetree_adapter.go:421.66,423.10 2 0
github.com/eislab-cps/synctree/pkg/crdt/securetree_adapter.go:423.10,425.4 1 0
github.com/eislab-cps/synctree/pkg/crdt/securetree_adapter.go:426.3,426.87 1 0
github.com/eislab-cps/synctree/pkg/crdt/securetree_adapter.go:426.87,428.4 1 0
github.com/eislab-cps/synctree/pkg/crdt/securetree_adapter.go:429.3,429.19 1 0
github.com/eislab-cps/synctree/pkg/crdt/securetree_adapter.go:432.2,440.17 2 0
github.com/eislab-cps/synctree/pkg/crdt/securetree_adapter.go:443.137,444.66 1 0
github.com/eislab-cps/synctree/pkg/crdt/securetree_adapter.go:444.66,446.10 2 0
github.com/eislab-cps/synctree/pkg/crdt/securetree_adapter.go:446.10,448.4 1 0
github.com/eislab-cps/synctree/pkg/crdt/securetree_adapter.go:449.3,449.88 1 0
github.com/eislab-cps/synctree/pkg/crdt/securetree_adapter.go:449.88,451.4 1 0
github.com/eislab-cps/synctree/pkg/crdt/securetree_adapter.go:452.3,452.19 1 0
github.com/eislab-cps/synctree/pkg/crdt/securetree_adapter.go:455.2,463.17 2 0
github.com/eislab-cps/synctree/pkg/crdt/securetree_adapter.go:466.75,469.2 2 0
github.com/eislab-cps/synctree/pkg/crdt/securetree_adapter.go:471.96,473.16 2 1
github.com/eislab-cps/synctree/pkg/crdt/securetree_adapter.go:473.16,475.3 1 0
github.com/eislab-cps/synctree/pkg/crdt/securetree_adapter.go:476.2,476.55 1 1
github.com/eislab-cps/synctree/pkg/crdt/securetree_adapter.go:479.135,481.16 2 0
github.com/eislab-cps/synctree/pkg/crdt/securetree_adapter.go:481.16,483.3 1 0
github.com/eislab-cps/synctree/pkg/crdt/securetree_adapter.go:484.2,484.75 1 0
github.com/eislab-cps/synctree/pkg/crdt/securetree_adapter.go:487.125,489.16 2 0
github.com/eislab-cps/synctree/pkg/crdt/securetree_adapter.go:489.16,491.3 1 0
github.com/eislab-cps/synctree/pkg/crdt/securetree_adapter.go:492.2,492.72 1 0
github.com/eislab-cps/synctree/pkg/crdt/securetree_adapter.go:495.62,497.2 1 0
github.com/eislab-cps/synctree/pkg/crdt/securetree_adapter.go:499.57,501.2 1 0
github.com/eislab-cps/synctree/pkg/crdt/securetree_adapter.go:503.56,505.2 1 0
github.com/eislab-cps/synctree/pkg/crdt/securetree_adapter.go:507.61,509.16 2 0
github.com/eislab-cps/synctree/pkg/crdt/securetree_adapter.go:509.16,511.3 1 0
github.com/eislab-cps/synctree/pkg/crdt/securetree_adapter.go:512.2,512.56 1 0
github.com/eislab-cps/synctree/pkg/crdt/securetree_adapter.go:515.40,517.2 1 0
github.com/eislab-cps/synctree/pkg/crdt/securetree_adapter.go:519.52,521.2 1 0
github.com/eislab-cps/synctree/pkg/crdt/security.go:32.58,53.16 8 1
github.com/eislab-cps/synctree/pkg/crdt/security.go:53.16,55.3 1 0
github.com/eislab-cps/synctree/pkg/crdt/security.go:57.2,71.20 12 1
github.com/eislab-cps/synctree/pkg/crdt/security.go:75.69,82.2 6 1
github.com/eislab-cps/synctree/pkg/crdt/security.go:85.78,91.19 5 1
github.com/eislab-cps/synctree/pkg/crdt/security.go:91.19,93.3 1 0
github.com/eislab-cps/synctree/pkg/crdt/security.go:94.2,96.25 2 1
github.com/eislab-cps/synctree/pkg/crdt/security.go:96.25,99.17 3 0
github.com/eislab-cps/synctree/pkg/crdt/security.go:99.17,101.4 1 0
github.com/eislab-cps/synctree/pkg/crdt/security.go:102.3,106.23 5 0
github.com/eislab-cps/synctree/pkg/crdt/security.go:109.2,109.19 1 1
github.com/eislab-cps/synctree/pkg/crdt/security.go:109.19,111.3 1 0
github.com/eislab-cps/synctree/pkg/crdt/security.go:113.2,114.12 2 1
github.com/eislab-cps/synctree/pkg/crdt/security.go:117.37,119.16 2 0
github.com/eislab-cps/synctree/pkg/crdt/security.go:119.16,121.3 1 0
github.com/eislab-cps/synctree/pkg/crdt/security.go:122.2,122.23 1 0
github.com/eislab-cps/synctree/pkg/crdt/security.go:125.58,128.16 3 1
github.com/eislab-cps/synctree/pkg/crdt/security.go:128.16,134.3 2 0
github.com/eislab-cps/synctree/pkg/crdt/security.go:136.2,137.16 2 1
github.com/eislab-cps/synctree/pkg/crdt/security.go:137.16,143.3 2 0
github.com/eislab-cps/synctree/pkg/crdt/security.go:145.2,148.12 3 1
github.com/eislab-cps/synctree/pkg/crdt/security.go:151.45,153.16 2 0
github.com/eislab-cps/synctree/pkg/crdt/security.go:153.16,159.3 2 0
github.com/eislab-cps/synctree/pkg/crdt/security.go:160.2,161.16 2 0
github.com/eislab-cps/synctree/pkg/crdt/security.go:161.16,167.3 2 0
github.com/eislab-cps/synctree/pkg/crdt/security.go:169.2,170.16 2 0
github.com/eislab-cps/synctree/pkg/crdt/security.go:170.16,176.3 2 0
github.com/eislab-cps/synctree/pkg/crdt/security.go:178.2,179.16 2 0
github.com/eislab-cps/synctree/pkg/crdt/security.go:179.16,185.3 2 0
github.com/eislab-cps/synctree/pkg/crdt/security.go:186.2,186.12 1 0
github.com/eislab-cps/synctree/pkg/crdt/security.go:186.12,193.3 2 0
github.com/eislab-cps/synctree/pkg/crdt/security.go:195.2,196.16 2 0
github.com/eislab-cps/synctree/pkg/crdt/security.go:196.16,202.3 2 0
github.com/eislab-cps/synctree/pkg/crdt/security.go:204.2,204.36 1 0
github.com/eislab-cps/synctree/pkg/crdt/security.go:204.36,211.3 2 0
github.com/eislab-cps/synctree/pkg/crdt/security.go:213.2,213.25 1 0
github.com/eislab-cps/synctree/pkg/crdt/serialisation.go:19.92,21.2 1 0
github.com/eislab-cps/synctree/pkg/crdt/serialisation.go:23.101,26.2 2 1
github.com/eislab-cps/synctree/pkg/crdt/serialisation.go:28.131,29.20 1 0
github.com/eislab-cps/synctree/pkg/crdt/serialisation.go:29.20,30.20 1 0
github.com/eislab-cps/synctree/pkg/crdt/serialisation.go:30.20,32.4 1 0
github.com/eislab-cps/synctree/pkg/crdt/serialisation.go:33.3,33.23 1 0
github.com/eislab-cps/synctree/pkg/crdt/serialisation.go:35.2,36.9 2 0
github.com/eislab-cps/synctree/pkg/crdt/serialisation.go:36.9,38.3 1 0
github.com/eislab-cps/synctree/pkg/crdt/serialisation.go:40.2,40.19 1 0
github.com/eislab-cps/synctree/pkg/crdt/serialisation.go:40.19,42.3 1 0
github.com/eislab-cps/synctree/pkg/crdt/serialisation.go:44.2,44.76 1 0
github.com/eislab-cps/synctree/pkg/crdt/serialisation.go:47.140,48.20 1 0
github.com/eislab-cps/synctree/pkg/crdt/serialisation.go:48.20,49.20 1 0
github.com/eislab-cps/synctree/pkg/crdt/serialisation.go:49.20,51.4 1 0
github.com/eislab-cps/synctree/pkg/crdt/serialisation.go:52.3,52.23 1 0
github.com/eislab-cps/synctree/pkg/crdt/serialisation.go:54.2,55.9 2 0
github.com/eislab-cps/synctree/pkg/crdt/serialisation.go:55.9,57.3 1 0
github.com/eislab-cps/synctree/pkg/crdt/serialisation.go:59.2,59.19 1 0
github.com/eislab-cps/synctree/pkg/crdt/serialisation.go:59.19,61.3 1 0
github.com/eislab-cps/synctree/pkg/crdt/serialisation.go:63.2,64.80 2 0
github.com/eislab-cps/synctree/pkg/crdt/serialisation.go:67.121,68.20 1 0
github.com/eislab-cps/synctree/pkg/crdt/serialisation.go:68.20,69.20 1 0
github.com/eislab-cps/synctree/pkg/crdt/serialisation.go:69.20,71.4 1 0
github.com/eislab-cps/synctree/pkg/crdt/serialisation.go:72.3,72.23 1 0
github.com/eislab-cps/synctree/pkg/crdt/serialisation.go:74.2,75.9 2 0
github.com/eislab-cps/synctree/pkg/crdt/serialisation.go:75.9,77.3 1 0
github.com/eislab-cps/synctree/pkg/crdt/serialisation.go:79.2,79.21 1 0
github.com/eislab-cps/synctree/pkg/crdt/serialisation.go:79.21,81.3 1 0
github.com/eislab-cps/synctree/pkg/crdt/serialisation.go:83.2,83.75 1 0
github.com/eislab-cps/synctree/pkg/crdt/serialisation.go:86.130,87.20 1 0
github.com/eislab-cps/synctree/pkg/crdt/serialisation.go:87.20,88.20 1 0
github.com/eislab-cps/synctree/pkg/crdt/serialisation.go:88.20,90.4 1 0
github.com/eislab-cps/synctree/pkg/crdt/serialisation.go:91.3,91.23 1 0
github.com/eislab-cps/synctree/pkg/crdt/serialisation.go:93.2,94.9 2 0
github.com/eislab-cps/synctree/pkg/crdt/serialisation.go:94.9,96.3 1 0
github.com/eislab-cps/synctree/pkg/crdt/serialisation.go:98.2,98.21 1 0
github.com/eislab-cps/synctree/pkg/crdt/serialisation.go:98.21,100.3 1 0
github.com/eislab-cps/synctree/pkg/crdt/serialisation.go:102.2,103.79 2 0
github.com/eislab-cps/synctree/pkg/crdt/serialisation.go:106.205,109.20 3 1
github.com/eislab-cps/synctree/pkg/crdt/serialisation.go:109.20,111.3 1 0
github.com/eislab-cps/synctree/pkg/crdt/serialisation.go:111.8,113.3 1 1
github.com/eislab-cps/synctree/pkg/crdt/serialisation.go:115.2,116.55 2 1
github.com/eislab-cps/synctree/pkg/crdt/serialisation.go:116.55,118.3 1 0
github.com/eislab-cps/synctree/pkg/crdt/serialisation.go:120.2,123.20 3 1
github.com/eislab-cps/synctree/pkg/crdt/serialisation.go:126.211,129.25 2 1
github.com/eislab-cps/synctree/pkg/crdt/serialisation.go:130.30,134.13 3 1
github.com/eislab-cps/synctree/pkg/crdt/serialisation.go:134.13,136.18 2 1
github.com/eislab-cps/synctree/pkg/crdt/serialisation.go:136.18,138.5 1 0
github.com/eislab-cps/synctree/pkg/crdt/serialisation.go:141.3,141.20 1 1
github.com/eislab-cps/synctree/pkg/crdt/serialisation.go:141.20,142.25 1 1
github.com/eislab-cps/synctree/pkg/crdt/serialisation.go:142.25,144.19 2 0
github.com/eislab-cps/synctree/pkg/crdt/serialisation.go:144.19,146.6 1 0
github.com/eislab-cps/synctree/pkg/crdt/serialisation.go:147.10,149.19 2 1
github.com/eislab-cps/synctree/pkg/crdt/serialisation.go:149.19,151.6 1 0
github.com/eislab-cps/synctree/pkg/crdt/serialisation.go:153.4,153.14 1 1
github.com/eislab-cps/synctree/pkg/crdt/serialisation.go:153.14,155.19 2 1
github.com/eislab-cps/synctree/pkg/crdt/serialisation.go:155.19,157.6 1 0
github.com/eislab-cps/synctree/pkg/crdt/serialisation.go:158.5,159.19 2 1
github.com/eislab-cps/synctree/pkg/crdt/serialisation.go:159.19,161.6 1 0
github.com/eislab-cps/synctree/pkg/crdt/serialisation.go:165.3,165.31 1 1
github.com/eislab-cps/synctree/pkg/crdt/serialisation.go:165.31,167.18 2 1
github.com/eislab-cps/synctree/pkg/crdt/serialisation.go:167.18,169.5 1 0
github.com/eislab-cps/synctree/pkg/crdt/serialisation.go:172.3,172.24 1 1
github.com/eislab-cps/synctree/pkg/crdt/serialisation.go:174.21,178.13 3 0
github.com/eislab-cps/synctree/pkg/crdt/serialisation.go:178.13,180.18 2 0
github.com/eislab-cps/synctree/pkg/crdt/serialisation.go:180.18,182.5 1 0
github.com/eislab-cps/synctree/pkg/crdt/serialisation.go:185.3,185.20 1 0
github.com/eislab-cps/synctree/pkg/crdt/serialisation.go:185.20,186.25 1 0
github.com/eislab-cps/synctree/pkg/crdt/serialisation.go:186.25,188.19 2 0
github.com/eislab-cps/synctree/pkg/crdt/serialisation.go:188.19,190.6 1 0
github.com/eislab-cps/synctree/pkg/crdt/serialisation.go:191.10,193.19 2 0
github.com/eislab-cps/synctree/pkg/crdt/serialisation.go:193.19,195.6 1 0
github.com/eislab-cps/synctree/pkg/crdt/serialisation.go:197.4,197.14 1 0
github.com/eislab-cps/synctree/pkg/crdt/serialisation.go:197.14,199.19 2 0
github.com/eislab-cps/synctree/pkg/crdt/serialisation.go:199.19,201.6 1 0
github.com/eislab-cps/synctree/pkg/crdt/serialisation.go:202.5,203.19 2 0
github.com/eislab-cps/synctree/pkg/crdt/serialisation.go:203.19,205.6 1 0
github.com/eislab-cps/synctree/pkg/crdt/serialisation.go:209.3,209.28 1 0
github.com/eislab-cps/synctree/pkg/crdt/serialisation.go:209.28,211.18 2 0
github.com/eislab-cps/synctree/pkg/crdt/serialisation.go:211.18,213.5 1 0
github.com/eislab-cps/synctree/pkg/crdt/serialisation.go:216.3,216.26 1 0
github.com/eislab-cps/synctree/pkg/crdt/serialisation.go:218.10,223.17 4 1
github.com/eislab-cps/synctree/pkg/crdt/serialisation.go:223.17,225.4 1 0
github.com/eislab-cps/synctree/pkg/crdt/serialisation.go:226.3,226.13 1 1
github.com/eislab-cps/synctree/pkg/crdt/serialisation.go:226.13,228.18 2 1
github.com/eislab-cps/synctree/pkg/crdt/serialisation.go:228.18,230.5 1 0
github.com/eislab-cps/synctree/pkg/crdt/serialisation.go:232.3,232.20 1 1
github.com/eislab-cps/synctree/pkg/crdt/serialisation.go:232.20,233.25 1 1
github.com/eislab-cps/synctree/pkg/crdt/serialisation.go:233.25,235.19 2 0
github.com/eislab-cps/synctree/pkg/crdt/serialisation.go:235.19,237.6 1 0
github.com/eislab-cps/synctree/pkg/crdt/serialisation.go:238.10,240.19 2 1
github.com/eislab-cps/synctree/pkg/crdt/serialisation.go:240.19,242.6 1 0
github.com/eislab-cps/synctree/pkg/crdt/serialisation.go:244.4,244.14 1 1
github.com/eislab-cps/synctree/pkg/crdt/serialisation.go:244.14,246.19 2 1
github.com/eislab-cps/synctree/pkg/crdt/serialisation.go:246.19,248.6 1 0
github.com/eislab-cps/synctree/pkg/crdt/serialisation.go:249.5,250.19 2 1
github.com/eislab-cps/synctree/pkg/crdt/serialisation.go:250.19,252.6 1 0
github.com/eislab-cps/synctree/pkg/crdt/serialisation.go:255.3,255.24 1 1
github.com/eislab-cps/synctree/pkg/crdt/serialisation.go:259.43,263.32 3 0
github.com/eislab-cps/synctree/pkg/crdt/serialisation.go:263.32,265.35 2 0
github.com/eislab-cps/synctree/pkg/crdt/serialisation.go:265.35,272.4 1 0
github.com/eislab-cps/synctree/pkg/crdt/serialisation.go:274.3,289.4 1 0
github.com/eislab-cps/synctree/pkg/crdt/serialisation.go:292.2,296.25 4 0
github.com/eislab-cps/synctree/pkg/crdt/serialisation.go:296.25,298.17 2 0
github.com/eislab-cps/synctree/pkg/crdt/serialisation.go:298.17,300.4 1 0
github.com/eislab-cps/synctree/pkg/crdt/serialisation.go:301.3,301.49 1 0
github.com/eislab-cps/synctree/pkg/crdt/serialisation.go:304.2,304.49 1 0
github.com/eislab-cps/synctree/pkg/crdt/serialisation.go:307.44,309.51 2 0
github.com/eislab-cps/synctree/pkg/crdt/serialisation.go:309.51,311.3 1 0
github.com/eislab-cps/synctree/pkg/crdt/serialisation.go:313.2,314.9 2 0
github.com/eislab-cps/synctree/pkg/crdt/serialisation.go:314.9,316.3 1 0
github.com/eislab-cps/synctree/pkg/crdt/serialisation.go:318.2,320.35 2 0
github.com/eislab-cps/synctree/pkg/crdt/serialisation.go:320.35,340.68 4 0
github.com/eislab-cps/synctree/pkg/crdt/serialisation.go:340.68,341.31 1 0
github.com/eislab-cps/synctree/pkg/crdt/serialisation.go:341.31,342.40 1 0
github.com/eislab-cps/synctree/pkg/crdt/serialisation.go:342.40,344.6 1 0
github.com/eislab-cps/synctree/pkg/crdt/serialisation.go:348.3,348.26 1 0
github.com/eislab-cps/synctree/pkg/crdt/serialisation.go:351.2,351.35 1 0
github.com/eislab-cps/synctree/pkg/crdt/serialisation.go:351.35,354.29 3 0
github.com/eislab-cps/synctree/pkg/crdt/serialisation.go:354.29,362.59 3 0
github.com/eislab-cps/synctree/pkg/crdt/serialisation.go:362.59,364.5 1 0
github.com/eislab-cps/synctree/pkg/crdt/serialisation.go:365.4,365.41 1 0
github.com/eislab-cps/synctree/pkg/crdt/serialisation.go:369.2,369.45 1 0
github.com/eislab-cps/synctree/pkg/crdt/serialisation.go:369.45,371.3 1 0
github.com/eislab-cps/synctree/pkg/crdt/serialisation.go:371.8,373.3 1 0
github.com/eislab-cps/synctree/pkg/crdt/serialisation.go:375.2,375.44 1 0
github.com/eislab-cps/synctree/pkg/crdt/serialisation.go:375.44,377.3 1 0
github.com/eislab-cps/synctree/pkg/crdt/serialisation.go:379.2,379.61 1 0
github.com/eislab-cps/synctree/pkg/crdt/serialisation.go:379.61,381.17 2 0
github.com/eislab-cps/synctree/pkg/crdt/serialisation.go:381.17,383.4 1 0
github.com/eislab-cps/synctree/pkg/crdt/serialisation.go:385.3,386.63 2 0
github.com/eislab-cps/synctree/pkg/crdt/serialisation.go:386.63,388.4 1 0
github.com/eislab-cps/synctree/pkg/crdt/serialisation.go:389.3,389.33 1 0
github.com/eislab-cps/synctree/pkg/crdt/serialisation.go:392.2,392.12 1 0
github.com/eislab-cps/synctree/pkg/crdt/serialisation.go:395.49,397.16 2 0
github.com/eislab-cps/synctree/pkg/crdt/serialisation.go:397.16,399.3 1 0
github.com/eislab-cps/synctree/pkg/crdt/serialisation.go:401.2,401.47 1 0
github.com/eislab-cps/synctree/pkg/crdt/serialisation.go:404.50,407.28 2 0
github.com/eislab-cps/synctree/pkg/crdt/serialisation.go:407.28,409.3 1 0
github.com/eislab-cps/synctree/pkg/crdt/serialisation.go:411.2,411.28 1 0
github.com/eislab-cps/synctree/pkg/crdt/serialisation.go:411.28,414.3 2 0
github.com/eislab-cps/synctree/pkg/crdt/serialisation.go:416.2,417.33 2 0
github.com/eislab-cps/synctree/pkg/crdt/serialisation.go:417.33,419.19 2 0
github.com/eislab-cps/synctree/pkg/crdt/serialisation.go:419.19,421.9 2 0
github.com/eislab-cps/synctree/pkg/crdt/serialisation.go:425.2,425.13 1 0
github.com/eislab-cps/synctree/pkg/crdt/serialisation.go:425.13,429.34 3 0
github.com/eislab-cps/synctree/pkg/crdt/serialisation.go:429.34,431.18 2 0
github.com/eislab-cps/synctree/pkg/crdt/serialisation.go:431.18,433.5 1 0
github.com/eislab-cps/synctree/pkg/crdt/serialisation.go:434.4,434.42 1 0
github.com/eislab-cps/synctree/pkg/crdt/serialisation.go:436.3,436.25 1 0
github.com/eislab-cps/synctree/pkg/crdt/serialisation.go:437.8,440.34 2 0
github.com/eislab-cps/synctree/pkg/crdt/serialisation.go:440.34,442.18 2 0
github.com/eislab-cps/synctree/pkg/crdt/serialisation.go:442.18,444.5 1 0
github.com/eislab-cps/synctree/pkg/crdt/serialisation.go:445.4,445.30 1 0
github.com/eislab-cps/synctree/pkg/crdt/serialisation.go:447.3,447.21 1 0
github.com/eislab-cps/synctree/pkg/crdt/serialisation.go:451.63,454.16 3 0
github.com/eislab-cps/synctree/pkg/crdt/serialisation.go:454.16,456.3 1 0
github.com/eislab-cps/synctree/pkg/crdt/serialisation.go:458.2,458.45 1 0
github.com/eislab-cps/synctree/pkg/crdt/serialisation.go:461.109,462.22 1 0
github.com/eislab-cps/synctree/pkg/crdt/serialisation.go:462.22,464.3 1 0
github.com/eislab-cps/synctree/pkg/crdt/serialisation.go:465.2,467.20 2 0
github.com/eislab-cps/synctree/pkg/crdt/serialisation.go:467.20,469.3 1 0
github.com/eislab-cps/synctree/pkg/crdt/serialisation.go:471.2,475.34 3 0
github.com/eislab-cps/synctree/pkg/crdt/serialisation.go:475.34,477.3 1 0
github.com/eislab-cps/synctree/pkg/crdt/serialisation.go:479.2,479.39 1 0
github.com/eislab-cps/synctree/pkg/crdt/serialisation.go:479.39,480.22 1 0
github.com/eislab-cps/synctree/pkg/crdt/serialisation.go:480.22,481.12 1 0
github.com/eislab-cps/synctree/pkg/crdt/serialisation.go:484.3,485.27 2 0
github.com/eislab-cps/synctree/pkg/crdt/serialisation.go:485.27,486.58 1 0
github.com/eislab-cps/synctree/pkg/crdt/serialisation.go:486.58,488.10 2 0
github.com/eislab-cps/synctree/pkg/crdt/serialisation.go:492.3,492.14 1 0
github.com/eislab-cps/synctree/pkg/crdt/serialisation.go:492.14,495.28 2 0
github.com/eislab-cps/synctree/pkg/crdt/serialisation.go:495.28,498.12 3 0
github.com/eislab-cps/synctree/pkg/crdt/serialisation.go:498.12,500.6 1 0
github.com/eislab-cps/synctree/pkg/crdt/serialisation.go:501.5,501.25 1 0
github.com/eislab-cps/synctree/pkg/crdt/serialisation.go:501.25,503.20 2 0
github.com/eislab-cps/synctree/pkg/crdt/serialisation.go:503.20,505.7 1 0
github.com/eislab-cps/synctree/pkg/crdt/serialisation.go:506.6,507.32 2 0
github.com/eislab-cps/synctree/pkg/crdt/serialisation.go:510.9,513.11 2 0
github.com/eislab-cps/synctree/pkg/crdt/serialisation.go:513.11,515.5 1 0
github.com/eislab-cps/synctree/pkg/crdt/serialisation.go:516.4,517.24 2 0
github.com/eislab-cps/synctree/pkg/crdt/serialisation.go:517.24,519.19 2 0
github.com/eislab-cps/synctree/pkg/crdt/serialisation.go:519.19,521.6 1 0
github.com/eislab-cps/synctree/pkg/crdt/serialisation.go:522.5,522.34 1 0
github.com/eislab-cps/synctree/pkg/crdt/serialisation.go:527.2,527.17 1 0
github.com/eislab-cps/synctree/pkg/crdt/serialisation.go:530.105,531.17 1 0
github.com/eislab-cps/synctree/pkg/crdt/serialisation.go:531.17,533.3 1 0
github.com/eislab-cps/synctree/pkg/crdt/serialisation.go:534.2,537.9 3 0
github.com/eislab-cps/synctree/pkg/crdt/serialisation.go:537.9,539.3 1 0
github.com/eislab-cps/synctree/pkg/crdt/serialisation.go:542.2,542.20 1 0
github.com/eislab-cps/synctree/pkg/crdt/serialisation.go:542.20,545.3 2 0
github.com/eislab-cps/synctree/pkg/crdt/serialisation.go:546.2,546.20 1 0
github.com/eislab-cps/synctree/pkg/crdt/serialisation.go:546.20,548.3 1 0
github.com/eislab-cps/synctree/pkg/crdt/serialisation.go:551.2,551.18 1 0
github.com/eislab-cps/synctree/pkg/crdt/serialisation.go:551.18,554.35 3 0
github.com/eislab-cps/synctree/pkg/crdt/serialisation.go:554.35,556.28 2 0
github.com/eislab-cps/synctree/pkg/crdt/serialisation.go:556.28,558.19 2 0
github.com/eislab-cps/synctree/pkg/crdt/serialisation.go:558.19,560.6 1 0
github.com/eislab-cps/synctree/pkg/crdt/serialisation.go:561.5,561.43 1 0
github.com/eislab-cps/synctree/pkg/crdt/serialisation.go:562.10,564.5 1 0
github.com/eislab-cps/synctree/pkg/crdt/serialisation.go:566.3,566.25 1 0
github.com/eislab-cps/synctree/pkg/crdt/serialisation.go:570.2,570.16 1 0
github.com/eislab-cps/synctree/pkg/crdt/serialisation.go:570.16,572.35 2 0
github.com/eislab-cps/synctree/pkg/crdt/serialisation.go:572.35,574.28 2 0
github.com/eislab-cps/synctree/pkg/crdt/serialisation.go:574.28,576.19 2 0
github.com/eislab-cps/synctree/pkg/crdt/serialisation.go:576.19,578.6 1 0
github.com/eislab-cps/synctree/pkg/crdt/serialisation.go:579.5,579.34 1 0
github.com/eislab-cps/synctree/pkg/crdt/serialisation.go:580.10,582.5 1 0
github.com/eislab-cps/synctree/pkg/crdt/serialisation.go:584.3,584.21 1 0
github.com/eislab-cps/synctree/pkg/crdt/serialisation.go:587.2,587.74 1 0
github.com/eislab-cps/synctree/pkg/crdt/serialisation.go:590.47,592.16 2 0
github.com/eislab-cps/synctree/pkg/crdt/serialisation.go:592.16,594.3 1 0
github.com/eislab-cps/synctree/pkg/crdt/serialisation.go:595.2,596.51 2 0
github.com/eislab-cps/synctree/pkg/crdt/serialisation.go:596.51,598.3 1 0
github.com/eislab-cps/synctree/pkg/crdt/serialisation.go:599.2,599.25 1 0
github.com/eislab-cps/synctree/pkg/crdt/serialisation.go:602.48,603.38 1 0
github.com/eislab-cps/synctree/pkg/crdt/serialisation.go:603.38,606.3 2 0
github.com/eislab-cps/synctree/pkg/crdt/serialisation.go:608.2,608.32 1 0
github.com/eislab-cps/synctree/pkg/crdt/serialisation.go:608.32,610.54 2 0
github.com/eislab-cps/synctree/pkg/crdt/serialisation.go:610.54,613.4 2 0
github.com/eislab-cps/synctree/pkg/crdt/serialisation.go:616.2,616.13 1 0
github.com/eislab-cps/synctree/pkg/crdt/serialisation.go:619.52,620.112 1 0
github.com/eislab-cps/synctree/pkg/crdt/serialisation.go:620.112,628.3 2 0
github.com/eislab-cps/synctree/pkg/crdt/serialisation.go:630.2,630.18 1 0
github.com/eislab-cps/synctree/pkg/crdt/serialisation.go:630.18,631.59 1 0
github.com/eislab-cps/synctree/pkg/crdt/serialisation.go:631.59,651.4 2 0
github.com/eislab-cps/synctree/pkg/crdt/serialisation.go:654.2,654.36 1 0
github.com/eislab-cps/synctree/pkg/crdt/serialisation.go:654.36,657.3 2 0
github.com/eislab-cps/synctree/pkg/crdt/serialisation.go:659.2,659.16 1 0
github.com/eislab-cps/synctree/pkg/crdt/serialisation.go:659.16,668.26 7 0
github.com/eislab-cps/synctree/pkg/crdt/serialisation.go:668.26,669.78 1 0
github.com/eislab-cps/synctree/pkg/crdt/serialisation.go:669.78,672.5 2 0
github.com/eislab-cps/synctree/pkg/crdt/serialisation.go:674.8,678.30 3 0
github.com/eislab-cps/synctree/pkg/crdt/serialisation.go:678.30,680.4 1 0
github.com/eislab-cps/synctree/pkg/crdt/serialisation.go:681.3,681.30 1 0
github.com/eislab-cps/synctree/pkg/crdt/serialisation.go:681.30,683.4 1 0
github.com/eislab-cps/synctree/pkg/crdt/serialisation.go:684.3,684.47 1 0
github.com/eislab-cps/synctree/pkg/crdt/serialisation.go:684.47,687.4 2 0
github.com/eislab-cps/synctree/pkg/crdt/serialisation.go:690.2,690.13 1 0
github.com/eislab-cps/synctree/pkg/crdt/serialisation.go:693.54,695.16 2 0
github.com/eislab-cps/synctree/pkg/crdt/serialisation.go:695.16,697.3 1 0
github.com/eislab-cps/synctree/pkg/crdt/serialisation.go:700.2,701.16 2 0
github.com/eislab-cps/synctree/pkg/crdt/serialisation.go:701.16,703.3 1 0
github.com/eislab-cps/synctree/pkg/crdt/serialisation.go:705.2,706.41 2 0
github.com/eislab-cps/synctree/pkg/crdt/subscription.go:31.62,42.2 3 0
github.com/eislab-cps/synctree/pkg/crdt/subscription.go:44.68,46.9 2 1
github.com/eislab-cps/synctree/pkg/crdt/subscription.go:46.9,48.3 1 0
github.com/eislab-cps/synctree/pkg/crdt/subscription.go:50.2,52.40 3 1
github.com/eislab-cps/synctree/pkg/crdt/subscription.go:52.40,55.14 3 1
github.com/eislab-cps/synctree/pkg/crdt/subscription.go:55.14,57.4 1 0
github.com/eislab-cps/synctree/pkg/crdt/subscription.go:59.3,60.37 2 1
github.com/eislab-cps/synctree/pkg/crdt/subscription.go:60.37,61.29 1 1
github.com/eislab-cps/synctree/pkg/crdt/subscription.go:61.29,62.23 1 1
github.com/eislab-cps/synctree/pkg/crdt/subscription.go:62.23,65.37 2 0
github.com/eislab-cps/synctree/pkg/crdt/subscription.go:65.37,66.29 1 0
github.com/eislab-cps/synctree/pkg/crdt/subscription.go:66.29,68.13 2 0
github.com/eislab-cps/synctree/pkg/crdt/subscription.go:71.6,71.20 1 0
github.com/eislab-cps/synctree/pkg/crdt/subscription.go:71.20,73.7 1 0
github.com/eislab-cps/synctree/pkg/crdt/subscription.go:74.11,76.29 1 1
github.com/eislab-cps/synctree/pkg/crdt/subscription.go:76.29,78.7 1 1
github.com/eislab-cps/synctree/pkg/crdt/subscription.go:80.5,81.10 2 1
github.com/eislab-cps/synctree/pkg/crdt/subscription.go:85.3,85.13 1 1
github.com/eislab-cps/synctree/pkg/crdt/subscription.go:85.13,87.4 1 0
github.com/eislab-cps/synctree/pkg/crdt/subscription.go:89.3,89.19 1 1
github.com/eislab-cps/synctree/pkg/crdt/subscription.go:92.2,93.18 2 1
github.com/eislab-cps/synctree/pkg/crdt/subscription.go:96.83,98.16 2 1
github.com/eislab-cps/synctree/pkg/crdt/subscription.go:98.16,104.3 2 0
github.com/eislab-cps/synctree/pkg/crdt/subscription.go:106.2,112.36 2 1
github.com/eislab-cps/synctree/pkg/crdt/subscription.go:112.36,113.68 1 0
github.com/eislab-cps/synctree/pkg/crdt/subscription.go:113.68,114.11 1 0
github.com/eislab-cps/synctree/pkg/crdt/subscription.go:115.23,120.36 1 0
github.com/eislab-cps/synctree/pkg/crdt/subscription.go:121.12,126.50 1 0
github.com/eislab-cps/synctree/pkg/crdt/treechecker.go:5.76,6.20 1 1
github.com/eislab-cps/synctree/pkg/crdt/treechecker.go:6.20,8.3 1 0
github.com/eislab-cps/synctree/pkg/crdt/treechecker.go:9.2,11.33 3 1
github.com/eislab-cps/synctree/pkg/crdt/treechecker.go:11.33,12.17 1 1
github.com/eislab-cps/synctree/pkg/crdt/treechecker.go:12.17,14.4 1 0
github.com/eislab-cps/synctree/pkg/crdt/treechecker.go:15.3,17.10 3 1
github.com/eislab-cps/synctree/pkg/crdt/treechecker.go:17.10,19.4 1 0
github.com/eislab-cps/synctree/pkg/crdt/treechecker.go:20.3,20.35 1 1
github.com/eislab-cps/synctree/pkg/crdt/treechecker.go:20.35,21.41 1 1
github.com/eislab-cps/synctree/pkg/crdt/treechecker.go:21.41,23.5 1 1
github.com/eislab-cps/synctree/pkg/crdt/treechecker.go:25.3,25.15 1 0
github.com/eislab-cps/synctree/pkg/crdt/treechecker.go:27.2,27.18 1 1
github.com/eislab-cps/synctree/pkg/crdt/treecrdt.go:57.30,74.2 8 1
github.com/eislab-cps/synctree/pkg/crdt/treecrdt.go:76.132,85.2 6 0
github.com/eislab-cps/synctree/pkg/crdt/treecrdt.go:87.102,94.2 4 1
github.com/eislab-cps/synctree/pkg/crdt/treecrdt.go:96.86,105.2 3 1
github.com/eislab-cps/synctree/pkg/crdt/treecrdt.go:107.123,108.31 1 1
github.com/eislab-cps/synctree/pkg/crdt/treecrdt.go:108.31,114.3 5 1
github.com/eislab-cps/synctree/pkg/crdt/treecrdt.go:115.2,115.20 1 1
github.com/eislab-cps/synctree/pkg/crdt/treecrdt.go:118.62,120.9 2 0
github.com/eislab-cps/synctree/pkg/crdt/treecrdt.go:120.9,122.3 1 0
github.com/eislab-cps/synctree/pkg/crdt/treecrdt.go:123.2,123.19 1 0
github.com/eislab-cps/synctree/pkg/crdt/treecrdt.go:126.53,130.2 3 1
github.com/eislab-cps/synctree/pkg/crdt/treecrdt.go:132.37,134.2 1 0
github.com/eislab-cps/synctree/pkg/crdt/treecrdt.go:137.77,140.71 3 1
github.com/eislab-cps/synctree/pkg/crdt/treecrdt.go:140.71,142.3 1 0
github.com/eislab-cps/synctree/pkg/crdt/treecrdt.go:144.2,146.21 2 1
github.com/eislab-cps/synctree/pkg/crdt/treecrdt.go:149.71,150.14 1 0
github.com/eislab-cps/synctree/pkg/crdt/treecrdt.go:150.14,152.3 1 0
github.com/eislab-cps/synctree/pkg/crdt/treecrdt.go:155.2,155.31 1 0
github.com/eislab-cps/synctree/pkg/crdt/treecrdt.go:155.31,156.24 1 0
github.com/eislab-cps/synctree/pkg/crdt/treecrdt.go:156.24,159.15 3 0
github.com/eislab-cps/synctree/pkg/crdt/treecrdt.go:159.15,161.5 1 0
github.com/eislab-cps/synctree/pkg/crdt/treecrdt.go:162.4,162.31 1 0
github.com/eislab-cps/synctree/pkg/crdt/treecrdt.go:165.2,165.24 1 0
github.com/eislab-cps/synctree/pkg/crdt/treecrdt.go:168.118,171.14 2 1
github.com/eislab-cps/synctree/pkg/crdt/treecrdt.go:171.14,173.3 1 0
github.com/eislab-cps/synctree/pkg/crdt/treecrdt.go:176.2,176.31 1 1
github.com/eislab-cps/synctree/pkg/crdt/treecrdt.go:176.31,177.24 1 0
github.com/eislab-cps/synctree/pkg/crdt/treecrdt.go:177.24,180.15 3 0
github.com/eislab-cps/synctree/pkg/crdt/treecrdt.go:180.15,182.5 1 0
github.com/eislab-cps/synctree/pkg/crdt/treecrdt.go:183.4,184.38 2 0
github.com/eislab-cps/synctree/pkg/crdt/treecrdt.go:184.38,185.23 1 0
github.com/eislab-cps/synctree/pkg/crdt/treecrdt.go:185.23,187.6 1 0
github.com/eislab-cps/synctree/pkg/crdt/treecrdt.go:189.4,192.18 3 0
github.com/eislab-cps/synctree/pkg/crdt/treecrdt.go:192.18,200.5 2 0
github.com/eislab-cps/synctree/pkg/crdt/treecrdt.go:202.4,203.32 2 0
github.com/eislab-cps/synctree/pkg/crdt/treecrdt.go:208.2,212.16 4 1
github.com/eislab-cps/synctree/pkg/crdt/treecrdt.go:212.16,214.3 1 0
github.com/eislab-cps/synctree/pkg/crdt/treecrdt.go:217.2,217.73 1 1
github.com/eislab-cps/synctree/pkg/crdt/treecrdt.go:217.73,219.3 1 0
github.com/eislab-cps/synctree/pkg/crdt/treecrdt.go:221.2,223.30 2 1
github.com/eislab-cps/synctree/pkg/crdt/treecrdt.go:226.77,227.14 1 0
github.com/eislab-cps/synctree/pkg/crdt/treecrdt.go:227.14,229.3 1 0
github.com/eislab-cps/synctree/pkg/crdt/treecrdt.go:231.2,231.31 1 0
github.com/eislab-cps/synctree/pkg/crdt/treecrdt.go:231.31,232.24 1 0
github.com/eislab-cps/synctree/pkg/crdt/treecrdt.go:232.24,235.4 1 0
github.com/eislab-cps/synctree/pkg/crdt/treecrdt.go:238.2,238.60 1 0
github.com/eislab-cps/synctree/pkg/crdt/treecrdt.go:241.121,243.9 2 1
github.com/eislab-cps/synctree/pkg/crdt/treecrdt.go:243.9,245.3 1 0
github.com/eislab-cps/synctree/pkg/crdt/treecrdt.go:247.2,248.9 2 1
github.com/eislab-cps/synctree/pkg/crdt/treecrdt.go:248.9,250.3 1 0
github.com/eislab-cps/synctree/pkg/crdt/treecrdt.go:253.2,259.83 4 1
github.com/eislab-cps/synctree/pkg/crdt/treecrdt.go:259.83,269.3 7 1
github.com/eislab-cps/synctree/pkg/crdt/treecrdt.go:269.8,271.3 1 0
github.com/eislab-cps/synctree/pkg/crdt/treecrdt.go:273.2,273.12 1 1
github.com/eislab-cps/synctree/pkg/crdt/treecrdt.go:276.94,277.40 1 1
github.com/eislab-cps/synctree/pkg/crdt/treecrdt.go:277.40,279.3 1 0
github.com/eislab-cps/synctree/pkg/crdt/treecrdt.go:281.2,282.9 2 1
github.com/eislab-cps/synctree/pkg/crdt/treecrdt.go:282.9,284.3 1 0
github.com/eislab-cps/synctree/pkg/crdt/treecrdt.go:286.2,289.68 3 1
github.com/eislab-cps/synctree/pkg/crdt/treecrdt.go:292.97,294.2 1 0
github.com/eislab-cps/synctree/pkg/crdt/treecrdt.go:296.119,297.40 1 0
github.com/eislab-cps/synctree/pkg/crdt/treecrdt.go:297.40,299.3 1 0
github.com/eislab-cps/synctree/pkg/crdt/treecrdt.go:301.2,302.9 2 0
github.com/eislab-cps/synctree/pkg/crdt/treecrdt.go:302.9,304.3 1 0
github.com/eislab-cps/synctree/pkg/crdt/treecrdt.go:306.2,307.29 2 0
github.com/eislab-cps/synctree/pkg/crdt/treecrdt.go:307.29,311.3 2 0
github.com/eislab-cps/synctree/pkg/crdt/treecrdt.go:311.8,314.3 1 0
github.com/eislab-cps/synctree/pkg/crdt/treecrdt.go:316.2,317.91 2 0
github.com/eislab-cps/synctree/pkg/crdt/treecrdt.go:320.98,321.40 1 0
github.com/eislab-cps/synctree/pkg/crdt/treecrdt.go:321.40,323.3 1 0
github.com/eislab-cps/synctree/pkg/crdt/treecrdt.go:325.2,326.9 2 0
github.com/eislab-cps/synctree/pkg/crdt/treecrdt.go:326.9,328.3 1 0
github.com/eislab-cps/synctree/pkg/crdt/treecrdt.go:330.2,331.25 2 0
github.com/eislab-cps/synctree/pkg/crdt/treecrdt.go:331.25,335.3 2 0
github.com/eislab-cps/synctree/pkg/crdt/treecrdt.go:335.8,338.3 1 0
github.com/eislab-cps/synctree/pkg/crdt/treecrdt.go:340.2,341.102 2 0
github.com/eislab-cps/synctree/pkg/crdt/treecrdt.go:344.122,345.40 1 0
github.com/eislab-cps/synctree/pkg/crdt/treecrdt.go:345.40,347.3 1 0
github.com/eislab-cps/synctree/pkg/crdt/treecrdt.go:349.2,350.9 2 0
github.com/eislab-cps/synctree/pkg/crdt/treecrdt.go:350.9,352.3 1 0
github.com/eislab-cps/synctree/pkg/crdt/treecrdt.go:353.2,356.86 3 0
github.com/eislab-cps/synctree/pkg/crdt/treecrdt.go:359.123,360.40 1 0
github.com/eislab-cps/synctree/pkg/crdt/treecrdt.go:360.40,362.3 1 0
github.com/eislab-cps/synctree/pkg/crdt/treecrdt.go:364.2,365.9 2 0
github.com/eislab-cps/synctree/pkg/crdt/treecrdt.go:365.9,367.3 1 0
github.com/eislab-cps/synctree/pkg/crdt/treecrdt.go:368.2,371.87 3 0
github.com/eislab-cps/synctree/pkg/crdt/treecrdt.go:374.156,376.9 2 0
github.com/eislab-cps/synctree/pkg/crdt/treecrdt.go:376.9,378.3 1 0
github.com/eislab-cps/synctree/pkg/crdt/treecrdt.go:380.2,391.39 8 0
github.com/eislab-cps/synctree/pkg/crdt/treecrdt.go:391.39,395.3 2 0
github.com/eislab-cps/synctree/pkg/crdt/treecrdt.go:395.8,396.28 1 0
github.com/eislab-cps/synctree/pkg/crdt/treecrdt.go:396.28,397.23 1 0
github.com/eislab-cps/synctree/pkg/crdt/treecrdt.go:397.23,399.13 2 0
github.com/eislab-cps/synctree/pkg/crdt/treecrdt.go:399.13,401.15 1 0
github.com/eislab-cps/synctree/pkg/crdt/treecrdt.go:401.15,403.7 1 0
github.com/eislab-cps/synctree/pkg/crdt/treecrdt.go:403.12,405.7 1 0
github.com/eislab-cps/synctree/pkg/crdt/treecrdt.go:406.6,406.31 1 0
github.com/eislab-cps/synctree/pkg/crdt/treecrdt.go:407.11,410.27 2 0
github.com/eislab-cps/synctree/pkg/crdt/treecrdt.go:410.27,412.7 1 0
github.com/eislab-cps/synctree/pkg/crdt/treecrdt.go:412.12,414.7 1 0
github.com/eislab-cps/synctree/pkg/crdt/treecrdt.go:416.5,416.10 1 0
github.com/eislab-cps/synctree/pkg/crdt/treecrdt.go:419.3,419.13 1 0
github.com/eislab-cps/synctree/pkg/crdt/treecrdt.go:419.13,422.4 2 0
github.com/eislab-cps/synctree/pkg/crdt/treecrdt.go:425.2,440.18 8 0
github.com/eislab-cps/synctree/pkg/crdt/treecrdt.go:440.18,442.3 1 0
github.com/eislab-cps/synctree/pkg/crdt/treecrdt.go:443.2,456.12 4 0
github.com/eislab-cps/synctree/pkg/crdt/treecrdt.go:459.87,461.9 2 0
github.com/eislab-cps/synctree/pkg/crdt/treecrdt.go:461.9,463.3 1 0
github.com/eislab-cps/synctree/pkg/crdt/treecrdt.go:465.2,465.26 1 0
github.com/eislab-cps/synctree/pkg/crdt/treecrdt.go:465.26,467.3 1 0
github.com/eislab-cps/synctree/pkg/crdt/treecrdt.go:470.2,474.39 4 0
github.com/eislab-cps/synctree/pkg/crdt/treecrdt.go:474.39,476.3 1 0
github.com/eislab-cps/synctree/pkg/crdt/treecrdt.go:478.2,480.13 3 0
github.com/eislab-cps/synctree/pkg/crdt/treecrdt.go:480.13,482.3 1 0
github.com/eislab-cps/synctree/pkg/crdt/treecrdt.go:484.2,484.21 1 0
github.com/eislab-cps/synctree/pkg/crdt/treecrdt.go:487.132,489.9 2 0
github.com/eislab-cps/synctree/pkg/crdt/treecrdt.go:489.9,491.3 1 0
github.com/eislab-cps/synctree/pkg/crdt/treecrdt.go:492.2,493.9 2 0
github.com/eislab-cps/synctree/pkg/crdt/treecrdt.go:493.9,495.3 1 0
github.com/eislab-cps/synctree/pkg/crdt/treecrdt.go:498.2,504.72 4 0
github.com/eislab-cps/synctree/pkg/crdt/treecrdt.go:504.72,507.39 2 0
github.com/eislab-cps/synctree/pkg/crdt/treecrdt.go:507.39,508.24 1 0
github.com/eislab-cps/synctree/pkg/crdt/treecrdt.go:508.24,510.5 1 0
github.com/eislab-cps/synctree/pkg/crdt/treecrdt.go:512.3,523.49 6 0
github.com/eislab-cps/synctree/pkg/crdt/treecrdt.go:524.8,532.3 2 0
github.com/eislab-cps/synctree/pkg/crdt/treecrdt.go:534.2,534.12 1 0
github.com/eislab-cps/synctree/pkg/crdt/treecrdt.go:537.83,539.9 2 0
github.com/eislab-cps/synctree/pkg/crdt/treecrdt.go:539.9,541.3 1 0
github.com/eislab-cps/synctree/pkg/crdt/treecrdt.go:542.2,545.71 3 0
github.com/eislab-cps/synctree/pkg/crdt/treecrdt.go:548.54,549.18 1 1
github.com/eislab-cps/synctree/pkg/crdt/treecrdt.go:549.18,551.3 1 0
github.com/eislab-cps/synctree/pkg/crdt/treecrdt.go:552.2,552.28 1 1
github.com/eislab-cps/synctree/pkg/crdt/treecrdt.go:555.62,558.28 2 0
github.com/eislab-cps/synctree/pkg/crdt/treecrdt.go:558.28,559.21 1 0
github.com/eislab-cps/synctree/pkg/crdt/treecrdt.go:559.21,561.4 1 0
github.com/eislab-cps/synctree/pkg/crdt/treecrdt.go:563.2,565.52 2 0
github.com/eislab-cps/synctree/pkg/crdt/treecrdt.go:568.86,575.81 5 0
github.com/eislab-cps/synctree/pkg/crdt/treecrdt.go:575.81,590.3 6 0
github.com/eislab-cps/synctree/pkg/crdt/treecrdt.go:590.8,601.3 2 0
github.com/eislab-cps/synctree/pkg/crdt/treecrdt.go:603.2,603.12 1 0
github.com/eislab-cps/synctree/pkg/crdt/treecrdt.go:618.27,622.31 2 0
github.com/eislab-cps/synctree/pkg/crdt/treecrdt.go:622.31,623.35 1 0
github.com/eislab-cps/synctree/pkg/crdt/treecrdt.go:623.35,625.4 1 0
github.com/eislab-cps/synctree/pkg/crdt/treecrdt.go:629.2,632.26 2 0
github.com/eislab-cps/synctree/pkg/crdt/treecrdt.go:632.26,633.22 1 0
github.com/eislab-cps/synctree/pkg/crdt/treecrdt.go:633.22,636.4 2 0
github.com/eislab-cps/synctree/pkg/crdt/treecrdt.go:640.2,640.31 1 0
github.com/eislab-cps/synctree/pkg/crdt/treecrdt.go:640.31,643.35 2 0
github.com/eislab-cps/synctree/pkg/crdt/treecrdt.go:643.35,645.34 2 0
github.com/eislab-cps/synctree/pkg/crdt/treecrdt.go:645.34,647.5 1 0
github.com/eislab-cps/synctree/pkg/crdt/treecrdt.go:647.10,653.5 1 0
github.com/eislab-cps/synctree/pkg/crdt/treecrdt.go:655.3,655.24 1 0
github.com/eislab-cps/synctree/pkg/crdt/treecrdt.go:659.2,659.32 1 0
github.com/eislab-cps/synctree/pkg/crdt/treecrdt.go:659.32,660.21 1 0
github.com/eislab-cps/synctree/pkg/crdt/treecrdt.go:660.21,663.4 2 0
github.com/eislab-cps/synctree/pkg/crdt/treecrdt.go:668.46,670.2 1 0
github.com/eislab-cps/synctree/pkg/crdt/treecrdt.go:672.67,675.16 2 0
github.com/eislab-cps/synctree/pkg/crdt/treecrdt.go:675.16,680.3 2 0
github.com/eislab-cps/synctree/pkg/crdt/treecrdt.go:683.2,684.16 2 0
github.com/eislab-cps/synctree/pkg/crdt/treecrdt.go:684.16,689.3 2 0
github.com/eislab-cps/synctree/pkg/crdt/treecrdt.go:692.2,693.16 2 0
github.com/eislab-cps/synctree/pkg/crdt/treecrdt.go:693.16,698.3 2 0
github.com/eislab-cps/synctree/pkg/crdt/treecrdt.go:701.2,702.16 2 0
github.com/eislab-cps/synctree/pkg/crdt/treecrdt.go:702.16,704.3 1 0
github.com/eislab-cps/synctree/pkg/crdt/treecrdt.go:707.2,708.16 2 0
github.com/eislab-cps/synctree/pkg/crdt/treecrdt.go:708.16,713.3 2 0
github.com/eislab-cps/synctree/pkg/crdt/treecrdt.go:716.2,717.16 2 0
github.com/eislab-cps/synctree/pkg/crdt/treecrdt.go:717.16,722.3 2 0
github.com/eislab-cps/synctree/pkg/crdt/treecrdt.go:725.2,726.16 2 0
github.com/eislab-cps/synctree/pkg/crdt/treecrdt.go:726.16,731.3 2 0
github.com/eislab-cps/synctree/pkg/crdt/treecrdt.go:733.2,733.12 1 0
github.com/eislab-cps/synctree/pkg/crdt/treecrdt.go:736.74,740.35 3 0
github.com/eislab-cps/synctree/pkg/crdt/treecrdt.go:740.35,742.14 2 0
github.com/eislab-cps/synctree/pkg/crdt/treecrdt.go:742.14,744.22 2 0
github.com/eislab-cps/synctree/pkg/crdt/treecrdt.go:744.22,746.5 1 0
github.com/eislab-cps/synctree/pkg/crdt/treecrdt.go:746.10,746.27 1 0
github.com/eislab-cps/synctree/pkg/crdt/treecrdt.go:746.27,748.5 1 0
github.com/eislab-cps/synctree/pkg/crdt/treecrdt.go:751.4,765.18 15 0
github.com/eislab-cps/synctree/pkg/crdt/treecrdt.go:768.3,771.23 3 0
github.com/eislab-cps/synctree/pkg/crdt/treecrdt.go:771.23,775.18 4 0
github.com/eislab-cps/synctree/pkg/crdt/treecrdt.go:775.18,780.13 2 0
github.com/eislab-cps/synctree/pkg/crdt/treecrdt.go:784.3,784.35 1 0
github.com/eislab-cps/synctree/pkg/crdt/treecrdt.go:784.35,785.46 1 0
github.com/eislab-cps/synctree/pkg/crdt/treecrdt.go:785.46,787.5 1 0
github.com/eislab-cps/synctree/pkg/crdt/treecrdt.go:788.4,788.44 1 0
github.com/eislab-cps/synctree/pkg/crdt/treecrdt.go:788.44,790.5 1 0
github.com/eislab-cps/synctree/pkg/crdt/treecrdt.go:792.4,795.37 3 0
github.com/eislab-cps/synctree/pkg/crdt/treecrdt.go:795.37,796.13 1 0
github.com/eislab-cps/synctree/pkg/crdt/treecrdt.go:800.4,800.72 1 0
github.com/eislab-cps/synctree/pkg/crdt/treecrdt.go:800.72,809.19 7 0
github.com/eislab-cps/synctree/pkg/crdt/treecrdt.go:809.19,816.6 1 0
github.com/eislab-cps/synctree/pkg/crdt/treecrdt.go:817.5,817.15 1 0
github.com/eislab-cps/synctree/pkg/crdt/treecrdt.go:817.15,819.20 2 0
github.com/eislab-cps/synctree/pkg/crdt/treecrdt.go:819.20,825.7 2 0
github.com/eislab-cps/synctree/pkg/crdt/treecrdt.go:826.6,827.20 2 0
github.com/eislab-cps/synctree/pkg/crdt/treecrdt.go:827.20,833.7 2 0
github.com/eislab-cps/synctree/pkg/crdt/treecrdt.go:836.5,840.46 3 0
github.com/eislab-cps/synctree/pkg/crdt/treecrdt.go:840.46,842.6 1 0
github.com/eislab-cps/synctree/pkg/crdt/treecrdt.go:843.5,843.36 1 0
github.com/eislab-cps/synctree/pkg/crdt/treecrdt.go:843.36,845.6 1 0
github.com/eislab-cps/synctree/pkg/crdt/treecrdt.go:847.5,848.13 2 0
github.com/eislab-cps/synctree/pkg/crdt/treecrdt.go:851.4,851.62 1 0
github.com/eislab-cps/synctree/pkg/crdt/treecrdt.go:851.62,853.50 1 0
github.com/eislab-cps/synctree/pkg/crdt/treecrdt.go:853.50,854.14 1 0
github.com/eislab-cps/synctree/pkg/crdt/treecrdt.go:858.5,861.60 4 0
github.com/eislab-cps/synctree/pkg/crdt/treecrdt.go:861.60,863.6 1 0
github.com/eislab-cps/synctree/pkg/crdt/treecrdt.go:865.5,866.43 2 0
github.com/eislab-cps/synctree/pkg/crdt/treecrdt.go:866.43,867.25 1 0
github.com/eislab-cps/synctree/pkg/crdt/treecrdt.go:867.25,869.16 2 0
github.com/eislab-cps/synctree/pkg/crdt/treecrdt.go:869.16,872.8 2 0
github.com/eislab-cps/synctree/pkg/crdt/treecrdt.go:872.13,874.8 1 0
github.com/eislab-cps/synctree/pkg/crdt/treecrdt.go:875.7,876.12 2 0
github.com/eislab-cps/synctree/pkg/crdt/treecrdt.go:879.5,879.18 1 0
github.com/eislab-cps/synctree/pkg/crdt/treecrdt.go:879.18,881.20 2 0
github.com/eislab-cps/synctree/pkg/crdt/treecrdt.go:881.20,888.17 2 0
github.com/eislab-cps/synctree/pkg/crdt/treecrdt.go:888.17,890.8 1 0
github.com/eislab-cps/synctree/pkg/crdt/treecrdt.go:893.5,893.13 1 0
github.com/eislab-cps/synctree/pkg/crdt/treecrdt.go:896.4,896.24 1 0
github.com/eislab-cps/synctree/pkg/crdt/treecrdt.go:896.24,904.45 5 0
github.com/eislab-cps/synctree/pkg/crdt/treecrdt.go:904.45,905.35 1 0
github.com/eislab-cps/synctree/pkg/crdt/treecrdt.go:905.35,907.12 2 0
github.com/eislab-cps/synctree/pkg/crdt/treecrdt.go:911.5,911.24 1 0
github.com/eislab-cps/synctree/pkg/crdt/treecrdt.go:911.24,914.17 3 0
github.com/eislab-cps/synctree/pkg/crdt/treecrdt.go:914.17,916.7 1 0
github.com/eislab-cps/synctree/pkg/crdt/treecrdt.go:919.5,919.23 1 0
github.com/eislab-cps/synctree/pkg/crdt/treecrdt.go:919.23,927.20 3 0
github.com/eislab-cps/synctree/pkg/crdt/treecrdt.go:927.20,934.17 2 0
github.com/eislab-cps/synctree/pkg/crdt/treecrdt.go:934.17,936.8 1 0
github.com/eislab-cps/synctree/pkg/crdt/treecrdt.go:938.11,947.20 3 0
github.com/eislab-cps/synctree/pkg/crdt/treecrdt.go:947.20,954.17 2 0
github.com/eislab-cps/synctree/pkg/crdt/treecrdt.go:954.17,956.8 1 0
github.com/eislab-cps/synctree/pkg/crdt/treecrdt.go:960.10,961.39 1 0
github.com/eislab-cps/synctree/pkg/crdt/treecrdt.go:961.39,964.20 3 0
github.com/eislab-cps/synctree/pkg/crdt/treecrdt.go:964.20,971.17 2 0
github.com/eislab-cps/synctree/pkg/crdt/treecrdt.go:971.17,973.8 1 0
github.com/eislab-cps/synctree/pkg/crdt/treecrdt.go:974.7,974.15 1 0
github.com/eislab-cps/synctree/pkg/crdt/treecrdt.go:976.11,983.14 2 0
github.com/eislab-cps/synctree/pkg/crdt/treecrdt.go:985.5,985.62 1 0
github.com/eislab-cps/synctree/pkg/crdt/treecrdt.go:989.3,990.28 2 0
github.com/eislab-cps/synctree/pkg/crdt/treecrdt.go:993.2,994.12 2 0
github.com/eislab-cps/synctree/pkg/crdt/treecrdt.go:997.70,1000.20 3 0
github.com/eislab-cps/synctree/pkg/crdt/treecrdt.go:1000.20,1002.3 1 0
github.com/eislab-cps/synctree/pkg/crdt/treecrdt.go:1002.8,1002.25 1 0
github.com/eislab-cps/synctree/pkg/crdt/treecrdt.go:1002.25,1004.3 1 0
github.com/eislab-cps/synctree/pkg/crdt/treecrdt.go:1005.2,1018.22 14 0
github.com/eislab-cps/synctree/pkg/crdt/treecrdt.go:1021.68,1022.31 1 0
github.com/eislab-cps/synctree/pkg/crdt/treecrdt.go:1022.31,1023.17 1 0
github.com/eislab-cps/synctree/pkg/crdt/treecrdt.go:1023.17,1025.4 1 0
github.com/eislab-cps/synctree/pkg/crdt/treecrdt.go:1027.2,1027.14 1 0
github.com/eislab-cps/synctree/pkg/crdt/treecrdt.go:1030.67,1032.15 2 0
github.com/eislab-cps/synctree/pkg/crdt/treecrdt.go:1032.15,1034.3 1 0
github.com/eislab-cps/synctree/pkg/crdt/treecrdt.go:1034.8,1034.20 1 0
github.com/eislab-cps/synctree/pkg/crdt/treecrdt.go:1034.20,1036.3 1 0
github.com/eislab-cps/synctree/pkg/crdt/treecrdt.go:1037.2,1042.15 6 0
github.com/eislab-cps/synctree/pkg/crdt/treecrdt.go:1045.32,1048.31 3 1
github.com/eislab-cps/synctree/pkg/crdt/treecrdt.go:1048.31,1050.3 1 1
github.com/eislab-cps/synctree/pkg/crdt/treecrdt.go:1053.64,1054.16 1 1
github.com/eislab-cps/synctree/pkg/crdt/treecrdt.go:1054.16,1056.3 1 0
github.com/eislab-cps/synctree/pkg/crdt/treecrdt.go:1059.2,1061.34 3 1
github.com/eislab-cps/synctree/pkg/crdt/treecrdt.go:1061.34,1062.17 1 1
github.com/eislab-cps/synctree/pkg/crdt/treecrdt.go:1062.17,1064.4 1 0
github.com/eislab-cps/synctree/pkg/crdt/treecrdt.go:1065.3,1067.35 3 1
github.com/eislab-cps/synctree/pkg/crdt/treecrdt.go:1067.35,1068.41 1 0
github.com/eislab-cps/synctree/pkg/crdt/treecrdt.go:1068.41,1070.5 1 0
github.com/eislab-cps/synctree/pkg/crdt/treecrdt.go:1072.3,1072.15 1 1
github.com/eislab-cps/synctree/pkg/crdt/treecrdt.go:1074.2,1074.13 1 1
github.com/eislab-cps/synctree/pkg/crdt/treecrdt.go:1074.13,1076.3 1 0
github.com/eislab-cps/synctree/pkg/crdt/treecrdt.go:1079.2,1079.33 1 1
github.com/eislab-cps/synctree/pkg/crdt/treecrdt.go:1079.33,1080.37 1 1
github.com/eislab-cps/synctree/pkg/crdt/treecrdt.go:1080.37,1081.21 1 1
github.com/eislab-cps/synctree/pkg/crdt/treecrdt.go:1081.21,1083.5 1 0
github.com/eislab-cps/synctree/pkg/crdt/treecrdt.go:1087.2,1087.12 1 1
github.com/eislab-cps/synctree/pkg/crdt/treecrdt.go:1090.41,1091.19 1 0
github.com/eislab-cps/synctree/pkg/crdt/treecrdt.go:1091.19,1093.3 1 0
github.com/eislab-cps/synctree/pkg/crdt/treecrdt.go:1095.2,1100.31 4 0
github.com/eislab-cps/synctree/pkg/crdt/treecrdt.go:1100.31,1101.18 1 0
github.com/eislab-cps/synctree/pkg/crdt/treecrdt.go:1101.18,1103.4 1 0
github.com/eislab-cps/synctree/pkg/crdt/treecrdt.go:1105.2,1105.20 1 0
github.com/eislab-cps/synctree/pkg/crdt/treecrdt.go:1105.20,1108.3 2 0
github.com/eislab-cps/synctree/pkg/crdt/treecrdt.go:1111.2,1111.49 1 0
github.com/eislab-cps/synctree/pkg/crdt/treecrdt.go:1111.49,1112.18 1 0
github.com/eislab-cps/synctree/pkg/crdt/treecrdt.go:1112.18,1114.4 1 0
github.com/eislab-cps/synctree/pkg/crdt/treecrdt.go:1116.3,1117.17 2 0
github.com/eislab-cps/synctree/pkg/crdt/treecrdt.go:1117.17,1119.4 1 0
github.com/eislab-cps/synctree/pkg/crdt/treecrdt.go:1120.3,1120.19 1 0
github.com/eislab-cps/synctree/pkg/crdt/treecrdt.go:1120.19,1122.4 1 0
github.com/eislab-cps/synctree/pkg/crdt/treecrdt.go:1123.3,1123.21 1 0
github.com/eislab-cps/synctree/pkg/crdt/treecrdt.go:1123.21,1125.4 1 0
github.com/eislab-cps/synctree/pkg/crdt/treecrdt.go:1126.3,1126.17 1 0
github.com/eislab-cps/synctree/pkg/crdt/treecrdt.go:1126.17,1134.4 2 0
github.com/eislab-cps/synctree/pkg/crdt/treecrdt.go:1135.3,1135.13 1 0
github.com/eislab-cps/synctree/pkg/crdt/treecrdt.go:1138.2,1139.72 2 0
github.com/eislab-cps/synctree/pkg/crdt/treecrdt.go:1139.72,1140.25 1 0
github.com/eislab-cps/synctree/pkg/crdt/treecrdt.go:1140.25,1143.4 2 0
github.com/eislab-cps/synctree/pkg/crdt/treecrdt.go:1144.3,1144.23 1 0
github.com/eislab-cps/synctree/pkg/crdt/treecrdt.go:1144.23,1146.4 1 0
github.com/eislab-cps/synctree/pkg/crdt/treecrdt.go:1147.3,1150.14 3 0
github.com/eislab-cps/synctree/pkg/crdt/treecrdt.go:1150.14,1153.4 2 0
github.com/eislab-cps/synctree/pkg/crdt/treecrdt.go:1156.3,1156.48 1 0
github.com/eislab-cps/synctree/pkg/crdt/treecrdt.go:1156.48,1158.4 1 0
github.com/eislab-cps/synctree/pkg/crdt/treecrdt.go:1161.3,1161.44 1 0
github.com/eislab-cps/synctree/pkg/crdt/treecrdt.go:1161.44,1164.4 2 0
github.com/eislab-cps/synctree/pkg/crdt/treecrdt.go:1166.3,1167.35 2 0
github.com/eislab-cps/synctree/pkg/crdt/treecrdt.go:1167.35,1171.11 3 0
github.com/eislab-cps/synctree/pkg/crdt/treecrdt.go:1171.11,1174.5 2 0
github.com/eislab-cps/synctree/pkg/crdt/treecrdt.go:1177.4,1177.24 1 0
github.com/eislab-cps/synctree/pkg/crdt/treecrdt.go:1177.24,1180.5 2 0
github.com/eislab-cps/synctree/pkg/crdt/treecrdt.go:1182.4,1182.81 1 0
github.com/eislab-cps/synctree/pkg/crdt/treecrdt.go:1182.81,1189.5 2 0
github.com/eislab-cps/synctree/pkg/crdt/treecrdt.go:1190.4,1192.50 2 0
github.com/eislab-cps/synctree/pkg/crdt/treecrdt.go:1192.50,1194.5 1 0
github.com/eislab-cps/synctree/pkg/crdt/treecrdt.go:1196.3,1197.13 2 0
github.com/eislab-cps/synctree/pkg/crdt/treecrdt.go:1201.2,1201.67 1 0
github.com/eislab-cps/synctree/pkg/crdt/treecrdt.go:1201.67,1203.3 1 0
github.com/eislab-cps/synctree/pkg/crdt/treecrdt.go:1206.2,1206.26 1 0
github.com/eislab-cps/synctree/pkg/crdt/treecrdt.go:1206.26,1207.19 1 0
github.com/eislab-cps/synctree/pkg/crdt/treecrdt.go:1207.19,1210.4 2 0
github.com/eislab-cps/synctree/pkg/crdt/treecrdt.go:1213.2,1213.12 1 0
github.com/eislab-cps/synctree/pkg/crdt/treecrdt.go:1216.39,1217.25 1 0
github.com/eislab-cps/synctree/pkg/crdt/treecrdt.go:1217.25,1219.3 1 0
github.com/eislab-cps/synctree/pkg/crdt/treecrdt.go:1222.2,1222.41 1 0
github.com/eislab-cps/synctree/pkg/crdt/treecrdt.go:1222.41,1224.3 1 0
github.com/eislab-cps/synctree/pkg/crdt/treecrdt.go:1227.2,1227.32 1 0
github.com/eislab-cps/synctree/pkg/crdt/treecrdt.go:1227.32,1228.27 1 0
github.com/eislab-cps/synctree/pkg/crdt/treecrdt.go:1228.27,1230.4 1 0
github.com/eislab-cps/synctree/pkg/crdt/treecrdt.go:1231.3,1232.17 2 0
github.com/eislab-cps/synctree/pkg/crdt/treecrdt.go:1232.17,1234.4 1 0
github.com/eislab-cps/synctree/pkg/crdt/treecrdt.go:1237.3,1237.66 1 0
github.com/eislab-cps/synctree/pkg/crdt/treecrdt.go:1237.66,1239.4 1 0
github.com/eislab-cps/synctree/pkg/crdt/treecrdt.go:1242.2,1243.16 2 0
github.com/eislab-cps/synctree/pkg/crdt/treecrdt.go:1243.16,1248.3 2 0
github.com/eislab-cps/synctree/pkg/crdt/treecrdt.go:1250.2,1250.12 1 0
github.com/eislab-cps/synctree/pkg/crdt/treecrdt.go:1262.54,1263.16 1 0
github.com/eislab-cps/synctree/pkg/crdt/treecrdt.go:1264.20,1266.15 2 0
github.com/eislab-cps/synctree/pkg/crdt/treecrdt.go:1266.15,1272.4 2 0
github.com/eislab-cps/synctree/pkg/crdt/treecrdt.go:1273.3,1274.17 2 0
github.com/eislab-cps/synctree/pkg/crdt/treecrdt.go:1274.17,1281.4 2 0
github.com/eislab-cps/synctree/pkg/crdt/treecrdt.go:1284.2,1284.12 1 0
github.com/eislab-cps/synctree/pkg/crdt/utils.go:11.55,12.11 1 0
github.com/eislab-cps/synctree/pkg/crdt/utils.go:12.11,14.3 1 0
github.com/eislab-cps/synctree/pkg/crdt/utils.go:15.2,15.10 1 0
github.com/eislab-cps/synctree/pkg/crdt/utils.go:18.49,19.23 1 1
github.com/eislab-cps/synctree/pkg/crdt/utils.go:20.11,21.20 1 0
github.com/eislab-cps/synctree/pkg/crdt/utils.go:22.13,23.20 1 0
github.com/eislab-cps/synctree/pkg/crdt/utils.go:24.10,25.11 1 1
github.com/eislab-cps/synctree/pkg/crdt/utils.go:29.63,30.18 1 1
github.com/eislab-cps/synctree/pkg/crdt/utils.go:31.12,32.21 1 0
github.com/eislab-cps/synctree/pkg/crdt/utils.go:33.11,34.20 1 1
github.com/eislab-cps/synctree/pkg/crdt/utils.go:35.13,36.22 1 0
github.com/eislab-cps/synctree/pkg/crdt/utils.go:37.15,38.24 1 1
github.com/eislab-cps/synctree/pkg/crdt/utils.go:39.10,41.24 2 0
github.com/eislab-cps/synctree/pkg/crdt/utils.go:45.63,46.20 1 0
github.com/eislab-cps/synctree/pkg/crdt/utils.go:46.20,48.3 1 0
github.com/eislab-cps/synctree/pkg/crdt/utils.go:50.2,51.27 2 0
github.com/eislab-cps/synctree/pkg/crdt/utils.go:51.27,52.12 1 0
github.com/eislab-cps/synctree/pkg/crdt/utils.go:52.12,54.4 1 0
github.com/eislab-cps/synctree/pkg/crdt/utils.go:55.3,55.32 1 0
github.com/eislab-cps/synctree/pkg/crdt/utils.go:57.2,58.12 2 0
github.com/eislab-cps/synctree/pkg/crdt/utils.go:61.41,62.46 1 1
github.com/eislab-cps/synctree/pkg/crdt/utils.go:62.46,67.47 3 1
github.com/eislab-cps/synctree/pkg/crdt/utils.go:67.47,68.21 1 0
github.com/eislab-cps/synctree/pkg/crdt/utils.go:68.21,70.5 1 0
github.com/eislab-cps/synctree/pkg/crdt/utils.go:71.4,71.21 1 0
github.com/eislab-cps/synctree/pkg/crdt/utils.go:71.21,73.5 1 0
github.com/eislab-cps/synctree/pkg/crdt/utils.go:77.3,77.25 1 1
github.com/eislab-cps/synctree/pkg/crdt/utils.go:77.25,79.4 1 0
github.com/eislab-cps/synctree/pkg/crdt/utils.go:82.3,82.35 1 1
