=== RUN   TestArrayMoveVerification
=== RUN   TestArrayMoveVerification/move_element_1_to_different_positions_concurrently
    array_move_verification_test.go:43: INITIAL STATE: [1, 2, 3, 4, 5]
    array_move_verification_test.go:71: CONCURRENT MOVES:
    array_move_verification_test.go:72:   ClientA: Move element '1' to position 2
    array_move_verification_test.go:73:   ClientB: Move element '1' to position 3
    array_move_verification_test.go:74:   ClientC: Move element '1' to position 4
    array_move_verification_test.go:87: LOCAL STATES BEFORE MERGE:
    array_logical_concurrency_test.go:344:   Tree1: [3@pos0, 2@pos1, 1@pos2, 4@pos3, 5@pos4]
    array_logical_concurrency_test.go:344:   Tree2: [2@pos1, 3@pos2, 1@pos3, 5@pos4, 4@pos5]
    array_logical_concurrency_test.go:344:   Tree3: [2@pos1, 3@pos2, 4@pos3, 1@pos4, 5@pos5]
    array_move_verification_test.go:97: Element '1' positions after local moves:
    array_move_verification_test.go:98:   Tree1: 2
    array_move_verification_test.go:99:   Tree2: 3
    array_move_verification_test.go:100:   Tree3: 4
    array_move_verification_test.go:107: MERGING REPLICAS...
time="2025-08-11T13:12:55+02:00" level=error msg="SetLiteral failed" AttemptedValue=1 ClientID=setup Error="cannot set literal value, conflict detected: elem_1-b5e3bb1069d28586b46c77819f5578bd201123083b4662c6288ce4392e5dd011" NodeID=elem_1-b5e3bb1069d28586b46c77819f5578bd201123083b4662c6288ce4392e5dd011
time="2025-08-11T13:12:55+02:00" level=warning msg="Failed to set literal value during merge" Error="SetLiteral failed: cannot set literal value, conflict detected: elem_1-b5e3bb1069d28586b46c77819f5578bd201123083b4662c6288ce4392e5dd011" NodeID=elem_1-b5e3bb1069d28586b46c77819f5578bd201123083b4662c6288ce4392e5dd011
time="2025-08-11T13:12:55+02:00" level=error msg="Failed to compute path for notifySubscribers" Error="could not compute path part for node elem_2-ef79a6fe8c1c27add0726778ae524191a60c3c6a63b6a0c44098bdcbffe53274" NodeID=elem_2-ef79a6fe8c1c27add0726778ae524191a60c3c6a63b6a0c44098bdcbffe53274
time="2025-08-11T13:12:55+02:00" level=error msg="Failed to compute path for notifySubscribers" Error="could not compute path part for node elem_3-20fe0b1feff7da8869b80ff35d6158839cb431455702bab8b0f8e88f197f9372" NodeID=elem_3-20fe0b1feff7da8869b80ff35d6158839cb431455702bab8b0f8e88f197f9372
time="2025-08-11T13:12:55+02:00" level=error msg="Failed to compute path for notifySubscribers" Error="could not compute path part for node elem_4-2b4d096fe445bb317770c280ff039c7bcc0c2d76f41b5a280e6a715887cdcaf4" NodeID=elem_4-2b4d096fe445bb317770c280ff039c7bcc0c2d76f41b5a280e6a715887cdcaf4
time="2025-08-11T13:12:55+02:00" level=error msg="Failed to compute path for notifySubscribers" Error="could not compute path part for node elem_5-edf8363aa982691a0cde845b1fb8664b960eda16364a3475455ed463bafaa176" NodeID=elem_5-edf8363aa982691a0cde845b1fb8664b960eda16364a3475455ed463bafaa176
time="2025-08-11T13:12:55+02:00" level=error msg="Failed to compute path for notifySubscribers" Error="could not compute path part for node elem_5-edf8363aa982691a0cde845b1fb8664b960eda16364a3475455ed463bafaa176" NodeID=elem_5-edf8363aa982691a0cde845b1fb8664b960eda16364a3475455ed463bafaa176
time="2025-08-11T13:12:55+02:00" level=error msg="SetLiteral failed" AttemptedValue=1 ClientID=setup Error="cannot set literal value, conflict detected: elem_1-b5e3bb1069d28586b46c77819f5578bd201123083b4662c6288ce4392e5dd011" NodeID=elem_1-b5e3bb1069d28586b46c77819f5578bd201123083b4662c6288ce4392e5dd011
time="2025-08-11T13:12:55+02:00" level=warning msg="Failed to set literal value during merge" Error="SetLiteral failed: cannot set literal value, conflict detected: elem_1-b5e3bb1069d28586b46c77819f5578bd201123083b4662c6288ce4392e5dd011" NodeID=elem_1-b5e3bb1069d28586b46c77819f5578bd201123083b4662c6288ce4392e5dd011
time="2025-08-11T13:12:55+02:00" level=error msg="Failed to compute path for notifySubscribers" Error="could not compute path part for node elem_2-ef79a6fe8c1c27add0726778ae524191a60c3c6a63b6a0c44098bdcbffe53274" NodeID=elem_2-ef79a6fe8c1c27add0726778ae524191a60c3c6a63b6a0c44098bdcbffe53274
time="2025-08-11T13:12:55+02:00" level=error msg="Failed to compute path for notifySubscribers" Error="could not compute path part for node elem_3-20fe0b1feff7da8869b80ff35d6158839cb431455702bab8b0f8e88f197f9372" NodeID=elem_3-20fe0b1feff7da8869b80ff35d6158839cb431455702bab8b0f8e88f197f9372
time="2025-08-11T13:12:55+02:00" level=error msg="Failed to compute path for notifySubscribers" Error="could not compute path part for node elem_4-2b4d096fe445bb317770c280ff039c7bcc0c2d76f41b5a280e6a715887cdcaf4" NodeID=elem_4-2b4d096fe445bb317770c280ff039c7bcc0c2d76f41b5a280e6a715887cdcaf4
time="2025-08-11T13:12:55+02:00" level=error msg="SetLiteral failed" AttemptedValue=1 ClientID=setup Error="cannot set literal value, conflict detected: elem_1-b5e3bb1069d28586b46c77819f5578bd201123083b4662c6288ce4392e5dd011" NodeID=elem_1-b5e3bb1069d28586b46c77819f5578bd201123083b4662c6288ce4392e5dd011
time="2025-08-11T13:12:55+02:00" level=warning msg="Failed to set literal value during merge" Error="SetLiteral failed: cannot set literal value, conflict detected: elem_1-b5e3bb1069d28586b46c77819f5578bd201123083b4662c6288ce4392e5dd011" NodeID=elem_1-b5e3bb1069d28586b46c77819f5578bd201123083b4662c6288ce4392e5dd011
time="2025-08-11T13:12:55+02:00" level=error msg="Failed to compute path for notifySubscribers" Error="could not compute path part for node elem_2-ef79a6fe8c1c27add0726778ae524191a60c3c6a63b6a0c44098bdcbffe53274" NodeID=elem_2-ef79a6fe8c1c27add0726778ae524191a60c3c6a63b6a0c44098bdcbffe53274
time="2025-08-11T13:12:55+02:00" level=error msg="Failed to compute path for notifySubscribers" Error="could not compute path part for node elem_3-20fe0b1feff7da8869b80ff35d6158839cb431455702bab8b0f8e88f197f9372" NodeID=elem_3-20fe0b1feff7da8869b80ff35d6158839cb431455702bab8b0f8e88f197f9372
time="2025-08-11T13:12:55+02:00" level=error msg="Failed to compute path for notifySubscribers" Error="could not compute path part for node elem_4-2b4d096fe445bb317770c280ff039c7bcc0c2d76f41b5a280e6a715887cdcaf4" NodeID=elem_4-2b4d096fe445bb317770c280ff039c7bcc0c2d76f41b5a280e6a715887cdcaf4
time="2025-08-11T13:12:55+02:00" level=error msg="Failed to compute path for notifySubscribers" Error="could not compute path part for node elem_5-edf8363aa982691a0cde845b1fb8664b960eda16364a3475455ed463bafaa176" NodeID=elem_5-edf8363aa982691a0cde845b1fb8664b960eda16364a3475455ed463bafaa176
time="2025-08-11T13:12:55+02:00" level=error msg="SetLiteral failed" AttemptedValue=1 ClientID=setup Error="cannot set literal value, conflict detected: elem_1-b5e3bb1069d28586b46c77819f5578bd201123083b4662c6288ce4392e5dd011" NodeID=elem_1-b5e3bb1069d28586b46c77819f5578bd201123083b4662c6288ce4392e5dd011
time="2025-08-11T13:12:55+02:00" level=warning msg="Failed to set literal value during merge" Error="SetLiteral failed: cannot set literal value, conflict detected: elem_1-b5e3bb1069d28586b46c77819f5578bd201123083b4662c6288ce4392e5dd011" NodeID=elem_1-b5e3bb1069d28586b46c77819f5578bd201123083b4662c6288ce4392e5dd011
time="2025-08-11T13:12:55+02:00" level=error msg="Failed to compute path for notifySubscribers" Error="could not compute path part for node elem_2-ef79a6fe8c1c27add0726778ae524191a60c3c6a63b6a0c44098bdcbffe53274" NodeID=elem_2-ef79a6fe8c1c27add0726778ae524191a60c3c6a63b6a0c44098bdcbffe53274
time="2025-08-11T13:12:55+02:00" level=error msg="Failed to compute path for notifySubscribers" Error="could not compute path part for node elem_3-20fe0b1feff7da8869b80ff35d6158839cb431455702bab8b0f8e88f197f9372" NodeID=elem_3-20fe0b1feff7da8869b80ff35d6158839cb431455702bab8b0f8e88f197f9372
time="2025-08-11T13:12:55+02:00" level=error msg="Failed to compute path for notifySubscribers" Error="could not compute path part for node elem_4-2b4d096fe445bb317770c280ff039c7bcc0c2d76f41b5a280e6a715887cdcaf4" NodeID=elem_4-2b4d096fe445bb317770c280ff039c7bcc0c2d76f41b5a280e6a715887cdcaf4
time="2025-08-11T13:12:55+02:00" level=error msg="Failed to compute path for notifySubscribers" Error="could not compute path part for node elem_5-edf8363aa982691a0cde845b1fb8664b960eda16364a3475455ed463bafaa176" NodeID=elem_5-edf8363aa982691a0cde845b1fb8664b960eda16364a3475455ed463bafaa176
time="2025-08-11T13:12:55+02:00" level=error msg="Failed to compute path for notifySubscribers" Error="could not compute path part for node elem_2-ef79a6fe8c1c27add0726778ae524191a60c3c6a63b6a0c44098bdcbffe53274" NodeID=elem_2-ef79a6fe8c1c27add0726778ae524191a60c3c6a63b6a0c44098bdcbffe53274
time="2025-08-11T13:12:55+02:00" level=error msg="Failed to compute path for notifySubscribers" Error="could not compute path part for node elem_3-20fe0b1feff7da8869b80ff35d6158839cb431455702bab8b0f8e88f197f9372" NodeID=elem_3-20fe0b1feff7da8869b80ff35d6158839cb431455702bab8b0f8e88f197f9372
time="2025-08-11T13:12:55+02:00" level=error msg="Failed to compute path for notifySubscribers" Error="could not compute path part for node elem_4-2b4d096fe445bb317770c280ff039c7bcc0c2d76f41b5a280e6a715887cdcaf4" NodeID=elem_4-2b4d096fe445bb317770c280ff039c7bcc0c2d76f41b5a280e6a715887cdcaf4
time="2025-08-11T13:12:55+02:00" level=error msg="Failed to compute path for notifySubscribers" Error="could not compute path part for node elem_5-edf8363aa982691a0cde845b1fb8664b960eda16364a3475455ed463bafaa176" NodeID=elem_5-edf8363aa982691a0cde845b1fb8664b960eda16364a3475455ed463bafaa176
time="2025-08-11T13:12:55+02:00" level=error msg="SetLiteral failed" AttemptedValue=1 ClientID=setup Error="cannot set literal value, conflict detected: elem_1-b5e3bb1069d28586b46c77819f5578bd201123083b4662c6288ce4392e5dd011" NodeID=elem_1-b5e3bb1069d28586b46c77819f5578bd201123083b4662c6288ce4392e5dd011
time="2025-08-11T13:12:55+02:00" level=warning msg="Failed to set literal value during merge" Error="SetLiteral failed: cannot set literal value, conflict detected: elem_1-b5e3bb1069d28586b46c77819f5578bd201123083b4662c6288ce4392e5dd011" NodeID=elem_1-b5e3bb1069d28586b46c77819f5578bd201123083b4662c6288ce4392e5dd011
time="2025-08-11T13:12:55+02:00" level=error msg="SetLiteral failed" AttemptedValue=1 ClientID=setup Error="cannot set literal value, conflict detected: elem_1-b5e3bb1069d28586b46c77819f5578bd201123083b4662c6288ce4392e5dd011" NodeID=elem_1-b5e3bb1069d28586b46c77819f5578bd201123083b4662c6288ce4392e5dd011
time="2025-08-11T13:12:55+02:00" level=warning msg="Failed to set literal value during merge" Error="SetLiteral failed: cannot set literal value, conflict detected: elem_1-b5e3bb1069d28586b46c77819f5578bd201123083b4662c6288ce4392e5dd011" NodeID=elem_1-b5e3bb1069d28586b46c77819f5578bd201123083b4662c6288ce4392e5dd011
time="2025-08-11T13:12:55+02:00" level=error msg="Failed to compute path for notifySubscribers" Error="could not compute path part for node elem_2-ef79a6fe8c1c27add0726778ae524191a60c3c6a63b6a0c44098bdcbffe53274" NodeID=elem_2-ef79a6fe8c1c27add0726778ae524191a60c3c6a63b6a0c44098bdcbffe53274
time="2025-08-11T13:12:55+02:00" level=error msg="Failed to compute path for notifySubscribers" Error="could not compute path part for node elem_3-20fe0b1feff7da8869b80ff35d6158839cb431455702bab8b0f8e88f197f9372" NodeID=elem_3-20fe0b1feff7da8869b80ff35d6158839cb431455702bab8b0f8e88f197f9372
time="2025-08-11T13:12:55+02:00" level=error msg="Failed to compute path for notifySubscribers" Error="could not compute path part for node elem_4-2b4d096fe445bb317770c280ff039c7bcc0c2d76f41b5a280e6a715887cdcaf4" NodeID=elem_4-2b4d096fe445bb317770c280ff039c7bcc0c2d76f41b5a280e6a715887cdcaf4
time="2025-08-11T13:12:55+02:00" level=error msg="Failed to compute path for notifySubscribers" Error="could not compute path part for node elem_5-edf8363aa982691a0cde845b1fb8664b960eda16364a3475455ed463bafaa176" NodeID=elem_5-edf8363aa982691a0cde845b1fb8664b960eda16364a3475455ed463bafaa176
    array_move_verification_test.go:124: FINAL CONVERGED STATES:
    array_logical_concurrency_test.go:344:   Tree1: [3@pos0, 2@pos1, 1@pos2, 4@pos3, 5@pos4]
    array_logical_concurrency_test.go:344:   Tree2: [2@pos1, 3@pos2, 1@pos3, 5@pos4, 4@pos5]
    array_logical_concurrency_test.go:344:   Tree3: [2@pos1, 3@pos2, 4@pos3, 1@pos4, 5@pos5]
    array_move_verification_test.go:141: 
        	Error Trace:	/home/caslun/github/synctree/pkg/crdt/array_move_verification_test.go:141
        	Error:      	Not equal: 
        	            	expected: "3"
        	            	actual  : "2"
        	            	
        	            	Diff:
        	            	--- Expected
        	            	+++ Actual
        	            	@@ -1 +1 @@
        	            	-3
        	            	+2
        	Test:       	TestArrayMoveVerification/move_element_1_to_different_positions_concurrently
        	Messages:   	Position 0 should have same value in tree1 and tree2
    array_move_verification_test.go:141: 
        	Error Trace:	/home/caslun/github/synctree/pkg/crdt/array_move_verification_test.go:141
        	Error:      	Not equal: 
        	            	expected: "2"
        	            	actual  : "3"
        	            	
        	            	Diff:
        	            	--- Expected
        	            	+++ Actual
        	            	@@ -1 +1 @@
        	            	-2
        	            	+3
        	Test:       	TestArrayMoveVerification/move_element_1_to_different_positions_concurrently
        	Messages:   	Position 1 should have same value in tree1 and tree2
    array_move_verification_test.go:143: 
        	Error Trace:	/home/caslun/github/synctree/pkg/crdt/array_move_verification_test.go:143
        	Error:      	Not equal: 
        	            	expected: "1"
        	            	actual  : "4"
        	            	
        	            	Diff:
        	            	--- Expected
        	            	+++ Actual
        	            	@@ -1 +1 @@
        	            	-1
        	            	+4
        	Test:       	TestArrayMoveVerification/move_element_1_to_different_positions_concurrently
        	Messages:   	Position 2 should have same value in tree2 and tree3
    array_move_verification_test.go:141: 
        	Error Trace:	/home/caslun/github/synctree/pkg/crdt/array_move_verification_test.go:141
        	Error:      	Not equal: 
        	            	expected: "4"
        	            	actual  : "5"
        	            	
        	            	Diff:
        	            	--- Expected
        	            	+++ Actual
        	            	@@ -1 +1 @@
        	            	-4
        	            	+5
        	Test:       	TestArrayMoveVerification/move_element_1_to_different_positions_concurrently
        	Messages:   	Position 3 should have same value in tree1 and tree2
    array_move_verification_test.go:143: 
        	Error Trace:	/home/caslun/github/synctree/pkg/crdt/array_move_verification_test.go:143
        	Error:      	Not equal: 
        	            	expected: "5"
        	            	actual  : "1"
        	            	
        	            	Diff:
        	            	--- Expected
        	            	+++ Actual
        	            	@@ -1 +1 @@
        	            	-5
        	            	+1
        	Test:       	TestArrayMoveVerification/move_element_1_to_different_positions_concurrently
        	Messages:   	Position 3 should have same value in tree2 and tree3
    array_move_verification_test.go:141: 
        	Error Trace:	/home/caslun/github/synctree/pkg/crdt/array_move_verification_test.go:141
        	Error:      	Not equal: 
        	            	expected: "5"
        	            	actual  : "4"
        	            	
        	            	Diff:
        	            	--- Expected
        	            	+++ Actual
        	            	@@ -1 +1 @@
        	            	-5
        	            	+4
        	Test:       	TestArrayMoveVerification/move_element_1_to_different_positions_concurrently
        	Messages:   	Position 4 should have same value in tree1 and tree2
    array_move_verification_test.go:143: 
        	Error Trace:	/home/caslun/github/synctree/pkg/crdt/array_move_verification_test.go:143
        	Error:      	Not equal: 
        	            	expected: "4"
        	            	actual  : "5"
        	            	
        	            	Diff:
        	            	--- Expected
        	            	+++ Actual
        	            	@@ -1 +1 @@
        	            	-4
        	            	+5
        	Test:       	TestArrayMoveVerification/move_element_1_to_different_positions_concurrently
        	Messages:   	Position 4 should have same value in tree2 and tree3
    array_move_verification_test.go:159: RESULT: Element '1' final position: 2
    array_move_verification_test.go:192: SUCCESS: Array move test completed
    array_move_verification_test.go:193:   - No element duplication occurred
    array_move_verification_test.go:194:   - All original elements preserved
    array_move_verification_test.go:195:   - All replicas converged to same final structure
--- FAIL: TestArrayMoveVerification (0.00s)
    --- FAIL: TestArrayMoveVerification/move_element_1_to_different_positions_concurrently (0.00s)
FAIL
FAIL	github.com/eislab-cps/synctree/pkg/crdt	0.005s
FAIL
